Archive member included because of file (symbol)

eobj/libbuild.a(build.o)      obj/astub.o (buildkeys)
eobj/libbuild.a(config.o)     obj/astub.o (loadsetup)
eobj/libengine.a(cache1d.o)   obj/astub.o (allocache)
eobj/libengine.a(compat.o)    obj/astub.o (Bgethomedir)
eobj/libengine.a(defs.o)      eobj/libbuild.a(build.o) (loaddefinitionsfile)
eobj/libengine.a(engine.o)    eobj/libengine.a(cache1d.o) (kmalloc)
eobj/libengine.a(kplib.o)     eobj/libengine.a(cache1d.o) (kzaddstack)
eobj/libengine.a(osd.o)       eobj/libbuild.a(build.o) (OSD_Printf)
eobj/libengine.a(pragmas.o)   eobj/libengine.a(engine.o) (qinterpolatedown16)
eobj/libengine.a(scriptfile.o)
                              eobj/libengine.a(defs.o) (scriptfile_gettoken)
eobj/libengine.a(sdlayer.o)   eobj/libbuild.a(build.o) (quitevent)
eobj/libengine.a(a-c.o)       eobj/libengine.a(engine.o) (setvlinebpl)
eobj/libengine.a(baselayer.o)
                              eobj/libengine.a(sdlayer.o) (baselayer_init)
eobj/libengine.a(engineinfo.o)
                              eobj/libengine.a(baselayer.o) (_engine_cflags)
/srv/preware/cross-compile/toolchain/arm-2007q3/bin/../lib/gcc/arm-none-linux-gnueabi/4.2.1/libgcc.a(_udivsi3.o)
                              eobj/libengine.a(sdlayer.o) (__aeabi_uidiv)
/srv/preware/cross-compile/toolchain/arm-2007q3/bin/../lib/gcc/arm-none-linux-gnueabi/4.2.1/libgcc.a(_divsi3.o)
                              obj/astub.o (__aeabi_idiv)
/srv/preware/cross-compile/toolchain/arm-2007q3/bin/../lib/gcc/arm-none-linux-gnueabi/4.2.1/libgcc.a(_arm_addsubdf3.o)
                              eobj/libengine.a(engine.o) (__aeabi_dadd)
/srv/preware/cross-compile/toolchain/arm-2007q3/bin/../lib/gcc/arm-none-linux-gnueabi/4.2.1/libgcc.a(_arm_muldivdf3.o)
                              eobj/libbuild.a(build.o) (__aeabi_dmul)
/srv/preware/cross-compile/toolchain/arm-2007q3/bin/../lib/gcc/arm-none-linux-gnueabi/4.2.1/libgcc.a(_arm_fixdfsi.o)
                              eobj/libbuild.a(build.o) (__aeabi_d2iz)
/srv/preware/cross-compile/toolchain/arm-2007q3/bin/../lib/gcc/arm-none-linux-gnueabi/4.2.1/libgcc.a(_arm_fixunsdfsi.o)
                              eobj/libengine.a(engine.o) (__aeabi_d2uiz)
/srv/preware/cross-compile/toolchain/arm-2007q3/bin/../lib/gcc/arm-none-linux-gnueabi/4.2.1/libgcc.a(_arm_truncdfsf2.o)
                              eobj/libengine.a(defs.o) (__aeabi_d2f)
/srv/preware/cross-compile/toolchain/arm-2007q3/bin/../lib/gcc/arm-none-linux-gnueabi/4.2.1/libgcc.a(_arm_addsubsf3.o)
                              eobj/libengine.a(engine.o) (__aeabi_i2f)
/srv/preware/cross-compile/toolchain/arm-2007q3/bin/../lib/gcc/arm-none-linux-gnueabi/4.2.1/libgcc.a(_aeabi_ldivmod.o)
                              eobj/libbuild.a(build.o) (__aeabi_ldivmod)
/srv/preware/cross-compile/toolchain/arm-2007q3/bin/../lib/gcc/arm-none-linux-gnueabi/4.2.1/libgcc.a(_dvmd_lnx.o)
                              /srv/preware/cross-compile/toolchain/arm-2007q3/bin/../lib/gcc/arm-none-linux-gnueabi/4.2.1/libgcc.a(_udivsi3.o) (__div0)
/srv/preware/cross-compile/toolchain/arm-2007q3/bin/../lib/gcc/arm-none-linux-gnueabi/4.2.1/libgcc.a(bpabi.o)
                              /srv/preware/cross-compile/toolchain/arm-2007q3/bin/../lib/gcc/arm-none-linux-gnueabi/4.2.1/libgcc.a(_aeabi_ldivmod.o) (__gnu_ldivmod_helper)
/srv/preware/cross-compile/toolchain/arm-2007q3/bin/../lib/gcc/arm-none-linux-gnueabi/4.2.1/libgcc.a(_divdi3.o)
                              /srv/preware/cross-compile/toolchain/arm-2007q3/bin/../lib/gcc/arm-none-linux-gnueabi/4.2.1/libgcc.a(bpabi.o) (__divdi3)
/srv/preware/cross-compile/toolchain/arm-2007q3/bin/../lib/gcc/arm-none-linux-gnueabi/4.2.1/libgcc.a(_udivdi3.o)
                              /srv/preware/cross-compile/toolchain/arm-2007q3/bin/../lib/gcc/arm-none-linux-gnueabi/4.2.1/libgcc.a(bpabi.o) (__udivdi3)
/srv/preware/cross-compile/toolchain/arm-2007q3/bin/../lib/gcc/arm-none-linux-gnueabi/4.2.1/libgcc.a(_clz.o)
                              /srv/preware/cross-compile/toolchain/arm-2007q3/bin/../lib/gcc/arm-none-linux-gnueabi/4.2.1/libgcc.a(_divdi3.o) (__clz_tab)
/usr/lib/libc_nonshared.a(elf-init.oS)
                              /srv/preware/cross-compile/toolchain/arm-2007q3/bin/../arm-none-linux-gnueabi/libc/usr/lib/crt1.o (__libc_csu_fini)
/usr/lib/libc_nonshared.a(atexit.oS)
                              eobj/libengine.a(osd.o) (atexit)
/usr/lib/libc_nonshared.a(stat.oS)
                              eobj/libengine.a(cache1d.o) (stat)
/usr/lib/libc_nonshared.a(fstat.oS)
                              eobj/libengine.a(compat.o) (fstat)

Allocating common symbols
Common symbol       size              file

globalbufplc        0x4               eobj/libengine.a(engine.o)
waloff              0x9000            eobj/libengine.a(engine.o)
xdimenscale         0x4               eobj/libengine.a(engine.o)
singlobalang        0x4               eobj/libengine.a(engine.o)
searchsector        0x2               eobj/libengine.a(engine.o)
[...]
Memory Configuration

Name             Origin             Length             Attributes
*default*        0x00000000         0xffffffff

Linker script and memory map

LOAD /srv/preware/cross-compile/toolchain/arm-2007q3/bin/../arm-none-linux-gnueabi/libc/usr/lib/crt1.o
LOAD /srv/preware/cross-compile/toolchain/arm-2007q3/bin/../arm-none-linux-gnueabi/libc/usr/lib/crti.o
LOAD /srv/preware/cross-compile/toolchain/arm-2007q3/bin/../lib/gcc/arm-none-linux-gnueabi/4.2.1/crtbegin.o
LOAD obj/astub.o
LOAD obj/build_icon.o
LOAD eobj/libbuild.a
LOAD eobj/libengine.a
LOAD /srv/preware/cross-compile/toolchain/arm-2007q3/arm-none-linux-gnueabi/libc/usr/lib/libm.so
LOAD /usr/local/lib/libSDL.so
LOAD /srv/preware/cross-compile/toolchain/arm-2007q3/arm-none-linux-gnueabi/libc/usr/lib/libpthread.so
START GROUP
LOAD /lib/libpthread.so.0
LOAD /usr/lib/libpthread_nonshared.a
END GROUP
LOAD /srv/preware/cross-compile/toolchain/arm-2007q3/bin/../lib/gcc/arm-none-linux-gnueabi/4.2.1/libgcc.a
LOAD /srv/preware/cross-compile/toolchain/arm-2007q3/arm-none-linux-gnueabi/libc/lib/libgcc_s.so
LOAD /srv/preware/cross-compile/toolchain/arm-2007q3/arm-none-linux-gnueabi/libc/usr/lib/libc.so
START GROUP
LOAD /lib/libc.so.6
LOAD /usr/lib/libc_nonshared.a
LOAD /lib/ld-linux.so.3
END GROUP
LOAD /srv/preware/cross-compile/toolchain/arm-2007q3/bin/../lib/gcc/arm-none-linux-gnueabi/4.2.1/libgcc.a
LOAD /srv/preware/cross-compile/toolchain/arm-2007q3/arm-none-linux-gnueabi/libc/lib/libgcc_s.so
LOAD /srv/preware/cross-compile/toolchain/arm-2007q3/bin/../lib/gcc/arm-none-linux-gnueabi/4.2.1/crtend.o
LOAD /srv/preware/cross-compile/toolchain/arm-2007q3/bin/../arm-none-linux-gnueabi/libc/usr/lib/crtn.o
                0x00008000                PROVIDE (__executable_start, 0x8000)
                0x00008134                . = (0x8000 + SIZEOF_HEADERS)

.interp         0x00008134       0x13
 *(.interp)
 .interp        0x00008134       0x13 /srv/preware/cross-compile/toolchain/arm-2007q3/bin/../arm-none-linux-gnueabi/libc/usr/lib/crti.o

.note.ABI-tag   0x00008148       0x20
 .note.ABI-tag  0x00008148       0x20 /srv/preware/cross-compile/toolchain/arm-2007q3/bin/../arm-none-linux-gnueabi/libc/usr/lib/crt1.o

.note.gnu.build-id
 *(.note.gnu.build-id)

.hash           0x00008168      0x370
 *(.hash)
 .hash          0x00008168      0x370 /srv/preware/cross-compile/toolchain/arm-2007q3/bin/../arm-none-linux-gnueabi/libc/usr/lib/crti.o

.gnu.hash
 *(.gnu.hash)

.dynsym         0x000084d8      0x790
 *(.dynsym)
 .dynsym        0x000084d8      0x790 /srv/preware/cross-compile/toolchain/arm-2007q3/bin/../arm-none-linux-gnueabi/libc/usr/lib/crti.o

.dynstr         0x00008c68      0x503
 *(.dynstr)
 .dynstr        0x00008c68      0x503 /srv/preware/cross-compile/toolchain/arm-2007q3/bin/../arm-none-linux-gnueabi/libc/usr/lib/crti.o

.gnu.version    0x0000916c       0xf2
 *(.gnu.version)
 .gnu.version   0x0000916c       0xf2 /srv/preware/cross-compile/toolchain/arm-2007q3/bin/../arm-none-linux-gnueabi/libc/usr/lib/crti.o

.gnu.version_d  0x00009260        0x0 load address 0x0000925e
 *(.gnu.version_d)
 .gnu.version_d
                0x00000000        0x0 /srv/preware/cross-compile/toolchain/arm-2007q3/bin/../arm-none-linux-gnueabi/libc/usr/lib/crti.o

.gnu.version_r  0x00009260       0x80
 *(.gnu.version_r)
 .gnu.version_r
                0x00009260       0x80 /srv/preware/cross-compile/toolchain/arm-2007q3/bin/../arm-none-linux-gnueabi/libc/usr/lib/crti.o

.rel.dyn        0x000092e0       0x10
 *(.rel.init)
 *(.rel.text .rel.text.* .rel.gnu.linkonce.t.*)
 *(.rel.fini)
 *(.rel.rodata .rel.rodata.* .rel.gnu.linkonce.r.*)
 *(.rel.data.rel.ro* .rel.gnu.linkonce.d.rel.ro.*)
 *(.rel.data .rel.data.* .rel.gnu.linkonce.d.*)
 *(.rel.tdata .rel.tdata.* .rel.gnu.linkonce.td.*)
 *(.rel.tbss .rel.tbss.* .rel.gnu.linkonce.tb.*)
 *(.rel.ctors)
 *(.rel.dtors)
 *(.rel.got)
 .rel.got       0x000092e0        0x8 /srv/preware/cross-compile/toolchain/arm-2007q3/bin/../arm-none-linux-gnueabi/libc/usr/lib/crti.o
 *(.rel.bss .rel.bss.* .rel.gnu.linkonce.b.*)
 .rel.bss       0x000092e8        0x8 /srv/preware/cross-compile/toolchain/arm-2007q3/bin/../arm-none-linux-gnueabi/libc/usr/lib/crti.o

.rela.dyn
 *(.rela.init)
 *(.rela.text .rela.text.* .rela.gnu.linkonce.t.*)
 *(.rela.fini)
 *(.rela.rodata .rela.rodata.* .rela.gnu.linkonce.r.*)
 *(.rela.data .rela.data.* .rela.gnu.linkonce.d.*)
 *(.rela.tdata .rela.tdata.* .rela.gnu.linkonce.td.*)
 *(.rela.tbss .rela.tbss.* .rela.gnu.linkonce.tb.*)
 *(.rela.ctors)
 *(.rela.dtors)
 *(.rela.got)
 *(.rela.bss .rela.bss.* .rela.gnu.linkonce.b.*)

.rel.plt        0x000092f0      0x348
 *(.rel.plt)
 .rel.plt       0x000092f0      0x348 /srv/preware/cross-compile/toolchain/arm-2007q3/bin/../arm-none-linux-gnueabi/libc/usr/lib/crti.o

.rela.plt
 *(.rela.plt)

.init           0x00009638        0xc
 *(.init)
 .init          0x00009638        0x8 /srv/preware/cross-compile/toolchain/arm-2007q3/bin/../arm-none-linux-gnueabi/libc/usr/lib/crti.o
                0x00009638                _init
 .init          0x00009640        0x4 /srv/preware/cross-compile/toolchain/arm-2007q3/bin/../arm-none-linux-gnueabi/libc/usr/lib/crtn.o

.plt            0x00009644      0x500
 *(.plt)
 .plt           0x00009644      0x500 /srv/preware/cross-compile/toolchain/arm-2007q3/bin/../arm-none-linux-gnueabi/libc/usr/lib/crti.o
                0x00009658                SDL_FreeSurface
                0x00009664                open@@GLIBC_2.4
                0x00009670                SDL_JoystickOpen
                0x0000967c                qsort@@GLIBC_2.4
                0x00009688                fileno@@GLIBC_2.4
                0x00009694                mkdir@@GLIBC_2.4
                0x000096a0                abort@@GLIBC_2.4
                0x000096ac                vprintf@@GLIBC_2.4
                0x000096b8                opendir@@GLIBC_2.4
                0x000096c4                sysconf@@GLIBC_2.4
                0x000096d0                getchar@@GLIBC_2.4
                0x000096dc                __xstat@@GLIBC_2.4
                0x000096e8                __libc_start_main@@GLIBC_2.4
                0x000096f4                SDL_JoystickName
                0x00009700                SDL_WM_SetCaption
                0x00009718                rewind@@GLIBC_2.4
                0x00009724                vsnprintf@@GLIBC_2.4
                0x00009730                vsprintf@@GLIBC_2.4
                0x0000973c                pow@@GLIBC_2.4
                0x00009748                SDL_ShowCursor
                0x00009754                strncpy@@GLIBC_2.4
                0x00009760                fclose@@GLIBC_2.4
                0x0000976c                fgets@@GLIBC_2.4
                0x00009778                getenv@@GLIBC_2.4
                0x00009784                strtod@@GLIBC_2.4
                0x00009790                strchr@@GLIBC_2.4
                0x0000979c                strcasecmp@@GLIBC_2.4
                0x000097a8                __cxa_atexit@@GLIBC_2.4
                0x000097b4                toupper@@GLIBC_2.4
                0x000097c0                calloc@@GLIBC_2.4
                0x000097cc                SDL_GetTicks
                0x000097d8                fopen@@GLIBC_2.4
                0x000097e4                SDL_UnlockSurface
                0x000097f0                SDL_SetColors
                0x000097fc                memset@@GLIBC_2.4
                0x00009808                SDL_PollEvent
                0x00009814                SDL_JoystickNumAxes
                0x00009820                SDL_InitSubSystem
                0x0000982c                SDL_LockSurface
                0x00009838                strrchr@@GLIBC_2.4
                0x00009844                SDL_VideoDriverName
                0x00009850                SDL_JoystickEventState
                0x0000985c                SDL_CreateRGBSurfaceFrom
                0x00009868                SDL_SetVideoMode
                0x00009874                SDL_NumJoysticks
                0x00009880                SDL_Linked_Version
                0x0000988c                free@@GLIBC_2.4
                0x00009898                read@@GLIBC_2.4
                0x000098a4                write@@GLIBC_2.4
                0x000098b0                SDL_JoystickNumButtons
                0x000098bc                fseek@@GLIBC_2.4
                0x000098c8                SDL_GetVideoInfo
                0x000098d4                SDL_Init
                0x000098e0                strlen@@GLIBC_2.4
                0x000098ec                strtoul@@GLIBC_2.4
                0x000098f8                SDL_SetPalette
                0x00009904                memcpy@@GLIBC_2.4
                0x00009910                feof@@GLIBC_2.4
                0x0000991c                ftell@@GLIBC_2.4
                0x00009928                strtol@@GLIBC_2.4
                0x00009934                strcpy@@GLIBC_2.4
                0x00009940                atol@@GLIBC_2.4
                0x0000994c                printf@@GLIBC_2.4
                0x00009958                raise@@GLIBC_2.4
                0x00009964                atoi@@GLIBC_2.4
                0x00009970                close@@GLIBC_2.4
                0x0000997c                fwrite@@GLIBC_2.4
                0x00009988                closedir@@GLIBC_2.4
                0x00009994                strncasecmp@@GLIBC_2.4
                0x000099a0                SDL_EnableKeyRepeat
                0x000099ac                setvbuf@@GLIBC_2.4
                0x000099b8                fprintf@@GLIBC_2.4
                0x000099c4                strdup@@GLIBC_2.4
                0x000099d0                malloc@@GLIBC_2.4
                0x000099dc                chdir@@GLIBC_2.4
                0x000099e8                SDL_WM_GrabInput
                0x000099f4                SDL_ListModes
                0x00009a00                fputc@@GLIBC_2.4
                0x00009a0c                getcwd@@GLIBC_2.4
                0x00009a18                strcat@@GLIBC_2.4
                0x00009a24                memmove@@GLIBC_2.4
                0x00009a30                puts@@GLIBC_2.4
                0x00009a3c                SDL_WM_SetIcon
                0x00009a48                SDL_Flip
                0x00009a54                SDL_Quit
                0x00009a60                SDL_GetKeyName
                0x00009a6c                lseek@@GLIBC_2.4
                0x00009a78                __fxstat@@GLIBC_2.4
                0x00009a84                vfprintf@@GLIBC_2.4
                0x00009a90                SDL_JoystickNumHats
                0x00009a9c                snprintf@@GLIBC_2.4
                0x00009aa8                SDL_JoystickClose
                0x00009ab4                fread@@GLIBC_2.4
                0x00009ac0                SDL_GetError
                0x00009acc                strncmp@@GLIBC_2.4
                0x00009ad8                realloc@@GLIBC_2.4
                0x00009ae4                readdir@@GLIBC_2.4
                0x00009af0                tolower@@GLIBC_2.4
                0x00009afc                strcmp@@GLIBC_2.4
                0x00009b08                exit@@GLIBC_2.4
                0x00009b14                __errno_location@@GLIBC_2.4
                0x00009b20                sprintf@@GLIBC_2.4
                0x00009b2c                fputs@@GLIBC_2.4
                0x00009b38                SDL_EnableUNICODE

.text           0x00009b48    0xa0400
 *(.text .stub .text.* .gnu.linkonce.t.*)
 .text          0x00009b48       0x38 /srv/preware/cross-compile/toolchain/arm-2007q3/bin/../arm-none-linux-gnueabi/libc/usr/lib/crt1.o
                0x00009b48                _start
 .text          0x00009b80       0x24 /srv/preware/cross-compile/toolchain/arm-2007q3/bin/../arm-none-linux-gnueabi/libc/usr/lib/crti.o
 .text          0x00009ba4       0x4c /srv/preware/cross-compile/toolchain/arm-2007q3/bin/../lib/gcc/arm-none-linux-gnueabi/4.2.1/crtbegin.o
 .text          0x00009bf0     0xce80 obj/astub.o
                0x00010a94                PrintStatus
                0x00015ad0                ActorMem
                0x0000a7d4                ExtGetWallCaption
                0x0000c1fc                TotalMem
                0x00010b38                SpriteName
                0x00016380                SetGAMEPalette
                0x000167c0                SearchSectorsBackward
                0x00016508                SearchSectorsForward
                0x000100b4                Show2dText
                0x0001597c                Ver
                0x00010c78                ReadPaletteTable
                0x000106c8                ExtShowSpriteData
                0x0000bd7c                ExtGetSpriteCaption
                0x0000a594                ExtPreSaveMap
                0x00010710                ExtEditSectorData
                0x0000cdc8                ExtShowSectorData
                0x000129a4                Keys2d
                0x00014744                ExtCheckKeys
                0x0000a424                putsprite
                0x0000e668                ExtShowWallData
                0x0000a5fc                ExtGetSectorCaption
                0x00009c04                ExtLoadMap
                0x000108ac                ExtEditSpriteData
                0x00014f74                faketimerhandler
                0x00016340                SetWATERPalette
                0x00010db4                Keys3d
                0x00010524                ShowHelpText
                0x0000a2d0                overwritesprite
                0x00013aec                ExtUnInit
                0x000163c0                kensetpalette
                0x00013c30                ExtAnalyzeSprites
                0x00016300                SetSLIMEPalette
                0x000102fc                Show3dText
                0x00013878                ExtInit
                0x00013b08                ExtPreCheckKeys
                0x00010be0                ReadGamePalette
                0x00009bf0                ExtPreLoadMap
                0x0000a5a8                ExtSaveMap
                0x00010758                ExtEditWallData
                0x000162c0                SetBOSS1Palette
 .text          0x00016a70        0x0 obj/build_icon.o
 .text          0x00016a70    0x3b440 eobj/libbuild.a(build.o)
                0x0004a9e4                getfilenames
                0x00016a70                clearkeys
                0x0004566c                getpoint
                0x0004d5b0                updatenumsprites
                0x000490f4                checksectorpointer
                0x000513a0                AlignWalls
                0x0004d680                copysector
                0x0002b9b0                changechar
                0x0005163c                AutoAlignWalls
                0x0004b3c4                menuselect
                0x00047dcc                deletepoint
                0x0004cd64                loadnames
                0x00050fcc                GetWallZPeg
                0x00049b40                fixrepeats
                0x0004883c                fixspritesectors
                0x0004bce0                fillsector
                0x00048288                deletesector
                0x00048d50                movewalls
                0x00045d1c                getpointhighlight
                0x00046454                checkautoinsert
                0x0004d2ac                printcoords16
                0x00047388                insertpoint
                0x0002d4ac                overheadeditor
                0x00017610                showmouse
                0x0004dc9c                showsectordata
                0x0004c5a4                whitelinescan
                0x0004a690                getnumber256
                0x000507cc                printmessage16
                0x00050ed8                initcrc
                0x0004a4ac                getnumber16
                0x0004a364                numloopsofsector
                0x0004b220                sortfilenames
                0x0004a904                clearfilenames
                0x0002bab0                gettile
                0x00046084                adjustmark
                0x0002cb7c                drawtilescreen
                0x0004e99c                showwalldata
                0x00016d0c                app_main
                0x00017724                editinput
                0x000509d4                getclosestpointonwall
                0x000508d0                printmessage256
                0x00049fd8                loopinside
                0x00050484                keytimerstuff
                0x0004f6fc                showspritedata
                0x00046ec0                flipwalls
                0x00045814                getlinehighlight
                0x00046808                clockdir
                0x00049ea8                clearmidstatbar16
 .text          0x00051eb0     0x117c eobj/libbuild.a(config.o)
                0x00052198                loadsetup
                0x00052d6c                writesetup
 .text          0x0005302c     0x45e0 eobj/libengine.a(cache1d.o)
                0x000531c8                allocache
                0x00054d0c                kopen4load
                0x00054480                initgroupfile
                0x000559fc                beginsearchgroup
                0x000564b8                dfread
                0x000568f0                dfwrite
                0x00054974                uninitsinglegroupfile
                0x000541c4                openfrompath
                0x00054bfc                uninitgroupfile
                0x00055408                klseek
                0x00055148                kread
                0x0005400c                addsearchpath
                0x00056d14                lzwcompress
                0x000530f8                initcache
                0x000558f4                kclose
                0x00054328                fopenfrompath
                0x00055638                kfilelength
                0x00053944                suckcache
                0x00053cd8                agecache
                0x00056078                kdfread
                0x00055e68                getsearchgroupnext
                0x0005725c                lzwuncompress
                0x000557a4                ktell
 .text          0x0005760c      0xcac eobj/libengine.a(compat.o)
                0x00057da4                Bstrtoken
                0x00057f28                Bwildmatch
                0x00057ab4                Bgetsystemdrives
                0x00057bd8                Breaddir
                0x0005760c                Bgethomedir
                0x000580d8                Bstrlwr
                0x00057b20                Bopendir
                0x00057664                Bcorrectfilename
                0x0005815c                Bstrupr
                0x000581e0                Bgetsysmemsize
                0x00057ad0                Bfilelength
                0x00057d64                Bclosedir
 .text          0x000582b8     0x1fc0 eobj/libengine.a(defs.o)
                0x0005a214                loaddefinitionsfile
 .text          0x0005a278    0x394e0 eobj/libengine.a(engine.o)
                0x0007f114                ksqrt
                0x00093700                setrollangle
                0x000906e8                draw2dgrid
                0x00092248                printext16
                0x00093650                screencapture
                0x0007eb40                inside
                0x00092448                printext256
                0x0008b77c                setviewtotile
                0x0007e4ac                clipinsidebox
                0x0008bea4                preparemirror
                0x0008b3e8                setpalettefadeclamps
                0x0008a050                rotatesprite
                0x00076af4                drawmasks
                0x0007c818                saveboard
                0x0008dfdc                loopnumofsector
                0x0008e150                setfirstwall
                0x0007e004                allocatepermanenttile
                0x0009371c                invalidatetile
                0x00075888                uninitengine
                0x0008cc60                getflorzofslope
                0x000884e4                getzrange
                0x00090a6c                draw2dscreen
                0x0008d0e8                getzsofslope
                0x0008c480                sectorofwall
                0x0007e87c                clipinsideboxline
                0x0007a634                loadboard
                0x0008f344                drawline16
                0x0007dcbc                loadtile
                0x00088438                getmousevalues
                0x00090628                clear2dscreen
                0x000902e4                qsetmode640480
                0x00082538                neartag
                0x0008ad54                setbrightness
                0x000901d0                qsetmode640350
                0x0007e1f4                copytilepiece
                0x0007792c                drawmapview
                0x0008da88                alignflorslope
                0x00093744                setpolymost2dview
                0x000832a4                dragpoint
                0x0007d150                nextpage
                0x0008b508                clearview
                0x000936c0                setrendermode
                0x00087d54                updatesector
                0x0008d53c                alignceilslope
                0x0008b65c                plotpixel
                0x000936e4                getrendermode
                0x0005a2e8                hicsetpalettetint
                0x0007f4bc                changespritesect
                0x0008bc9c                squarerotatetile
                0x0008ba34                setviewback
                0x00089f38                setaspect
                0x0005a278                kmalloc
                0x0008a018                flushperms
                0x00080154                hitscan
                0x0007f77c                nextsectorneighborz
                0x00087fcc                updatesectorz
                0x0005a350                hicsetskybox
                0x0007c7f4                loadmaphack
                0x0008b048                setpalettefade
                0x0008846c                krand
                0x0008b6f0                getpixel
                0x0005a37c                hicclearsubst
                0x0007d500                loadpics
                0x0005a3a4                polymost_drawtilescreen
                0x0008c238                completemirror
                0x0007f61c                changespritestat
                0x0007f480                deletesprite
                0x0007eea8                getangle
                0x0008abe0                setvgapalette
                0x0008fae8                drawcircle16
                0x0008a844                makepalookup
                0x0007f43c                insertsprite
                0x00075604                initengine
                0x00090440                qsetmodeany
                0x0005a320                hicsetsubsttex
                0x0007fafc                cansee
                0x0005a2a0                kfree
                0x000759c8                initspritelists
                0x0007cda4                setgamemode
                0x00083848                lastwall
                0x00092ef8                screencapture_pcx
                0x0008ec60                drawline256
                0x0007f140                krecip
                0x0007f168                setsprite
                0x00092644                screencapture_tga
                0x00089c64                setview
                0x0005a2c0                getkensmessagecrc
                0x000870dc                pushmove
                0x0008b5f8                clearallviews
                0x00075c74                drawrooms
                0x0008c744                getceilzofslope
                0x00088340                rotatepoint
                0x00083978                clipmove
 .text          0x00093758     0xb1e0 eobj/libengine.a(kplib.o)
                0x0009cc54                kzuninit
                0x0009e574                kzfilelength
                0x0009c214                kprender
                0x0009e5c0                kzseek
                0x0009ccb4                kzaddstack
                0x0009d1fc                kzopen
                0x0009e6c0                kztell
                0x0009e7f4                kpzload
                0x0009d850                kzread
                0x0009e7b8                kzclose
                0x0009d588                kzfindfile
                0x0009e70c                kzgetc
                0x0009d548                kzfindfilestart
                0x0009bc40                kpgetdim
                0x0009e758                kzeof
 .text          0x0009e938     0x3a5c eobj/libengine.a(osd.o)
                0x000a0f70                OSD_Printf
                0x000a1b98                OSD_RegisterVariable
                0x0009ee5c                osd_internal_validate_string
                0x0009f4bc                OSD_SetParameters
                0x0009f15c                OSD_Cleanup
                0x000a0944                OSD_ResizeDisplay
                0x000a1168                OSD_DispatchQueued
                0x0009f544                OSD_CaptureKey
                0x0009f278                OSD_SetLogFile
                0x0009f570                OSD_HandleKey
                0x000a18cc                OSD_RegisterFunction
                0x000a14a4                OSD_Dispatch
                0x0009f314                OSD_SetFunctions
                0x0009f1c4                OSD_Init
                0x0009eea4                osd_internal_validate_boolean
                0x000a0b70                OSD_ShowDisplay
                0x0009ee80                osd_internal_validate_integer
                0x000a0c10                OSD_Draw
 .text          0x000a2394      0x4bc eobj/libengine.a(pragmas.o)
                0x000a2740                copybufbyte
                0x000a251c                copybuf
                0x000a241c                qinterpolatedown16short
                0x000a25a4                swapbuf4
                0x000a24ac                clearbuf
                0x000a264c                clearbufbyte
                0x000a2394                qinterpolatedown16
                0x000a27c8                copybufreverse
 .text          0x000a2850     0x14ec eobj/libengine.a(scriptfile.o)
                0x000a3ab4                scriptfile_getsymbolvalue
                0x000a290c                scriptfile_gettoken
                0x000a2bf0                scriptfile_getdouble
                0x000a3ce0                scriptfile_clearsymbols
                0x000a2e68                scriptfile_getbraces
                0x000a38fc                scriptfile_close
                0x000a2d74                scriptfile_getsymbol
                0x000a37f0                scriptfile_fromstring
                0x000a3b98                scriptfile_addsymbolvalue
                0x000a36a8                scriptfile_fromfile
                0x000a2a14                scriptfile_getnumber
                0x000a3108                scriptfile_preparse
                0x000a2984                scriptfile_getstring
                0x000a3014                scriptfile_getlinum
 .text          0x000a3d3c     0x3038 eobj/libengine.a(sdlayer.o)
                0x000a4a04                uninitmouse
                0x000a4de0                getticks
                0x000a4df8                gettimerfreq
                0x000a4294                uninitsystem
                0x000a6570                setgamma
                0x000a3d3c                wm_msgbox
                0x000a4cec                sampletimer
                0x000a491c                setkeypresscallback
                0x000a6430                setpalette
                0x000a3e54                wm_setapptitle
                0x000a666c                handleevents
                0x000a4948                setmousepresscallback
                0x000a4bfc                inittimer
                0x000a6094                begindrawing
                0x000a4370                initinput
                0x000a4b18                readmousebstatus
                0x000a4974                setjoypresscallback
                0x000a4cb8                uninittimer
                0x000a46f0                getjoyname
                0x000a4be8                releaseallbuttons
                0x000a481c                bgetchar
                0x000a48a8                bkbhit
                0x000a42b0                initprintf
                0x000a432c                debugprintf
                0x000a49a0                initmouse
                0x000a3d94                wm_ynbox
                0x000a4f54                getvalidmodes
                0x000a5cdc                setvideomode
                0x000a6060                resetvideomode
                0x000a6298                enddrawing
                0x000a4a6c                readmousexy
                0x000a5984                checkvideomode
                0x000a3f00                initsystem
                0x000a4a4c                grabmouse
                0x000a63ac                showframe
                0x000a4b80                setjoydeadzone
                0x000a4690                getkeyname
                0x000a464c                uninitinput
                0x000a4e1c                installusertimercallback
                0x000a48e4                bflushchars
                0x000a4ba8                getjoydeadzone
                0x000a3ea4                main
 .text          0x000a6d74     0x13e4 eobj/libengine.a(a-c.o)
                0x000a7314                mvlineasm1
                0x000a71ec                setupvlineasm
                0x000a73f8                setuptvlineasm
                0x000a7084                slopevlin
                0x000a6df0                settransreverse
                0x000a7d84                tspritevline
                0x000a77c4                thline
                0x000a7fac                setupdrawslab
                0x000a6dcc                settransnormal
                0x000a7600                msethlineshift
                0x000a7424                tvlineasm1
                0x000a7784                tsethlineshift
                0x000a6ed4                hlineasm4
                0x000a7fec                drawslab
                0x000a6e94                setuphlineasm4
                0x000a7640                mhline
                0x000a7218                vlineasm1
                0x000a6da0                fixtransluscence
                0x000a80c0                stretchhline
                0x000a7bac                msetupspritevline
                0x000a8144                mmxoverlay
                0x000a72e8                setupmvlineasm
                0x000a7d1c                tsetupspritevline
                0x000a6d74                setvlinebpl
                0x000a7a50                setupspritevline
                0x000a7018                setupslopevlin
                0x000a6e68                setpalookupaddress
                0x000a7ab8                spritevline
                0x000a7c14                mspritevline
                0x000a6e14                sethlinesizes
 .text          0x000a8158      0x1b4 eobj/libengine.a(baselayer.o)
                0x000a82ac                baselayer_init
 .text          0x000a830c        0x0 eobj/libengine.a(engineinfo.o)
 .text          0x000a830c      0x208 /srv/preware/cross-compile/toolchain/arm-2007q3/bin/../lib/gcc/arm-none-linux-gnueabi/4.2.1/libgcc.a(_udivsi3.o)
                0x000a830c                __udivsi3
                0x000a830c                __aeabi_uidiv
                0x000a84fc                __aeabi_uidivmod
 .text          0x000a8514      0x238 /srv/preware/cross-compile/toolchain/arm-2007q3/bin/../lib/gcc/arm-none-linux-gnueabi/4.2.1/libgcc.a(_divsi3.o)
                0x000a8514                __divsi3
                0x000a8734                __aeabi_idivmod
                0x000a8514                __aeabi_idiv
 .text          0x000a874c      0x3b8 /srv/preware/cross-compile/toolchain/arm-2007q3/bin/../lib/gcc/arm-none-linux-gnueabi/4.2.1/libgcc.a(_arm_addsubdf3.o)
                0x000a8a90                __floatundidf
                0x000a8a28                __floatsidf
                0x000a8a04                __aeabi_ui2d
                0x000a8a28                __aeabi_i2d
                0x000a8a04                __floatunsidf
                0x000a8754                __subdf3
                0x000a8aa4                __floatdidf
                0x000a8758                __adddf3
                0x000a8aa4                __aeabi_l2d
                0x000a8a50                __aeabi_f2d
                0x000a8a90                __aeabi_ul2d
                0x000a874c                __aeabi_drsub
                0x000a8a50                __extendsfdf2
                0x000a8758                __aeabi_dadd
                0x000a8754                __aeabi_dsub
 .text          0x000a8b04      0x470 /srv/preware/cross-compile/toolchain/arm-2007q3/bin/../lib/gcc/arm-none-linux-gnueabi/4.2.1/libgcc.a(_arm_muldivdf3.o)
                0x000a8b04                __muldf3
                0x000a8d70                __divdf3
                0x000a8b04                __aeabi_dmul
                0x000a8d70                __aeabi_ddiv
 .text          0x000a8f74       0x5c /srv/preware/cross-compile/toolchain/arm-2007q3/bin/../lib/gcc/arm-none-linux-gnueabi/4.2.1/libgcc.a(_arm_fixdfsi.o)
                0x000a8f74                __fixdfsi
                0x000a8f74                __aeabi_d2iz
 .text          0x000a8fd0       0x54 /srv/preware/cross-compile/toolchain/arm-2007q3/bin/../lib/gcc/arm-none-linux-gnueabi/4.2.1/libgcc.a(_arm_fixunsdfsi.o)
                0x000a8fd0                __fixunsdfsi
                0x000a8fd0                __aeabi_d2uiz
 .text          0x000a9024       0xa0 /srv/preware/cross-compile/toolchain/arm-2007q3/bin/../lib/gcc/arm-none-linux-gnueabi/4.2.1/libgcc.a(_arm_truncdfsf2.o)
                0x000a9024                __aeabi_d2f
                0x000a9024                __truncdfsf2
 .text          0x000a90c4      0x250 /srv/preware/cross-compile/toolchain/arm-2007q3/bin/../lib/gcc/arm-none-linux-gnueabi/4.2.1/libgcc.a(_arm_addsubsf3.o)
                0x000a90d0                __aeabi_fadd
                0x000a9298                __aeabi_l2f
                0x000a9288                __aeabi_ul2f
                0x000a90cc                __subsf3
                0x000a9268                __floatsisf
                0x000a90d0                __addsf3
                0x000a90c4                __aeabi_frsub
                0x000a9298                __floatdisf
                0x000a90cc                __aeabi_fsub
                0x000a9260                __aeabi_ui2f
                0x000a9268                __aeabi_i2f
                0x000a9260                __floatunsisf
                0x000a9288                __floatundisf
 .text          0x000a9314       0x1c /srv/preware/cross-compile/toolchain/arm-2007q3/bin/../lib/gcc/arm-none-linux-gnueabi/4.2.1/libgcc.a(_aeabi_ldivmod.o)
                0x000a9314                __aeabi_ldivmod
 .text          0x000a9330       0x10 /srv/preware/cross-compile/toolchain/arm-2007q3/bin/../lib/gcc/arm-none-linux-gnueabi/4.2.1/libgcc.a(_dvmd_lnx.o)
                0x000a9330                __div0
 .text          0x000a9340       0x88 /srv/preware/cross-compile/toolchain/arm-2007q3/bin/../lib/gcc/arm-none-linux-gnueabi/4.2.1/libgcc.a(bpabi.o)
                0x000a9384                __gnu_ldivmod_helper
                0x000a9340                __gnu_uldivmod_helper
 .text          0x000a93c8      0x59c /srv/preware/cross-compile/toolchain/arm-2007q3/bin/../lib/gcc/arm-none-linux-gnueabi/4.2.1/libgcc.a(_divdi3.o)
                0x000a93c8                __divdi3
 .text          0x000a9964      0x530 /srv/preware/cross-compile/toolchain/arm-2007q3/bin/../lib/gcc/arm-none-linux-gnueabi/4.2.1/libgcc.a(_udivdi3.o)
                0x000a9964                __udivdi3
 .text          0x000a9e94        0x0 /srv/preware/cross-compile/toolchain/arm-2007q3/bin/../lib/gcc/arm-none-linux-gnueabi/4.2.1/libgcc.a(_clz.o)
 .text          0x000a9e94       0x6c /usr/lib/libc_nonshared.a(elf-init.oS)
                0x000a9e94                __libc_csu_fini
                0x000a9e98                __libc_csu_init
 .text          0x000a9f00       0x28 /usr/lib/libc_nonshared.a(atexit.oS)
                0x000a9f00                atexit
 .text          0x000a9f28       0x10 /usr/lib/libc_nonshared.a(stat.oS)
                0x000a9f28                __stat
                0x000a9f28                stat
 .text          0x000a9f38       0x10 /usr/lib/libc_nonshared.a(fstat.oS)
                0x000a9f38                __fstat
                0x000a9f38                fstat
 .text          0x000a9f48        0x0 /srv/preware/cross-compile/toolchain/arm-2007q3/bin/../lib/gcc/arm-none-linux-gnueabi/4.2.1/crtend.o
 .text          0x000a9f48        0x0 /srv/preware/cross-compile/toolchain/arm-2007q3/bin/../arm-none-linux-gnueabi/libc/usr/lib/crtn.o
 *(.text.*personality*)
 *(.gnu.warning)
 *(.glue_7t)
 .glue_7t       0x000a9f48        0x0 /srv/preware/cross-compile/toolchain/arm-2007q3/bin/../arm-none-linux-gnueabi/libc/usr/lib/crt1.o
 .glue_7t       0x000a9f48        0x0 /srv/preware/cross-compile/toolchain/arm-2007q3/bin/../arm-none-linux-gnueabi/libc/usr/lib/crti.o
 .glue_7t       0x000a9f48        0x0 /srv/preware/cross-compile/toolchain/arm-2007q3/bin/../lib/gcc/arm-none-linux-gnueabi/4.2.1/crtbegin.o
 .glue_7t       0x000a9f48        0x0 obj/astub.o
 .glue_7t       0x000a9f48        0x0 obj/build_icon.o
 .glue_7t       0x000a9f48        0x0 eobj/libbuild.a(build.o)
 .glue_7t       0x000a9f48        0x0 eobj/libbuild.a(config.o)
 .glue_7t       0x000a9f48        0x0 eobj/libengine.a(cache1d.o)
 .glue_7t       0x000a9f48        0x0 eobj/libengine.a(compat.o)
 .glue_7t       0x000a9f48        0x0 eobj/libengine.a(defs.o)
 .glue_7t       0x000a9f48        0x0 eobj/libengine.a(engine.o)
 .glue_7t       0x000a9f48        0x0 eobj/libengine.a(kplib.o)
 .glue_7t       0x000a9f48        0x0 eobj/libengine.a(osd.o)
 .glue_7t       0x000a9f48        0x0 eobj/libengine.a(pragmas.o)
 .glue_7t       0x000a9f48        0x0 eobj/libengine.a(scriptfile.o)
 .glue_7t       0x000a9f48        0x0 eobj/libengine.a(sdlayer.o)
 .glue_7t       0x000a9f48        0x0 eobj/libengine.a(a-c.o)
 .glue_7t       0x000a9f48        0x0 eobj/libengine.a(baselayer.o)
 .glue_7t       0x000a9f48        0x0 eobj/libengine.a(engineinfo.o)
 .glue_7t       0x000a9f48        0x0 /srv/preware/cross-compile/toolchain/arm-2007q3/arm-none-linux-gnueabi/libc/usr/lib/libm.so
 .glue_7t       0x000a9f48        0x0 /usr/local/lib/libSDL.so
 .glue_7t       0x000a9f48        0x0 /lib/libpthread.so.0
 .glue_7t       0x000a9f48        0x0 /srv/preware/cross-compile/toolchain/arm-2007q3/bin/../lib/gcc/arm-none-linux-gnueabi/4.2.1/libgcc.a(_udivsi3.o)
 .glue_7t       0x000a9f48        0x0 /srv/preware/cross-compile/toolchain/arm-2007q3/bin/../lib/gcc/arm-none-linux-gnueabi/4.2.1/libgcc.a(_divsi3.o)
 .glue_7t       0x000a9f48        0x0 /srv/preware/cross-compile/toolchain/arm-2007q3/bin/../lib/gcc/arm-none-linux-gnueabi/4.2.1/libgcc.a(_arm_addsubdf3.o)
 .glue_7t       0x000a9f48        0x0 /srv/preware/cross-compile/toolchain/arm-2007q3/bin/../lib/gcc/arm-none-linux-gnueabi/4.2.1/libgcc.a(_arm_muldivdf3.o)
 .glue_7t       0x000a9f48        0x0 /srv/preware/cross-compile/toolchain/arm-2007q3/bin/../lib/gcc/arm-none-linux-gnueabi/4.2.1/libgcc.a(_arm_fixdfsi.o)
 .glue_7t       0x000a9f48        0x0 /srv/preware/cross-compile/toolchain/arm-2007q3/bin/../lib/gcc/arm-none-linux-gnueabi/4.2.1/libgcc.a(_arm_fixunsdfsi.o)
 .glue_7t       0x000a9f48        0x0 /srv/preware/cross-compile/toolchain/arm-2007q3/bin/../lib/gcc/arm-none-linux-gnueabi/4.2.1/libgcc.a(_arm_truncdfsf2.o)
 .glue_7t       0x000a9f48        0x0 /srv/preware/cross-compile/toolchain/arm-2007q3/bin/../lib/gcc/arm-none-linux-gnueabi/4.2.1/libgcc.a(_arm_addsubsf3.o)
 .glue_7t       0x000a9f48        0x0 /srv/preware/cross-compile/toolchain/arm-2007q3/bin/../lib/gcc/arm-none-linux-gnueabi/4.2.1/libgcc.a(_aeabi_ldivmod.o)
 .glue_7t       0x000a9f48        0x0 /srv/preware/cross-compile/toolchain/arm-2007q3/bin/../lib/gcc/arm-none-linux-gnueabi/4.2.1/libgcc.a(_dvmd_lnx.o)
 .glue_7t       0x000a9f48        0x0 /srv/preware/cross-compile/toolchain/arm-2007q3/bin/../lib/gcc/arm-none-linux-gnueabi/4.2.1/libgcc.a(bpabi.o)
 .glue_7t       0x000a9f48        0x0 /srv/preware/cross-compile/toolchain/arm-2007q3/bin/../lib/gcc/arm-none-linux-gnueabi/4.2.1/libgcc.a(_divdi3.o)
 .glue_7t       0x000a9f48        0x0 /srv/preware/cross-compile/toolchain/arm-2007q3/bin/../lib/gcc/arm-none-linux-gnueabi/4.2.1/libgcc.a(_udivdi3.o)
 .glue_7t       0x000a9f48        0x0 /srv/preware/cross-compile/toolchain/arm-2007q3/bin/../lib/gcc/arm-none-linux-gnueabi/4.2.1/libgcc.a(_clz.o)
 .glue_7t       0x000a9f48        0x0 /srv/preware/cross-compile/toolchain/arm-2007q3/arm-none-linux-gnueabi/libc/lib/libgcc_s.so
 .glue_7t       0x000a9f48        0x0 /lib/libc.so.6
 .glue_7t       0x000a9f48        0x0 /usr/lib/libc_nonshared.a(elf-init.oS)
 .glue_7t       0x000a9f48        0x0 /usr/lib/libc_nonshared.a(atexit.oS)
 .glue_7t       0x000a9f48        0x0 /usr/lib/libc_nonshared.a(stat.oS)
 .glue_7t       0x000a9f48        0x0 /usr/lib/libc_nonshared.a(fstat.oS)
 .glue_7t       0x000a9f48        0x0 /lib/ld-linux.so.3
 .glue_7t       0x000a9f48        0x0 /srv/preware/cross-compile/toolchain/arm-2007q3/arm-none-linux-gnueabi/libc/lib/libgcc_s.so
 .glue_7t       0x000a9f48        0x0 /srv/preware/cross-compile/toolchain/arm-2007q3/bin/../lib/gcc/arm-none-linux-gnueabi/4.2.1/crtend.o
 .glue_7t       0x000a9f48        0x0 /srv/preware/cross-compile/toolchain/arm-2007q3/bin/../arm-none-linux-gnueabi/libc/usr/lib/crtn.o
 *(.glue_7)
 .glue_7        0x000a9f48        0x0 /srv/preware/cross-compile/toolchain/arm-2007q3/bin/../arm-none-linux-gnueabi/libc/usr/lib/crt1.o
 .glue_7        0x000a9f48        0x0 /srv/preware/cross-compile/toolchain/arm-2007q3/bin/../arm-none-linux-gnueabi/libc/usr/lib/crti.o
 .glue_7        0x000a9f48        0x0 /srv/preware/cross-compile/toolchain/arm-2007q3/bin/../lib/gcc/arm-none-linux-gnueabi/4.2.1/crtbegin.o
 .glue_7        0x000a9f48        0x0 obj/astub.o
 .glue_7        0x000a9f48        0x0 obj/build_icon.o
 .glue_7        0x000a9f48        0x0 eobj/libbuild.a(build.o)
 .glue_7        0x000a9f48        0x0 eobj/libbuild.a(config.o)
 .glue_7        0x000a9f48        0x0 eobj/libengine.a(cache1d.o)
 .glue_7        0x000a9f48        0x0 eobj/libengine.a(compat.o)
 .glue_7        0x000a9f48        0x0 eobj/libengine.a(defs.o)
 .glue_7        0x000a9f48        0x0 eobj/libengine.a(engine.o)
 .glue_7        0x000a9f48        0x0 eobj/libengine.a(kplib.o)
 .glue_7        0x000a9f48        0x0 eobj/libengine.a(osd.o)
 .glue_7        0x000a9f48        0x0 eobj/libengine.a(pragmas.o)
 .glue_7        0x000a9f48        0x0 eobj/libengine.a(scriptfile.o)
 .glue_7        0x000a9f48        0x0 eobj/libengine.a(sdlayer.o)
 .glue_7        0x000a9f48        0x0 eobj/libengine.a(a-c.o)
 .glue_7        0x000a9f48        0x0 eobj/libengine.a(baselayer.o)
 .glue_7        0x000a9f48        0x0 eobj/libengine.a(engineinfo.o)
 .glue_7        0x000a9f48        0x0 /srv/preware/cross-compile/toolchain/arm-2007q3/arm-none-linux-gnueabi/libc/usr/lib/libm.so
 .glue_7        0x000a9f48        0x0 /usr/local/lib/libSDL.so
 .glue_7        0x000a9f48        0x0 /lib/libpthread.so.0
 .glue_7        0x000a9f48        0x0 /srv/preware/cross-compile/toolchain/arm-2007q3/bin/../lib/gcc/arm-none-linux-gnueabi/4.2.1/libgcc.a(_udivsi3.o)
 .glue_7        0x000a9f48        0x0 /srv/preware/cross-compile/toolchain/arm-2007q3/bin/../lib/gcc/arm-none-linux-gnueabi/4.2.1/libgcc.a(_divsi3.o)
 .glue_7        0x000a9f48        0x0 /srv/preware/cross-compile/toolchain/arm-2007q3/bin/../lib/gcc/arm-none-linux-gnueabi/4.2.1/libgcc.a(_arm_addsubdf3.o)
 .glue_7        0x000a9f48        0x0 /srv/preware/cross-compile/toolchain/arm-2007q3/bin/../lib/gcc/arm-none-linux-gnueabi/4.2.1/libgcc.a(_arm_muldivdf3.o)
 .glue_7        0x000a9f48        0x0 /srv/preware/cross-compile/toolchain/arm-2007q3/bin/../lib/gcc/arm-none-linux-gnueabi/4.2.1/libgcc.a(_arm_fixdfsi.o)
 .glue_7        0x000a9f48        0x0 /srv/preware/cross-compile/toolchain/arm-2007q3/bin/../lib/gcc/arm-none-linux-gnueabi/4.2.1/libgcc.a(_arm_fixunsdfsi.o)
 .glue_7        0x000a9f48        0x0 /srv/preware/cross-compile/toolchain/arm-2007q3/bin/../lib/gcc/arm-none-linux-gnueabi/4.2.1/libgcc.a(_arm_truncdfsf2.o)
 .glue_7        0x000a9f48        0x0 /srv/preware/cross-compile/toolchain/arm-2007q3/bin/../lib/gcc/arm-none-linux-gnueabi/4.2.1/libgcc.a(_arm_addsubsf3.o)
 .glue_7        0x000a9f48        0x0 /srv/preware/cross-compile/toolchain/arm-2007q3/bin/../lib/gcc/arm-none-linux-gnueabi/4.2.1/libgcc.a(_aeabi_ldivmod.o)
 .glue_7        0x000a9f48        0x0 /srv/preware/cross-compile/toolchain/arm-2007q3/bin/../lib/gcc/arm-none-linux-gnueabi/4.2.1/libgcc.a(_dvmd_lnx.o)
 .glue_7        0x000a9f48        0x0 /srv/preware/cross-compile/toolchain/arm-2007q3/bin/../lib/gcc/arm-none-linux-gnueabi/4.2.1/libgcc.a(bpabi.o)
 .glue_7        0x000a9f48        0x0 /srv/preware/cross-compile/toolchain/arm-2007q3/bin/../lib/gcc/arm-none-linux-gnueabi/4.2.1/libgcc.a(_divdi3.o)
 .glue_7        0x000a9f48        0x0 /srv/preware/cross-compile/toolchain/arm-2007q3/bin/../lib/gcc/arm-none-linux-gnueabi/4.2.1/libgcc.a(_udivdi3.o)
 .glue_7        0x000a9f48        0x0 /srv/preware/cross-compile/toolchain/arm-2007q3/bin/../lib/gcc/arm-none-linux-gnueabi/4.2.1/libgcc.a(_clz.o)
 .glue_7        0x000a9f48        0x0 /srv/preware/cross-compile/toolchain/arm-2007q3/arm-none-linux-gnueabi/libc/lib/libgcc_s.so
 .glue_7        0x000a9f48        0x0 /lib/libc.so.6
 .glue_7        0x000a9f48        0x0 /usr/lib/libc_nonshared.a(elf-init.oS)
 .glue_7        0x000a9f48        0x0 /usr/lib/libc_nonshared.a(atexit.oS)
 .glue_7        0x000a9f48        0x0 /usr/lib/libc_nonshared.a(stat.oS)
 .glue_7        0x000a9f48        0x0 /usr/lib/libc_nonshared.a(fstat.oS)
 .glue_7        0x000a9f48        0x0 /lib/ld-linux.so.3
 .glue_7        0x000a9f48        0x0 /srv/preware/cross-compile/toolchain/arm-2007q3/arm-none-linux-gnueabi/libc/lib/libgcc_s.so
 .glue_7        0x000a9f48        0x0 /srv/preware/cross-compile/toolchain/arm-2007q3/bin/../lib/gcc/arm-none-linux-gnueabi/4.2.1/crtend.o
 .glue_7        0x000a9f48        0x0 /srv/preware/cross-compile/toolchain/arm-2007q3/bin/../arm-none-linux-gnueabi/libc/usr/lib/crtn.o
 *(.vfp11_veneer)
 .vfp11_veneer  0x000a9f48        0x0 /srv/preware/cross-compile/toolchain/arm-2007q3/bin/../arm-none-linux-gnueabi/libc/usr/lib/crt1.o
 .vfp11_veneer  0x000a9f48        0x0 /srv/preware/cross-compile/toolchain/arm-2007q3/bin/../arm-none-linux-gnueabi/libc/usr/lib/crti.o
 .vfp11_veneer  0x000a9f48        0x0 /srv/preware/cross-compile/toolchain/arm-2007q3/bin/../lib/gcc/arm-none-linux-gnueabi/4.2.1/crtbegin.o
 .vfp11_veneer  0x000a9f48        0x0 obj/astub.o
 .vfp11_veneer  0x000a9f48        0x0 obj/build_icon.o
 .vfp11_veneer  0x000a9f48        0x0 eobj/libbuild.a(build.o)
 .vfp11_veneer  0x000a9f48        0x0 eobj/libbuild.a(config.o)
 .vfp11_veneer  0x000a9f48        0x0 eobj/libengine.a(cache1d.o)
 .vfp11_veneer  0x000a9f48        0x0 eobj/libengine.a(compat.o)
 .vfp11_veneer  0x000a9f48        0x0 eobj/libengine.a(defs.o)
 .vfp11_veneer  0x000a9f48        0x0 eobj/libengine.a(engine.o)
 .vfp11_veneer  0x000a9f48        0x0 eobj/libengine.a(kplib.o)
 .vfp11_veneer  0x000a9f48        0x0 eobj/libengine.a(osd.o)
 .vfp11_veneer  0x000a9f48        0x0 eobj/libengine.a(pragmas.o)
 .vfp11_veneer  0x000a9f48        0x0 eobj/libengine.a(scriptfile.o)
 .vfp11_veneer  0x000a9f48        0x0 eobj/libengine.a(sdlayer.o)
 .vfp11_veneer  0x000a9f48        0x0 eobj/libengine.a(a-c.o)
 .vfp11_veneer  0x000a9f48        0x0 eobj/libengine.a(baselayer.o)
 .vfp11_veneer  0x000a9f48        0x0 eobj/libengine.a(engineinfo.o)
 .vfp11_veneer  0x000a9f48        0x0 /srv/preware/cross-compile/toolchain/arm-2007q3/arm-none-linux-gnueabi/libc/usr/lib/libm.so
 .vfp11_veneer  0x000a9f48        0x0 /usr/local/lib/libSDL.so
 .vfp11_veneer  0x000a9f48        0x0 /lib/libpthread.so.0
 .vfp11_veneer  0x000a9f48        0x0 /srv/preware/cross-compile/toolchain/arm-2007q3/bin/../lib/gcc/arm-none-linux-gnueabi/4.2.1/libgcc.a(_udivsi3.o)
 .vfp11_veneer  0x000a9f48        0x0 /srv/preware/cross-compile/toolchain/arm-2007q3/bin/../lib/gcc/arm-none-linux-gnueabi/4.2.1/libgcc.a(_divsi3.o)
 .vfp11_veneer  0x000a9f48        0x0 /srv/preware/cross-compile/toolchain/arm-2007q3/bin/../lib/gcc/arm-none-linux-gnueabi/4.2.1/libgcc.a(_arm_addsubdf3.o)
 .vfp11_veneer  0x000a9f48        0x0 /srv/preware/cross-compile/toolchain/arm-2007q3/bin/../lib/gcc/arm-none-linux-gnueabi/4.2.1/libgcc.a(_arm_muldivdf3.o)
 .vfp11_veneer  0x000a9f48        0x0 /srv/preware/cross-compile/toolchain/arm-2007q3/bin/../lib/gcc/arm-none-linux-gnueabi/4.2.1/libgcc.a(_arm_fixdfsi.o)
 .vfp11_veneer  0x000a9f48        0x0 /srv/preware/cross-compile/toolchain/arm-2007q3/bin/../lib/gcc/arm-none-linux-gnueabi/4.2.1/libgcc.a(_arm_fixunsdfsi.o)
 .vfp11_veneer  0x000a9f48        0x0 /srv/preware/cross-compile/toolchain/arm-2007q3/bin/../lib/gcc/arm-none-linux-gnueabi/4.2.1/libgcc.a(_arm_truncdfsf2.o)
 .vfp11_veneer  0x000a9f48        0x0 /srv/preware/cross-compile/toolchain/arm-2007q3/bin/../lib/gcc/arm-none-linux-gnueabi/4.2.1/libgcc.a(_arm_addsubsf3.o)
 .vfp11_veneer  0x000a9f48        0x0 /srv/preware/cross-compile/toolchain/arm-2007q3/bin/../lib/gcc/arm-none-linux-gnueabi/4.2.1/libgcc.a(_aeabi_ldivmod.o)
 .vfp11_veneer  0x000a9f48        0x0 /srv/preware/cross-compile/toolchain/arm-2007q3/bin/../lib/gcc/arm-none-linux-gnueabi/4.2.1/libgcc.a(_dvmd_lnx.o)
 .vfp11_veneer  0x000a9f48        0x0 /srv/preware/cross-compile/toolchain/arm-2007q3/bin/../lib/gcc/arm-none-linux-gnueabi/4.2.1/libgcc.a(bpabi.o)
 .vfp11_veneer  0x000a9f48        0x0 /srv/preware/cross-compile/toolchain/arm-2007q3/bin/../lib/gcc/arm-none-linux-gnueabi/4.2.1/libgcc.a(_divdi3.o)
 .vfp11_veneer  0x000a9f48        0x0 /srv/preware/cross-compile/toolchain/arm-2007q3/bin/../lib/gcc/arm-none-linux-gnueabi/4.2.1/libgcc.a(_udivdi3.o)
 .vfp11_veneer  0x000a9f48        0x0 /srv/preware/cross-compile/toolchain/arm-2007q3/bin/../lib/gcc/arm-none-linux-gnueabi/4.2.1/libgcc.a(_clz.o)
 .vfp11_veneer  0x000a9f48        0x0 /srv/preware/cross-compile/toolchain/arm-2007q3/arm-none-linux-gnueabi/libc/lib/libgcc_s.so
 .vfp11_veneer  0x000a9f48        0x0 /lib/libc.so.6
 .vfp11_veneer  0x000a9f48        0x0 /usr/lib/libc_nonshared.a(elf-init.oS)
 .vfp11_veneer  0x000a9f48        0x0 /usr/lib/libc_nonshared.a(atexit.oS)
 .vfp11_veneer  0x000a9f48        0x0 /usr/lib/libc_nonshared.a(stat.oS)
 .vfp11_veneer  0x000a9f48        0x0 /usr/lib/libc_nonshared.a(fstat.oS)
 .vfp11_veneer  0x000a9f48        0x0 /lib/ld-linux.so.3
 .vfp11_veneer  0x000a9f48        0x0 /srv/preware/cross-compile/toolchain/arm-2007q3/arm-none-linux-gnueabi/libc/lib/libgcc_s.so
 .vfp11_veneer  0x000a9f48        0x0 /srv/preware/cross-compile/toolchain/arm-2007q3/bin/../lib/gcc/arm-none-linux-gnueabi/4.2.1/crtend.o
 .vfp11_veneer  0x000a9f48        0x0 /srv/preware/cross-compile/toolchain/arm-2007q3/bin/../arm-none-linux-gnueabi/libc/usr/lib/crtn.o

.fini           0x000a9f48        0x8
 *(.fini)
 .fini          0x000a9f48        0x4 /srv/preware/cross-compile/toolchain/arm-2007q3/bin/../arm-none-linux-gnueabi/libc/usr/lib/crti.o
                0x000a9f48                _fini
 .fini          0x000a9f4c        0x4 /srv/preware/cross-compile/toolchain/arm-2007q3/bin/../arm-none-linux-gnueabi/libc/usr/lib/crtn.o
                0x000a9f50                PROVIDE (__etext, .)
                0x000a9f50                PROVIDE (_etext, .)
                0x000a9f50                PROVIDE (etext, .)

.rodata         0x000a9f50     0x431c
 *(.rodata .rodata.* .gnu.linkonce.r.*)
 .rodata.cst4   0x000a9f50        0x4 /srv/preware/cross-compile/toolchain/arm-2007q3/bin/../arm-none-linux-gnueabi/libc/usr/lib/crt1.o
                0x000a9f50                _IO_stdin_used
 .rodata        0x000a9f54      0xd2c obj/astub.o
 .rodata        0x000aac80      0xbc0 eobj/libbuild.a(build.o)
 .rodata        0x000ab840      0xcb0 eobj/libbuild.a(config.o)
 .rodata        0x000ac4f0      0x214 eobj/libengine.a(cache1d.o)
 .rodata        0x000ac704      0x124 eobj/libengine.a(compat.o)
 .rodata        0x000ac828      0x884 eobj/libengine.a(defs.o)
 .rodata        0x000ad0ac      0x164 eobj/libengine.a(engine.o)
 .rodata        0x000ad210       0x84 eobj/libengine.a(kplib.o)
 .rodata        0x000ad294      0x604 eobj/libengine.a(osd.o)
 .rodata        0x000ad898       0x20 eobj/libengine.a(pragmas.o)
 .rodata        0x000ad8b8       0xe0 eobj/libengine.a(scriptfile.o)
 .rodata        0x000ad998      0x4ac eobj/libengine.a(sdlayer.o)
 .rodata        0x000ade44      0x14c eobj/libengine.a(baselayer.o)
 .rodata        0x000adf90      0x1dc eobj/libengine.a(engineinfo.o)
                0x000adf90                _engine_cflags
                0x000ae130                _engine_compiler
                0x000ae0d0                _engine_uname
                0x000ae090                _engine_libs
                0x000ae154                _engine_date
 .rodata        0x000ae16c      0x100 /srv/preware/cross-compile/toolchain/arm-2007q3/bin/../lib/gcc/arm-none-linux-gnueabi/4.2.1/libgcc.a(_clz.o)
                0x000ae16c                __clz_tab

.rodata1
 *(.rodata1)

.ARM.extab      0x000ae26c        0x0
 *(.ARM.extab* .gnu.linkonce.armextab.*)
 .ARM.extab     0x000ae26c        0x0 /srv/preware/cross-compile/toolchain/arm-2007q3/bin/../arm-none-linux-gnueabi/libc/usr/lib/crt1.o
 .ARM.extab     0x000ae26c        0x0 /srv/preware/cross-compile/toolchain/arm-2007q3/bin/../lib/gcc/arm-none-linux-gnueabi/4.2.1/libgcc.a(_divdi3.o)
 .ARM.extab     0x000ae26c        0x0 /srv/preware/cross-compile/toolchain/arm-2007q3/bin/../lib/gcc/arm-none-linux-gnueabi/4.2.1/libgcc.a(_udivdi3.o)
                0x000ae26c                __exidx_start = .

.ARM.exidx      0x000ae26c       0x18
 *(.ARM.exidx* .gnu.linkonce.armexidx.*)
 .ARM.exidx     0x000ae26c        0x8 /srv/preware/cross-compile/toolchain/arm-2007q3/bin/../arm-none-linux-gnueabi/libc/usr/lib/crt1.o
 .ARM.exidx     0x000ae274        0x8 /srv/preware/cross-compile/toolchain/arm-2007q3/bin/../lib/gcc/arm-none-linux-gnueabi/4.2.1/libgcc.a(_divdi3.o)
 .ARM.exidx     0x000ae27c        0x8 /srv/preware/cross-compile/toolchain/arm-2007q3/bin/../lib/gcc/arm-none-linux-gnueabi/4.2.1/libgcc.a(_udivdi3.o)
                0x000ae284                __exidx_end = .

.eh_frame_hdr
 *(.eh_frame_hdr)

.eh_frame       0x000ae284        0x4
 *(.eh_frame)
 .eh_frame      0x000ae284        0x4 /srv/preware/cross-compile/toolchain/arm-2007q3/bin/../lib/gcc/arm-none-linux-gnueabi/4.2.1/crtend.o

.gcc_except_table
 *(.gcc_except_table .gcc_except_table.*)
                0x000ae288                . = (ALIGN (0x8000) - ((0x8000 - .) & 0x7fff))
                0x000b6288                . = (0x8000 DATA_SEGMENT_ALIGN 0x1000)

.eh_frame
 *(.eh_frame)

.gcc_except_table
 *(.gcc_except_table .gcc_except_table.*)

.tdata
 *(.tdata .tdata.* .gnu.linkonce.td.*)

.tbss
 *(.tbss .tbss.* .gnu.linkonce.tb.*)
 *(.tcommon)

.preinit_array  0x000b6288        0x0
                0x000b6288                PROVIDE (__preinit_array_start, .)
 *(.preinit_array)
                0x000b6288                PROVIDE (__preinit_array_end, .)

.init_array     0x000b6288        0x4
                0x000b6288                PROVIDE (__init_array_start, .)
 *(SORT(.init_array.*))
 *(.init_array)
 .init_array    0x000b6288        0x4 /srv/preware/cross-compile/toolchain/arm-2007q3/bin/../lib/gcc/arm-none-linux-gnueabi/4.2.1/crtbegin.o
                0x000b628c                PROVIDE (__init_array_end, .)

.fini_array     0x000b628c        0x4
                0x000b628c                PROVIDE (__fini_array_start, .)
 *(.fini_array)
 .fini_array    0x000b628c        0x4 /srv/preware/cross-compile/toolchain/arm-2007q3/bin/../lib/gcc/arm-none-linux-gnueabi/4.2.1/crtbegin.o
 *(SORT(.fini_array.*))
                0x000b6290                PROVIDE (__fini_array_end, .)

.ctors
 *crtbegin.o(.ctors)
 *crtbegin?.o(.ctors)
 *(EXCLUDE_FILE(*crtend?.o *crtend.o) .ctors)
 *(SORT(.ctors.*))
 *(.ctors)

.dtors
 *crtbegin.o(.dtors)
 *crtbegin?.o(.dtors)
 *(EXCLUDE_FILE(*crtend?.o *crtend.o) .dtors)
 *(SORT(.dtors.*))
 *(.dtors)

.jcr            0x000b6290        0x4
 *(.jcr)
 .jcr           0x000b6290        0x0 /srv/preware/cross-compile/toolchain/arm-2007q3/bin/../lib/gcc/arm-none-linux-gnueabi/4.2.1/crtbegin.o
 .jcr           0x000b6290        0x4 /srv/preware/cross-compile/toolchain/arm-2007q3/bin/../lib/gcc/arm-none-linux-gnueabi/4.2.1/crtend.o

.data.rel.ro
 *(.data.rel.ro.local* .gnu.linkonce.d.rel.ro.local.*)
 *(.data.rel.ro* .gnu.linkonce.d.rel.ro.*)

.dynamic        0x000b6294      0x110
 *(.dynamic)
 .dynamic       0x000b6294      0x110 /srv/preware/cross-compile/toolchain/arm-2007q3/bin/../arm-none-linux-gnueabi/libc/usr/lib/crti.o
                0x000b6294                _DYNAMIC
                0x000b63a4                . = (. DATA_SEGMENT_RELRO_END 0x0)

.got            0x000b63a4      0x1bc
 *(.got.plt)
 .got.plt       0x000b63a4      0x1b0 /srv/preware/cross-compile/toolchain/arm-2007q3/bin/../arm-none-linux-gnueabi/libc/usr/lib/crti.o
                0x000b63a4                _GLOBAL_OFFSET_TABLE_
 *(.got)
 .got           0x000b6554        0xc /srv/preware/cross-compile/toolchain/arm-2007q3/bin/../arm-none-linux-gnueabi/libc/usr/lib/crti.o

.data           0x000b6560     0x4964
                0x000b6560                __data_start = .
 *(.data .data.* .gnu.linkonce.d.*)
 .data          0x000b6560        0x4 /srv/preware/cross-compile/toolchain/arm-2007q3/bin/../arm-none-linux-gnueabi/libc/usr/lib/crt1.o
                0x000b6560                data_start
 .data          0x000b6564        0x0 /srv/preware/cross-compile/toolchain/arm-2007q3/bin/../arm-none-linux-gnueabi/libc/usr/lib/crti.o
 .data          0x000b6564        0x4 /srv/preware/cross-compile/toolchain/arm-2007q3/bin/../lib/gcc/arm-none-linux-gnueabi/4.2.1/crtbegin.o
                0x000b6564                __dso_handle
 .data          0x000b6568       0xf4 obj/astub.o
                0x000b6579                keys
                0x000b65b4                Mode32d
                0x000b65d0                SKILLMODE
                0x000b6655                skill
                0x000b6618                Help3d
                0x000b6590                Help2d
                0x000b6570                option
                0x000b65e4                ALPHABEASTLOADOMAGA1
                0x000b656c                defsfilename
                0x000b65f6                MinD
                0x000b6656                framerateon
                0x000b6568                Myname
                0x000b6658                startwin_labeltext
                0x000b65f4                MinRate
                0x000b65f8                Slow
 .data          0x000b665c     0x2818 obj/build_icon.o
                0x000b8e5c                sdlappicon
 .data          0x000b8e74      0x148 eobj/libbuild.a(build.o)
                0x000b8e74                buildkeys
                0x000b8ea0                zlock
                0x000b8ea8                grid
                0x000b8e9c                bppgame
                0x000b8e8c                xdim2d
                0x000b8e88                horiz
                0x000b8eba                somethingintab
                0x000b8eb8                highlightsectorcnt
                0x000b8e94                xdimgame
                0x000b8eac                showtags
                0x000b8e98                ydimgame
                0x000b8eb0                zoom
                0x000b8eb4                gettilezoom
                0x000b8eaa                gridlock
                0x000b8e90                ydim2d
                0x000b8ea4                kensplayerheight
 .data          0x000b8fbc       0x68 eobj/libbuild.a(config.o)
 .data          0x000b9024      0x21c eobj/libengine.a(cache1d.o)
 .data          0x000b9240        0x0 eobj/libengine.a(compat.o)
 .data          0x000b9240      0x308 eobj/libengine.a(defs.o)
 .data          0x000b9548     0x15e0 eobj/libengine.a(engine.o)
                0x000bab1c                clipmoveboxtracenum
                0x000bab20                drawlinepat
                0x000ba608                hitscangoaly
                0x000b95f0                textfont
                0x000b9568                pow2char
                0x000b954c                dommxoverlay
                0x000ba5f0                engineerrstr
                0x000b9570                pow2long
                0x000ba60c                vgapal16
                0x000b9564                mapversion
                0x000baa10                msens
                0x000baa0c                searchx
                0x000b9df0                smalltextfont
                0x000ba5f8                xdimen
                0x000b9550                beforedrawrooms
                0x000baa1c                apptitle
                0x000ba604                hitscangoalx
 .data          0x000bab28      0x190 eobj/libengine.a(kplib.o)
 .data          0x000bacb8       0x44 eobj/libengine.a(osd.o)
 .data          0x000bacfc        0x0 eobj/libengine.a(pragmas.o)
 .data          0x000bacfc        0x0 eobj/libengine.a(scriptfile.o)
 .data          0x000bacfc      0x1c4 eobj/libengine.a(sdlayer.o)
                0x000bad00                appactive
                0x000bad08                yres
                0x000bad04                xres
                0x000bacfc                _buildargc
                0x000bad0c                modechange
 .data          0x000baec0        0x0 eobj/libengine.a(a-c.o)
 .data          0x000baec0        0x4 eobj/libengine.a(baselayer.o)
                0x000baec0                baselayer_onvideomodechange
 .data          0x000baec4        0x0 eobj/libengine.a(engineinfo.o)
 .data          0x000baec4        0x0 /srv/preware/cross-compile/toolchain/arm-2007q3/bin/../lib/gcc/arm-none-linux-gnueabi/4.2.1/libgcc.a(_udivsi3.o)
 .data          0x000baec4        0x0 /srv/preware/cross-compile/toolchain/arm-2007q3/bin/../lib/gcc/arm-none-linux-gnueabi/4.2.1/libgcc.a(_divsi3.o)
 .data          0x000baec4        0x0 /srv/preware/cross-compile/toolchain/arm-2007q3/bin/../lib/gcc/arm-none-linux-gnueabi/4.2.1/libgcc.a(_arm_addsubdf3.o)
 .data          0x000baec4        0x0 /srv/preware/cross-compile/toolchain/arm-2007q3/bin/../lib/gcc/arm-none-linux-gnueabi/4.2.1/libgcc.a(_arm_muldivdf3.o)
 .data          0x000baec4        0x0 /srv/preware/cross-compile/toolchain/arm-2007q3/bin/../lib/gcc/arm-none-linux-gnueabi/4.2.1/libgcc.a(_arm_fixdfsi.o)
 .data          0x000baec4        0x0 /srv/preware/cross-compile/toolchain/arm-2007q3/bin/../lib/gcc/arm-none-linux-gnueabi/4.2.1/libgcc.a(_arm_fixunsdfsi.o)
 .data          0x000baec4        0x0 /srv/preware/cross-compile/toolchain/arm-2007q3/bin/../lib/gcc/arm-none-linux-gnueabi/4.2.1/libgcc.a(_arm_truncdfsf2.o)
 .data          0x000baec4        0x0 /srv/preware/cross-compile/toolchain/arm-2007q3/bin/../lib/gcc/arm-none-linux-gnueabi/4.2.1/libgcc.a(_arm_addsubsf3.o)
 .data          0x000baec4        0x0 /srv/preware/cross-compile/toolchain/arm-2007q3/bin/../lib/gcc/arm-none-linux-gnueabi/4.2.1/libgcc.a(_aeabi_ldivmod.o)
 .data          0x000baec4        0x0 /srv/preware/cross-compile/toolchain/arm-2007q3/bin/../lib/gcc/arm-none-linux-gnueabi/4.2.1/libgcc.a(_dvmd_lnx.o)
 .data          0x000baec4        0x0 /srv/preware/cross-compile/toolchain/arm-2007q3/bin/../lib/gcc/arm-none-linux-gnueabi/4.2.1/libgcc.a(bpabi.o)
 .data          0x000baec4        0x0 /srv/preware/cross-compile/toolchain/arm-2007q3/bin/../lib/gcc/arm-none-linux-gnueabi/4.2.1/libgcc.a(_divdi3.o)
 .data          0x000baec4        0x0 /srv/preware/cross-compile/toolchain/arm-2007q3/bin/../lib/gcc/arm-none-linux-gnueabi/4.2.1/libgcc.a(_udivdi3.o)
 .data          0x000baec4        0x0 /srv/preware/cross-compile/toolchain/arm-2007q3/bin/../lib/gcc/arm-none-linux-gnueabi/4.2.1/libgcc.a(_clz.o)
 .data          0x000baec4        0x0 /usr/lib/libc_nonshared.a(elf-init.oS)
 .data          0x000baec4        0x0 /usr/lib/libc_nonshared.a(atexit.oS)
 .data          0x000baec4        0x0 /usr/lib/libc_nonshared.a(stat.oS)
 .data          0x000baec4        0x0 /usr/lib/libc_nonshared.a(fstat.oS)
 .data          0x000baec4        0x0 /srv/preware/cross-compile/toolchain/arm-2007q3/bin/../lib/gcc/arm-none-linux-gnueabi/4.2.1/crtend.o
 .data          0x000baec4        0x0 /srv/preware/cross-compile/toolchain/arm-2007q3/bin/../arm-none-linux-gnueabi/libc/usr/lib/crtn.o
 *(.gnu.linkonce.d.*personality*)

.data1
 *(.data1)
                0x000baec4                _edata = .
                0x000baec4                PROVIDE (edata, .)
                0x000baec4                __bss_start = .
                0x000baec4                __bss_start__ = .

.bss            0x000baec8   0x37fe00
 *(.dynbss)
 *fill*         0x000baec8        0x0 00
 .dynbss        0x000baec8        0x4 /srv/preware/cross-compile/toolchain/arm-2007q3/bin/../arm-none-linux-gnueabi/libc/usr/lib/crti.o
                0x000baec8                stderr@@GLIBC_2.4
 *(.bss .bss.* .gnu.linkonce.b.*)
 .bss           0x000baecc        0x0 /srv/preware/cross-compile/toolchain/arm-2007q3/bin/../arm-none-linux-gnueabi/libc/usr/lib/crt1.o
 .bss           0x000baecc        0x0 /srv/preware/cross-compile/toolchain/arm-2007q3/bin/../arm-none-linux-gnueabi/libc/usr/lib/crti.o
 .bss           0x000baecc        0x1 /srv/preware/cross-compile/toolchain/arm-2007q3/bin/../lib/gcc/arm-none-linux-gnueabi/4.2.1/crtbegin.o
 *fill*         0x000baecd        0x3 00
 .bss           0x000baed0    0x204a0 obj/astub.o
                0x000baed8                intro
                0x000baed4                nosprites
                0x000baed5                purpleon
                0x000baed0                nextvoxid
                0x000baed6                tabgraphic
 .bss           0x000db370        0x0 obj/build_icon.o
 .bss           0x000db370     0xd064 eobj/libbuild.a(build.o)
                0x000db37a                asksave
                0x000db378                defaultspritecstat
                0x000db370                brightness
                0x000db374                zmode
 .bss           0x000e83d4        0x0 eobj/libbuild.a(config.o)
 .bss           0x000e83d4     0x45f0 eobj/libengine.a(cache1d.o)
                0x000e83d8                zerochar
                0x000e83e0                cacnum
                0x000e83dc                cachestart
                0x000e83e4                agecount
                0x000e83d4                cachecount
 .bss           0x000ec9c4        0x0 eobj/libengine.a(compat.o)
 .bss           0x000ec9c4        0x4 eobj/libengine.a(defs.o)
 .bss           0x000ec9c8    0xa32c4 eobj/libengine.a(engine.o)
                0x000ec9d0                cachesize
                0x000ec9e8                palfadedelta
                0x000ec9e4                palfadeclamp
                0x000ec9cc                artsize
                0x000ec9d8                transluc
                0x000ec9dc                paletteloaded
                0x000ec9c8                pic
                0x000ec9de                editstatus
                0x000ec9d4                qsetmode
                0x000ec9e9                cachedebug
                0x000ec9e0                palfadergb
 .bss           0x0018fc8c    0x3e77c eobj/libengine.a(kplib.o)
 .bss           0x001ce408     0xc4b0 eobj/libengine.a(osd.o)
 .bss           0x001da8b8        0x0 eobj/libengine.a(pragmas.o)
 .bss           0x001da8b8        0xc eobj/libengine.a(scriptfile.o)
 .bss           0x001da8c4     0x1eb4 eobj/libengine.a(sdlayer.o)
                0x001da8c8                quitevent
                0x001da8e8                mouseb
                0x001da8f9                joynumaxes
                0x001da8e4                mousey
                0x001da8d4                frameplace
                0x001da8fb                joynumhats
                0x001da904                mousepresscallback
                0x001da8df                inputdevices
                0x001da8cc                bpp
                0x001da8f4                joyhat
                0x001da8e0                mousex
                0x001da8de                nofog
                0x001da8fc                joyaxespresent
                0x001da8d8                lockcount
                0x001da8f0                joyb
                0x001da8d0                fullscreen
                0x001da8c4                _buildargv
                0x001da8f8                joyisgamepad
                0x001da8dd                videomodereset
                0x001da8fa                joynumbuttons
                0x001da908                joypresscallback
                0x001da8dc                offscreenrendering
                0x001da8ec                joyaxis
                0x001da900                keypresscallback
 .bss           0x001dc778       0x2c eobj/libengine.a(a-c.o)
 .bss           0x001dc7a4        0x0 eobj/libengine.a(baselayer.o)
 .bss           0x001dc7a4        0x0 eobj/libengine.a(engineinfo.o)
 .bss           0x001dc7a4        0x0 /srv/preware/cross-compile/toolchain/arm-2007q3/bin/../lib/gcc/arm-none-linux-gnueabi/4.2.1/libgcc.a(_udivsi3.o)
 .bss           0x001dc7a4        0x0 /srv/preware/cross-compile/toolchain/arm-2007q3/bin/../lib/gcc/arm-none-linux-gnueabi/4.2.1/libgcc.a(_divsi3.o)
 .bss           0x001dc7a4        0x0 /srv/preware/cross-compile/toolchain/arm-2007q3/bin/../lib/gcc/arm-none-linux-gnueabi/4.2.1/libgcc.a(_arm_addsubdf3.o)
 .bss           0x001dc7a4        0x0 /srv/preware/cross-compile/toolchain/arm-2007q3/bin/../lib/gcc/arm-none-linux-gnueabi/4.2.1/libgcc.a(_arm_muldivdf3.o)
 .bss           0x001dc7a4        0x0 /srv/preware/cross-compile/toolchain/arm-2007q3/bin/../lib/gcc/arm-none-linux-gnueabi/4.2.1/libgcc.a(_arm_fixdfsi.o)
 .bss           0x001dc7a4        0x0 /srv/preware/cross-compile/toolchain/arm-2007q3/bin/../lib/gcc/arm-none-linux-gnueabi/4.2.1/libgcc.a(_arm_fixunsdfsi.o)
 .bss           0x001dc7a4        0x0 /srv/preware/cross-compile/toolchain/arm-2007q3/bin/../lib/gcc/arm-none-linux-gnueabi/4.2.1/libgcc.a(_arm_truncdfsf2.o)
 .bss           0x001dc7a4        0x0 /srv/preware/cross-compile/toolchain/arm-2007q3/bin/../lib/gcc/arm-none-linux-gnueabi/4.2.1/libgcc.a(_arm_addsubsf3.o)
 .bss           0x001dc7a4        0x0 /srv/preware/cross-compile/toolchain/arm-2007q3/bin/../lib/gcc/arm-none-linux-gnueabi/4.2.1/libgcc.a(_aeabi_ldivmod.o)
 .bss           0x001dc7a4        0x0 /srv/preware/cross-compile/toolchain/arm-2007q3/bin/../lib/gcc/arm-none-linux-gnueabi/4.2.1/libgcc.a(_dvmd_lnx.o)
 .bss           0x001dc7a4        0x0 /srv/preware/cross-compile/toolchain/arm-2007q3/bin/../lib/gcc/arm-none-linux-gnueabi/4.2.1/libgcc.a(bpabi.o)
 .bss           0x001dc7a4        0x0 /srv/preware/cross-compile/toolchain/arm-2007q3/bin/../lib/gcc/arm-none-linux-gnueabi/4.2.1/libgcc.a(_divdi3.o)
 .bss           0x001dc7a4        0x0 /srv/preware/cross-compile/toolchain/arm-2007q3/bin/../lib/gcc/arm-none-linux-gnueabi/4.2.1/libgcc.a(_udivdi3.o)
 .bss           0x001dc7a4        0x0 /srv/preware/cross-compile/toolchain/arm-2007q3/bin/../lib/gcc/arm-none-linux-gnueabi/4.2.1/libgcc.a(_clz.o)
 .bss           0x001dc7a4        0x0 /usr/lib/libc_nonshared.a(elf-init.oS)
 .bss           0x001dc7a4        0x0 /usr/lib/libc_nonshared.a(atexit.oS)
 .bss           0x001dc7a4        0x0 /usr/lib/libc_nonshared.a(stat.oS)
 .bss           0x001dc7a4        0x0 /usr/lib/libc_nonshared.a(fstat.oS)
 .bss           0x001dc7a4        0x0 /srv/preware/cross-compile/toolchain/arm-2007q3/bin/../lib/gcc/arm-none-linux-gnueabi/4.2.1/crtend.o
 .bss           0x001dc7a4        0x0 /srv/preware/cross-compile/toolchain/arm-2007q3/bin/../arm-none-linux-gnueabi/libc/usr/lib/crtn.o
 *(COMMON)
 COMMON         0x001dc7a4     0x121c obj/astub.o
                0x001dc7a4                xoldtimerhandler
                0x001dc7a8                mousxplc
                0x001dc7ac                yvel
                0x001dc7b0                timoff
                0x001dc7b4                BOSS1palette
                0x001dcab4                REALMSpalette
                0x001dcdb4                SLIMEpalette
                0x001dd0b4                WATERpalette
                0x001dd3b4                GAMEpalette
                0x001dd6b4                mousyplc
                0x001dd6b8                ppointhighlight
                0x001dd6bc                TITLEpalette
                0x001dd9bc                xvel
 COMMON         0x001dd9c0    0x43440 eobj/libbuild.a(build.o)
                0x001dd9c0                tempbuf
                0x001de9c0                names
                0x00216dc0                tempextra
                0x00216dc2                tempcstat
                0x00216dc4                highlight
                0x0021edc4                temphitag
                0x0021edc6                templotag
                0x0021edc8                vel
                0x0021edcc                tempvis
                0x0021edd0                posz
                0x0021edd4                cursectnum
                0x0021edd8                numsprites
                0x0021eddc                temppicnum
                0x0021edde                tempyrepeat
                0x0021eddf                tempshade
                0x0021ede0                posy
                0x0021ede4                temppal
                0x0021ede5                tempxrepeat
                0x0021ede8                hvel
                0x0021edec                highlightsector
                0x00220dec                whitecol
                0x00220df0                svel
                0x00220df4                ang
                0x00220df8                posx
                0x00220dfc                angvel
 COMMON         0x00220e00    0x1b000 eobj/libengine.a(cache1d.o)
                0x00220e00                cac
 COMMON         0x0023be00   0x1fe930 eobj/libengine.a(engine.o)
                0x0023be00                globalbufplc
                0x0023be04                waloff
                0x00244e04                xdimenscale
                0x00244e08                singlobalang
                0x00244e0c                searchsector
                0x00244e10                validmode
                0x00245e10                dplc
                0x00246a90                prevspritestat
                0x0024ea90                numsectors
                0x0024ea92                globalpicnum
                0x0024ea94                asm4
                0x0024ea98                palookupoffse
                0x0024eaa8                globalyscale
                0x0024eaac                fpuasm
                0x0024eab0                halfxdimen
                0x0024eab4                ydim
                0x0024eab8                vplce
                0x0024eac8                globaldclip
                0x0024eacc                globalx1
                0x0024ead0                parallaxyoffs
                0x0024ead4                ydimen
                0x0024ead8                wy2
                0x0024eadc                curpalettefaded
                0x0024eedc                sector
                0x00276edc                searchit
                0x00276ede                tilefilenum
                0x002792e0                globaly2
                0x002792e4                globalpalwritten
                0x002792e8                globalx
                0x002792ec                parallaxyscale
                0x002792f0                xdim
                0x002792f4                picanm
                0x002822f4                globalshade
                0x002822f8                picsiz
                0x002846f8                tilesizx
                0x00288ef8                captureformat
                0x00288efc                globalz
                0x00288f00                startposx
                0x00288f04                slopalookup
                0x00298f04                globalposy
                0x00298f08                totalclock
                0x00298f0c                midydim16
                0x00298f10                xdimscale
                0x00298f14                globalorientation
                0x00298f18                ebpbak
                0x00298f1c                asm1
                0x00298f20                startumost
                0x00299ba0                dmost
                0x0029a820                globalvisibility
                0x0029a824                automapping
                0x0029a828                globalxpanning
                0x0029a82c                globalx2
                0x0029a830                lastageclock
                0x0029a834                pointhighlight
                0x0029a838                wy1
                0x0029a83c                nextspritestat
                0x002a283c                pskyoff
                0x002a2a3c                randomseed
                0x002a2a40                globaly3
                0x002a2a44                globaluclip
                0x002a2a48                bufplce
                0x002a2a58                wx2
                0x002a2a5c                startdmost
                0x002a36dc                globalyshift
                0x002a36e0                tilefileoffs
                0x002ac6e0                showinvisibility
                0x002ac6e4                globalypanning
                0x002ac6e8                visibility
                0x002ac6ec                viewingrange
                0x002ac6f0                globalposz
                0x002ac6f4                numscans
                0x002ac6f6                globalang
                0x002ac6f8                xdimenrecip
                0x002ac6fc                show2dsector
                0x002ac8fc                searchstat
                0x002ac900                globalhisibility
                0x002ac904                globalcursectnum
                0x002ac908                ydim16
                0x002ac90c                windowy2
                0x002ac910                asm2
                0x002ac914                espbak
                0x002ac918                parallaxtype
                0x002ac91c                guniqhudid
                0x002ac920                startposz
                0x002ac924                numframes
                0x002ac928                frameoffset
                0x002ac92c                palette
                0x002acc2c                validmodecnt
                0x002acc30                numpalookups
                0x002acc32                numhits
                0x002acc34                halfxdim16
                0x002acc38                sinviewingrangeglobalang
                0x002acc3c                globalx3
                0x002acc40                windowx2
                0x002acc44                reciptable
                0x002aec44                globalcisibility
                0x002aec48                globalzx
                0x002aec4c                spriteext
                0x002df84c                xyaspect
                0x002df850                numbunches
                0x002df852                headspritestat
                0x002e0054                yxaspect
                0x002e0058                show2dsprite
                0x002e0858                gotpic
                0x002e0cd8                tsprite
                0x002ebcd8                britable
                0x002eccd8                nextspritesect
                0x002f4cd8                show2dwall
                0x002f54d8                globparaceilclip
                0x002f54d9                globparaflorclip
                0x002f54da                sintable
                0x002f64dc                globalzd
                0x002f64e0                headspritesect
                0x002f84e2                uplc
                0x002f9162                numwalls
                0x002f9164                viewingrangerecip
                0x002f9168                cosglobalang
                0x002f916c                globalxshift
                0x002f9170                wx1
                0x002f9174                globvis
                0x002f9178                parallaxvisibility
                0x002f917c                palookup
                0x002f957c                asm3
                0x002f9580                windowy1
                0x002f9584                gotsector
                0x002f9784                prevspritesect
                0x00301784                curpalette
                0x00301b84                umost
                0x00302804                startposy
                0x00302808                numpages
                0x0030280c                highlightcnt
                0x0030280e                linehighlight
                0x00302810                startang
                0x00302814                globalhoriz
                0x00302818                cosviewingrangeglobalang
                0x0030281c                windowx1
                0x00302820                globalshiftval
                0x00302824                spritesortcnt
                0x00302828                artversion
                0x0030282c                pageoffset
                0x00302830                walock
                0x00304c30                searchwall
                0x00304c34                globalpisibility
                0x00304c38                wall
                0x00384c38                globalposx
                0x00384c3c                startsectnum
                0x00384c40                numtiles
                0x00384c44                globaly
                0x00384c48                searchy
                0x00384c4c                pskybits
                0x00384c50                globalpal
                0x00384c54                totalclocklock
                0x00384c58                globaly1
                0x00384c5c                sprite
                0x00434c5c                ylookup
                0x00435f20                vince
                0x00435f30                tilesizy
 COMMON         0x0043a730      0x406 eobj/libengine.a(kplib.o)
                0x0043a730                paleng
                0x0043a734                palcol
                0x0043ab34                coltype
                0x0043ab35                bitdepth
 *fill*         0x0043ab36        0x2 00
 COMMON         0x0043ab38        0x4 eobj/libengine.a(pragmas.o)
                0x0043ab38                dmval
 COMMON         0x0043ab3c      0x18c eobj/libengine.a(sdlayer.o)
                0x0043ab3c                keyasciififoplc
                0x0043ab3d                keyasciififo
                0x0043ab7d                keyfifoend
                0x0043ab7e                keyasciififoend
                0x0043ab7f                keyfifo
                0x0043abbf                keyfifoplc
                0x0043abc0                bytesperline
                0x0043abc4                keystatus
                0x0043acc4                imageSize
                0x0043acc8                . = ALIGN ((. != 0x0)?0x4:0x1)
                0x0043acc8                _bss_end__ = .
                0x0043acc8                __bss_end__ = .
                0x0043acc8                . = ALIGN (0x4)
                0x0043acc8                . = ALIGN (0x4)
                0x0043acc8                __end__ = .
                0x0043acc8                _end = .
                0x0043acc8                PROVIDE (end, .)
                0x0043acc8                . = DATA_SEGMENT_END (.)

.stab
 *(.stab)

.stabstr
 *(.stabstr)

.stab.excl
 *(.stab.excl)

.stab.exclstr
 *(.stab.exclstr)

.stab.index
 *(.stab.index)

.stab.indexstr
 *(.stab.indexstr)

.comment        0x00000000      0x370
 *(.comment)
 .comment       0x00000000       0x37 obj/astub.o
 .comment       0x00000037       0x37 obj/build_icon.o
 .comment       0x0000006e       0x37 eobj/libbuild.a(build.o)
 .comment       0x000000a5       0x37 eobj/libbuild.a(config.o)
 .comment       0x000000dc       0x37 eobj/libengine.a(cache1d.o)
 .comment       0x00000113       0x37 eobj/libengine.a(compat.o)
 .comment       0x0000014a       0x37 eobj/libengine.a(defs.o)
 .comment       0x00000181       0x37 eobj/libengine.a(engine.o)
 .comment       0x000001b8       0x37 eobj/libengine.a(kplib.o)
 .comment       0x000001ef       0x37 eobj/libengine.a(osd.o)
 .comment       0x00000226       0x37 eobj/libengine.a(pragmas.o)
 .comment       0x0000025d       0x37 eobj/libengine.a(scriptfile.o)
 .comment       0x00000294       0x37 eobj/libengine.a(sdlayer.o)
 .comment       0x000002cb       0x37 eobj/libengine.a(a-c.o)
 .comment       0x00000302       0x37 eobj/libengine.a(baselayer.o)
 .comment       0x00000339       0x37 eobj/libengine.a(engineinfo.o)

.debug
 *(.debug)

.line
 *(.line)

.debug_srcinfo
 *(.debug_srcinfo)

.debug_sfnames
 *(.debug_sfnames)

.debug_aranges  0x00000000      0x1c0
 *(.debug_aranges)
 .debug_aranges
                0x00000000       0x20 obj/astub.o
 .debug_aranges
                0x00000020       0x20 eobj/libbuild.a(build.o)
 .debug_aranges
                0x00000040       0x20 eobj/libbuild.a(config.o)
 .debug_aranges
                0x00000060       0x20 eobj/libengine.a(cache1d.o)
 .debug_aranges
                0x00000080       0x20 eobj/libengine.a(compat.o)
 .debug_aranges
                0x000000a0       0x20 eobj/libengine.a(defs.o)
 .debug_aranges
                0x000000c0       0x20 eobj/libengine.a(engine.o)
 .debug_aranges
                0x000000e0       0x20 eobj/libengine.a(kplib.o)
 .debug_aranges
                0x00000100       0x20 eobj/libengine.a(osd.o)
 .debug_aranges
                0x00000120       0x20 eobj/libengine.a(pragmas.o)
 .debug_aranges
                0x00000140       0x20 eobj/libengine.a(scriptfile.o)
 .debug_aranges
                0x00000160       0x20 eobj/libengine.a(sdlayer.o)
 .debug_aranges
                0x00000180       0x20 eobj/libengine.a(a-c.o)
 .debug_aranges
                0x000001a0       0x20 eobj/libengine.a(baselayer.o)

.debug_pubnames
                0x00000000     0x2acb
 *(.debug_pubnames)
 .debug_pubnames
                0x00000000      0x4b9 obj/astub.o
 .debug_pubnames
                0x000004b9       0x21 obj/build_icon.o
 .debug_pubnames
                0x000004da      0x594 eobj/libbuild.a(build.o)
 .debug_pubnames
                0x00000a6e       0x2f eobj/libbuild.a(config.o)
 .debug_pubnames
                0x00000a9d      0x1c3 eobj/libengine.a(cache1d.o)
 .debug_pubnames
                0x00000c60       0xcc eobj/libengine.a(compat.o)
 .debug_pubnames
                0x00000d2c       0x2a eobj/libengine.a(defs.o)
 .debug_pubnames
                0x00000d56     0x10e3 eobj/libengine.a(engine.o)
 .debug_pubnames
                0x00001e39      0x104 eobj/libengine.a(kplib.o)
 .debug_pubnames
                0x00001f3d      0x197 eobj/libengine.a(osd.o)
 .debug_pubnames
                0x000020d4       0xa9 eobj/libengine.a(pragmas.o)
 .debug_pubnames
                0x0000217d      0x176 eobj/libengine.a(scriptfile.o)
 .debug_pubnames
                0x000022f3      0x50a eobj/libengine.a(sdlayer.o)
 .debug_pubnames
                0x000027fd      0x21b eobj/libengine.a(a-c.o)
 .debug_pubnames
                0x00002a18       0x45 eobj/libengine.a(baselayer.o)
 .debug_pubnames
                0x00002a5d       0x6e eobj/libengine.a(engineinfo.o)

.debug_info     0x00000000    0x1f490
 *(.debug_info .gnu.linkonce.wi.*)
 .debug_info    0x00000000     0x2330 obj/astub.o
 .debug_info    0x00002330      0x20d obj/build_icon.o
 .debug_info    0x0000253d     0x3d06 eobj/libbuild.a(build.o)
 .debug_info    0x00006243      0x6d5 eobj/libbuild.a(config.o)
 .debug_info    0x00006918     0x1885 eobj/libengine.a(cache1d.o)
 .debug_info    0x0000819d     0x1955 eobj/libengine.a(compat.o)
 .debug_info    0x00009af2     0x1148 eobj/libengine.a(defs.o)
 .debug_info    0x0000ac3a     0xa9b5 eobj/libengine.a(engine.o)
 .debug_info    0x000155ef     0x30e0 eobj/libengine.a(kplib.o)
 .debug_info    0x000186cf     0x199b eobj/libengine.a(osd.o)
 .debug_info    0x0001a06a      0x4a5 eobj/libengine.a(pragmas.o)
 .debug_info    0x0001a50f      0x89d eobj/libengine.a(scriptfile.o)
 .debug_info    0x0001adac     0x35b4 eobj/libengine.a(sdlayer.o)
 .debug_info    0x0001e360      0xc31 eobj/libengine.a(a-c.o)
 .debug_info    0x0001ef91      0x38b eobj/libengine.a(baselayer.o)
 .debug_info    0x0001f31c      0x174 eobj/libengine.a(engineinfo.o)

.debug_abbrev   0x00000000     0x1791
 *(.debug_abbrev)
 .debug_abbrev  0x00000000      0x1d5 obj/astub.o
 .debug_abbrev  0x000001d5       0x97 obj/build_icon.o
 .debug_abbrev  0x0000026c      0x1df eobj/libbuild.a(build.o)
 .debug_abbrev  0x0000044b       0xfe eobj/libbuild.a(config.o)
 .debug_abbrev  0x00000549      0x1e7 eobj/libengine.a(cache1d.o)
 .debug_abbrev  0x00000730      0x13c eobj/libengine.a(compat.o)
 .debug_abbrev  0x0000086c      0x129 eobj/libengine.a(defs.o)
 .debug_abbrev  0x00000995      0x2a6 eobj/libengine.a(engine.o)
 .debug_abbrev  0x00000c3b      0x23a eobj/libengine.a(kplib.o)
 .debug_abbrev  0x00000e75      0x244 eobj/libengine.a(osd.o)
 .debug_abbrev  0x000010b9       0x90 eobj/libengine.a(pragmas.o)
 .debug_abbrev  0x00001149      0x140 eobj/libengine.a(scriptfile.o)
 .debug_abbrev  0x00001289      0x2d1 eobj/libengine.a(sdlayer.o)
 .debug_abbrev  0x0000155a       0xda eobj/libengine.a(a-c.o)
 .debug_abbrev  0x00001634      0x10b eobj/libengine.a(baselayer.o)
 .debug_abbrev  0x0000173f       0x52 eobj/libengine.a(engineinfo.o)

.debug_line     0x00000000     0x6eea
 *(.debug_line)
 .debug_line    0x00000000      0x85d obj/astub.o
 .debug_line    0x0000085d       0x52 obj/build_icon.o
 .debug_line    0x000008af     0x2093 eobj/libbuild.a(build.o)
 .debug_line    0x00002942      0x1b4 eobj/libbuild.a(config.o)
 .debug_line    0x00002af6      0x4a8 eobj/libengine.a(cache1d.o)
 .debug_line    0x00002f9e      0x173 eobj/libengine.a(compat.o)
 .debug_line    0x00003111      0x226 eobj/libengine.a(defs.o)
 .debug_line    0x00003337     0x2598 eobj/libengine.a(engine.o)
 .debug_line    0x000058cf      0x98b eobj/libengine.a(kplib.o)
 .debug_line    0x0000625a      0x450 eobj/libengine.a(osd.o)
 .debug_line    0x000066aa       0x77 eobj/libengine.a(pragmas.o)
 .debug_line    0x00006721      0x16d eobj/libengine.a(scriptfile.o)
 .debug_line    0x0000688e      0x45c eobj/libengine.a(sdlayer.o)
 .debug_line    0x00006cea      0x13f eobj/libengine.a(a-c.o)
 .debug_line    0x00006e29       0x8c eobj/libengine.a(baselayer.o)
 .debug_line    0x00006eb5       0x35 eobj/libengine.a(engineinfo.o)

.debug_frame    0x00000000     0x3f6c
 *(.debug_frame)
 .debug_frame   0x00000000      0x4a4 obj/astub.o
 .debug_frame   0x000004a4      0x730 eobj/libbuild.a(build.o)
 .debug_frame   0x00000bd4       0x78 eobj/libbuild.a(config.o)
 .debug_frame   0x00000c4c      0x328 eobj/libengine.a(cache1d.o)
 .debug_frame   0x00000f74      0x168 eobj/libengine.a(compat.o)
 .debug_frame   0x000010dc       0x6c eobj/libengine.a(defs.o)
 .debug_frame   0x00001148     0x180c eobj/libengine.a(engine.o)
 .debug_frame   0x00002954      0x5a8 eobj/libengine.a(kplib.o)
 .debug_frame   0x00002efc      0x3a8 eobj/libengine.a(osd.o)
 .debug_frame   0x000032a4       0xd0 eobj/libengine.a(pragmas.o)
 .debug_frame   0x00003374      0x1fc eobj/libengine.a(scriptfile.o)
 .debug_frame   0x00003570      0x4e0 eobj/libengine.a(sdlayer.o)
 .debug_frame   0x00003a50      0x2e4 eobj/libengine.a(a-c.o)
 .debug_frame   0x00003d34       0x7c eobj/libengine.a(baselayer.o)
 .debug_frame   0x00003db0       0x28 /srv/preware/cross-compile/toolchain/arm-2007q3/bin/../lib/gcc/arm-none-linux-gnueabi/4.2.1/libgcc.a(_udivsi3.o)
 .debug_frame   0x00003dd8       0x28 /srv/preware/cross-compile/toolchain/arm-2007q3/bin/../lib/gcc/arm-none-linux-gnueabi/4.2.1/libgcc.a(_divsi3.o)
 .debug_frame   0x00003e00       0x58 /srv/preware/cross-compile/toolchain/arm-2007q3/bin/../lib/gcc/arm-none-linux-gnueabi/4.2.1/libgcc.a(bpabi.o)
 .debug_frame   0x00003e58       0x38 /srv/preware/cross-compile/toolchain/arm-2007q3/bin/../lib/gcc/arm-none-linux-gnueabi/4.2.1/libgcc.a(_divdi3.o)
 .debug_frame   0x00003e90       0x38 /srv/preware/cross-compile/toolchain/arm-2007q3/bin/../lib/gcc/arm-none-linux-gnueabi/4.2.1/libgcc.a(_udivdi3.o)
 .debug_frame   0x00003ec8       0x44 /usr/lib/libc_nonshared.a(elf-init.oS)
 .debug_frame   0x00003f0c       0x20 /usr/lib/libc_nonshared.a(atexit.oS)
 .debug_frame   0x00003f2c       0x20 /usr/lib/libc_nonshared.a(stat.oS)
 .debug_frame   0x00003f4c       0x20 /usr/lib/libc_nonshared.a(fstat.oS)

.debug_str      0x00000000      0x648
 *(.debug_str)
 .debug_str     0x00000000       0x31 obj/astub.o
 .debug_str     0x00000031        0xb obj/build_icon.o
 .debug_str     0x0000003c       0xc3 eobj/libbuild.a(build.o)