Archive member included because of file (symbol)

eobj/libengine.a(cache1d.o)   obj/game.o (cacnum)
eobj/libengine.a(compat.o)    obj/game.o (Bgethomedir)
eobj/libengine.a(crc32.o)     obj/osdcmds.o (crc32init)
eobj/libengine.a(defs.o)      obj/game.o (loaddefinitionsfile)
eobj/libengine.a(engine.o)    eobj/libengine.a(cache1d.o) (kmalloc)
eobj/libengine.a(kplib.o)     eobj/libengine.a(cache1d.o) (kzaddstack)
eobj/libengine.a(mmulti.o)    obj/game.o (myconnectindex)
eobj/libengine.a(osd.o)       obj/osdcmds.o (osd_internal_validate_boolean)
eobj/libengine.a(pragmas.o)   eobj/libengine.a(engine.o) (qinterpolatedown16)
eobj/libengine.a(scriptfile.o)
                              eobj/libengine.a(defs.o) (scriptfile_gettoken)
eobj/libengine.a(sdlayer.o)   obj/game.o (_buildargc)
eobj/libengine.a(a-c.o)       eobj/libengine.a(engine.o) (setvlinebpl)
eobj/libengine.a(baselayer.o)
                              eobj/libengine.a(sdlayer.o) (baselayer_init)
eobj/libengine.a(engineinfo.o)
                              eobj/libengine.a(baselayer.o) (_engine_cflags)
/srv/preware/cross-compile/toolchain/arm-2007q3/bin/../lib/gcc/arm-none-linux-gnueabi/4.2.1/libgcc.a(_udivsi3.o)
                              eobj/libengine.a(sdlayer.o) (__aeabi_uidiv)
/srv/preware/cross-compile/toolchain/arm-2007q3/bin/../lib/gcc/arm-none-linux-gnueabi/4.2.1/libgcc.a(_divsi3.o)
                              obj/game.o (__aeabi_idiv)
/srv/preware/cross-compile/toolchain/arm-2007q3/bin/../lib/gcc/arm-none-linux-gnueabi/4.2.1/libgcc.a(_arm_addsubdf3.o)
                              eobj/libengine.a(engine.o) (__aeabi_dadd)
/srv/preware/cross-compile/toolchain/arm-2007q3/bin/../lib/gcc/arm-none-linux-gnueabi/4.2.1/libgcc.a(_arm_muldivdf3.o)
                              eobj/libengine.a(engine.o) (__aeabi_dmul)
/srv/preware/cross-compile/toolchain/arm-2007q3/bin/../lib/gcc/arm-none-linux-gnueabi/4.2.1/libgcc.a(_arm_fixunsdfsi.o)
                              eobj/libengine.a(engine.o) (__aeabi_d2uiz)
/srv/preware/cross-compile/toolchain/arm-2007q3/bin/../lib/gcc/arm-none-linux-gnueabi/4.2.1/libgcc.a(_arm_truncdfsf2.o)
                              eobj/libengine.a(defs.o) (__aeabi_d2f)
/srv/preware/cross-compile/toolchain/arm-2007q3/bin/../lib/gcc/arm-none-linux-gnueabi/4.2.1/libgcc.a(_arm_addsubsf3.o)
                              obj/menues.o (__aeabi_i2f)
/srv/preware/cross-compile/toolchain/arm-2007q3/bin/../lib/gcc/arm-none-linux-gnueabi/4.2.1/libgcc.a(_aeabi_ldivmod.o)
                              obj/game.o (__aeabi_ldivmod)
/srv/preware/cross-compile/toolchain/arm-2007q3/bin/../lib/gcc/arm-none-linux-gnueabi/4.2.1/libgcc.a(_dvmd_lnx.o)
                              /srv/preware/cross-compile/toolchain/arm-2007q3/bin/../lib/gcc/arm-none-linux-gnueabi/4.2.1/libgcc.a(_udivsi3.o) (__div0)
/srv/preware/cross-compile/toolchain/arm-2007q3/bin/../lib/gcc/arm-none-linux-gnueabi/4.2.1/libgcc.a(bpabi.o)
                              /srv/preware/cross-compile/toolchain/arm-2007q3/bin/../lib/gcc/arm-none-linux-gnueabi/4.2.1/libgcc.a(_aeabi_ldivmod.o) (__gnu_ldivmod_helper)
/srv/preware/cross-compile/toolchain/arm-2007q3/bin/../lib/gcc/arm-none-linux-gnueabi/4.2.1/libgcc.a(_divdi3.o)
                              /srv/preware/cross-compile/toolchain/arm-2007q3/bin/../lib/gcc/arm-none-linux-gnueabi/4.2.1/libgcc.a(bpabi.o) (__divdi3)
/srv/preware/cross-compile/toolchain/arm-2007q3/bin/../lib/gcc/arm-none-linux-gnueabi/4.2.1/libgcc.a(_udivdi3.o)
                              /srv/preware/cross-compile/toolchain/arm-2007q3/bin/../lib/gcc/arm-none-linux-gnueabi/4.2.1/libgcc.a(bpabi.o) (__udivdi3)
/srv/preware/cross-compile/toolchain/arm-2007q3/bin/../lib/gcc/arm-none-linux-gnueabi/4.2.1/libgcc.a(_clz.o)
                              /srv/preware/cross-compile/toolchain/arm-2007q3/bin/../lib/gcc/arm-none-linux-gnueabi/4.2.1/libgcc.a(_divdi3.o) (__clz_tab)
/usr/lib/libc_nonshared.a(elf-init.oS)
                              /srv/preware/cross-compile/toolchain/arm-2007q3/bin/../arm-none-linux-gnueabi/libc/usr/lib/crt1.o (__libc_csu_fini)
/usr/lib/libc_nonshared.a(atexit.oS)
                              eobj/libengine.a(osd.o) (atexit)
/usr/lib/libc_nonshared.a(stat.oS)
                              eobj/libengine.a(cache1d.o) (stat)
/usr/lib/libc_nonshared.a(fstat.oS)
                              eobj/libengine.a(compat.o) (fstat)

Allocating common symbols
Common symbol       size              file

AutoAim             0x4               obj/config.o
MouseFunctions      0x30              obj/config.o
globalbufplc        0x4               eobj/libengine.a(engine.o)
waloff              0x9000            eobj/libengine.a(engine.o)
xdimenscale         0x4               eobj/libengine.a(engine.o)
singlobalang        0x4               eobj/libengine.a(engine.o)
playerquitflag      0x10              obj/global.o
quotebotgoal        0x4               obj/game.o
curipos             0x2000            obj/global.o
[...]
Memory Configuration

Name             Origin             Length             Attributes
*default*        0x00000000         0xffffffff

Linker script and memory map

LOAD /srv/preware/cross-compile/toolchain/arm-2007q3/bin/../arm-none-linux-gnueabi/libc/usr/lib/crt1.o
LOAD /srv/preware/cross-compile/toolchain/arm-2007q3/bin/../arm-none-linux-gnueabi/libc/usr/lib/crti.o
LOAD /srv/preware/cross-compile/toolchain/arm-2007q3/bin/../lib/gcc/arm-none-linux-gnueabi/4.2.1/crtbegin.o
LOAD obj/game.o
LOAD obj/actors.o
LOAD obj/gamedef.o
LOAD obj/global.o
LOAD obj/menues.o
LOAD obj/player.o
LOAD obj/premap.o
LOAD obj/sector.o
LOAD obj/sounds.o
LOAD obj/rts.o
LOAD obj/config.o
LOAD obj/animlib.o
LOAD obj/testcd.o
LOAD obj/osdfuncs.o
LOAD obj/osdcmds.o
LOAD obj/missing.o
LOAD obj/util_lib.o
LOAD obj/file_lib.o
LOAD obj/control.o
LOAD obj/keyboard.o
LOAD obj/mouse.o
LOAD obj/mathutil.o
LOAD obj/scriplib.o
LOAD obj/game_icon.o
LOAD obj/audiolib_musicstub.o
LOAD obj/audiolib_fxstub.o
LOAD eobj/libengine.a
LOAD /srv/preware/cross-compile/toolchain/arm-2007q3/arm-none-linux-gnueabi/libc/usr/lib/libm.so
LOAD /usr/local/lib/libSDL.so
LOAD /srv/preware/cross-compile/toolchain/arm-2007q3/arm-none-linux-gnueabi/libc/usr/lib/libpthread.so
START GROUP
LOAD /lib/libpthread.so.0
LOAD /usr/lib/libpthread_nonshared.a
END GROUP
LOAD /srv/preware/cross-compile/toolchain/arm-2007q3/bin/../lib/gcc/arm-none-linux-gnueabi/4.2.1/libgcc.a
LOAD /srv/preware/cross-compile/toolchain/arm-2007q3/arm-none-linux-gnueabi/libc/lib/libgcc_s.so
LOAD /srv/preware/cross-compile/toolchain/arm-2007q3/arm-none-linux-gnueabi/libc/usr/lib/libc.so
START GROUP
LOAD /lib/libc.so.6
LOAD /usr/lib/libc_nonshared.a
LOAD /lib/ld-linux.so.3
END GROUP
LOAD /srv/preware/cross-compile/toolchain/arm-2007q3/bin/../lib/gcc/arm-none-linux-gnueabi/4.2.1/libgcc.a
LOAD /srv/preware/cross-compile/toolchain/arm-2007q3/arm-none-linux-gnueabi/libc/lib/libgcc_s.so
LOAD /srv/preware/cross-compile/toolchain/arm-2007q3/bin/../lib/gcc/arm-none-linux-gnueabi/4.2.1/crtend.o
LOAD /srv/preware/cross-compile/toolchain/arm-2007q3/bin/../arm-none-linux-gnueabi/libc/usr/lib/crtn.o
                0x00008000                PROVIDE (__executable_start, 0x8000)
                0x00008134                . = (0x8000 + SIZEOF_HEADERS)

.interp         0x00008134       0x13
 *(.interp)
 .interp        0x00008134       0x13 /srv/preware/cross-compile/toolchain/arm-2007q3/bin/../arm-none-linux-gnueabi/libc/usr/lib/crti.o

.note.ABI-tag   0x00008148       0x20
 .note.ABI-tag  0x00008148       0x20 /srv/preware/cross-compile/toolchain/arm-2007q3/bin/../arm-none-linux-gnueabi/libc/usr/lib/crt1.o

.note.gnu.build-id
 *(.note.gnu.build-id)

.hash           0x00008168      0x42c
 *(.hash)
 .hash          0x00008168      0x42c /srv/preware/cross-compile/toolchain/arm-2007q3/bin/../arm-none-linux-gnueabi/libc/usr/lib/crti.o

.gnu.hash
 *(.gnu.hash)

.dynsym         0x00008594      0x860
 *(.dynsym)
 .dynsym        0x00008594      0x860 /srv/preware/cross-compile/toolchain/arm-2007q3/bin/../arm-none-linux-gnueabi/libc/usr/lib/crti.o

.dynstr         0x00008df4      0x582
 *(.dynstr)
 .dynstr        0x00008df4      0x582 /srv/preware/cross-compile/toolchain/arm-2007q3/bin/../arm-none-linux-gnueabi/libc/usr/lib/crti.o

.gnu.version    0x00009376      0x10c
 *(.gnu.version)
 .gnu.version   0x00009376      0x10c /srv/preware/cross-compile/toolchain/arm-2007q3/bin/../arm-none-linux-gnueabi/libc/usr/lib/crti.o

.gnu.version_d  0x00009484        0x0 load address 0x00009482
 *(.gnu.version_d)
 .gnu.version_d
                0x00000000        0x0 /srv/preware/cross-compile/toolchain/arm-2007q3/bin/../arm-none-linux-gnueabi/libc/usr/lib/crti.o

.gnu.version_r  0x00009484       0x80
 *(.gnu.version_r)
 .gnu.version_r
                0x00009484       0x80 /srv/preware/cross-compile/toolchain/arm-2007q3/bin/../arm-none-linux-gnueabi/libc/usr/lib/crti.o

.rel.dyn        0x00009504       0x10
 *(.rel.init)
 *(.rel.text .rel.text.* .rel.gnu.linkonce.t.*)
 *(.rel.fini)
 *(.rel.rodata .rel.rodata.* .rel.gnu.linkonce.r.*)
 *(.rel.data.rel.ro* .rel.gnu.linkonce.d.rel.ro.*)
 *(.rel.data .rel.data.* .rel.gnu.linkonce.d.*)
 *(.rel.tdata .rel.tdata.* .rel.gnu.linkonce.td.*)
 *(.rel.tbss .rel.tbss.* .rel.gnu.linkonce.tb.*)
 *(.rel.ctors)
 *(.rel.dtors)
 *(.rel.got)
 .rel.got       0x00009504        0x8 /srv/preware/cross-compile/toolchain/arm-2007q3/bin/../arm-none-linux-gnueabi/libc/usr/lib/crti.o
 *(.rel.bss .rel.bss.* .rel.gnu.linkonce.b.*)
 .rel.bss       0x0000950c        0x8 /srv/preware/cross-compile/toolchain/arm-2007q3/bin/../arm-none-linux-gnueabi/libc/usr/lib/crti.o

.rela.dyn
 *(.rela.init)
 *(.rela.text .rela.text.* .rela.gnu.linkonce.t.*)
 *(.rela.fini)
 *(.rela.rodata .rela.rodata.* .rela.gnu.linkonce.r.*)
 *(.rela.data .rela.data.* .rela.gnu.linkonce.d.*)
 *(.rela.tdata .rela.tdata.* .rela.gnu.linkonce.td.*)
 *(.rela.tbss .rela.tbss.* .rela.gnu.linkonce.tb.*)
 *(.rela.ctors)
 *(.rela.dtors)
 *(.rela.got)
 *(.rela.bss .rela.bss.* .rela.gnu.linkonce.b.*)

.rel.plt        0x00009514      0x3b0
 *(.rel.plt)
 .rel.plt       0x00009514      0x3b0 /srv/preware/cross-compile/toolchain/arm-2007q3/bin/../arm-none-linux-gnueabi/libc/usr/lib/crti.o

.rela.plt
 *(.rela.plt)

.init           0x000098c4        0xc
 *(.init)
 .init          0x000098c4        0x8 /srv/preware/cross-compile/toolchain/arm-2007q3/bin/../arm-none-linux-gnueabi/libc/usr/lib/crti.o
                0x000098c4                _init
 .init          0x000098cc        0x4 /srv/preware/cross-compile/toolchain/arm-2007q3/bin/../arm-none-linux-gnueabi/libc/usr/lib/crtn.o

.plt            0x000098d0      0x59c
 *(.plt)
 .plt           0x000098d0      0x59c /srv/preware/cross-compile/toolchain/arm-2007q3/bin/../arm-none-linux-gnueabi/libc/usr/lib/crti.o
                0x000098e4                SDL_FreeSurface
                0x000098f0                open@@GLIBC_2.4
                0x000098fc                SDL_JoystickOpen
                0x00009908                qsort@@GLIBC_2.4
                0x00009914                strerror@@GLIBC_2.4
                0x00009920                fileno@@GLIBC_2.4
                0x0000992c                mkdir@@GLIBC_2.4
                0x00009938                abort@@GLIBC_2.4
                0x00009944                vprintf@@GLIBC_2.4
                0x00009950                localtime@@GLIBC_2.4
                0x0000995c                opendir@@GLIBC_2.4
                0x00009968                sysconf@@GLIBC_2.4
                0x00009974                getchar@@GLIBC_2.4
                0x00009980                __xstat@@GLIBC_2.4
                0x0000998c                __libc_start_main@@GLIBC_2.4
                0x00009998                inet_ntoa@@GLIBC_2.4
                0x000099a4                SDL_JoystickName
                0x000099b0                SDL_WM_SetCaption
                0x000099c8                vsnprintf@@GLIBC_2.4
                0x000099d4                inet_addr@@GLIBC_2.4
                0x000099e0                vsprintf@@GLIBC_2.4
                0x000099ec                pow@@GLIBC_2.4
                0x000099f8                SDL_ShowCursor
                0x00009a04                strncpy@@GLIBC_2.4
                0x00009a10                fclose@@GLIBC_2.4
                0x00009a1c                getenv@@GLIBC_2.4
                0x00009a28                strtod@@GLIBC_2.4
                0x00009a34                strchr@@GLIBC_2.4
                0x00009a40                strcasecmp@@GLIBC_2.4
                0x00009a4c                __cxa_atexit@@GLIBC_2.4
                0x00009a58                toupper@@GLIBC_2.4
                0x00009a64                calloc@@GLIBC_2.4
                0x00009a70                sendto@@GLIBC_2.4
                0x00009a7c                SDL_GetTicks
                0x00009a88                htons@@GLIBC_2.4
                0x00009a94                fopen@@GLIBC_2.4
                0x00009aa0                SDL_UnlockSurface
                0x00009aac                SDL_SetColors
                0x00009ab8                memset@@GLIBC_2.4
                0x00009ac4                SDL_PollEvent
                0x00009ad0                SDL_JoystickNumAxes
                0x00009adc                SDL_InitSubSystem
                0x00009ae8                SDL_LockSurface
                0x00009af4                strrchr@@GLIBC_2.4
                0x00009b00                SDL_VideoDriverName
                0x00009b0c                SDL_JoystickEventState
                0x00009b18                SDL_CreateRGBSurfaceFrom
                0x00009b24                SDL_SetVideoMode
                0x00009b30                SDL_NumJoysticks
                0x00009b3c                SDL_Linked_Version
                0x00009b48                free@@GLIBC_2.4
                0x00009b54                read@@GLIBC_2.4
                0x00009b60                write@@GLIBC_2.4
                0x00009b6c                access@@GLIBC_2.4
                0x00009b78                SDL_JoystickNumButtons
                0x00009b84                gettimeofday@@GLIBC_2.4
                0x00009b90                fseek@@GLIBC_2.4
                0x00009b9c                SDL_GetVideoInfo
                0x00009ba8                socket@@GLIBC_2.4
                0x00009bb4                SDL_Init
                0x00009bc0                ioctl@@GLIBC_2.4
                0x00009bcc                ntohs@@GLIBC_2.4
                0x00009bd8                strlen@@GLIBC_2.4
                0x00009be4                strtoul@@GLIBC_2.4
                0x00009bf0                SDL_SetPalette
                0x00009bfc                memcpy@@GLIBC_2.4
                0x00009c08                ftell@@GLIBC_2.4
                0x00009c14                strtol@@GLIBC_2.4
                0x00009c20                strcpy@@GLIBC_2.4
                0x00009c2c                atol@@GLIBC_2.4
                0x00009c38                printf@@GLIBC_2.4
                0x00009c44                raise@@GLIBC_2.4
                0x00009c50                bind@@GLIBC_2.4
                0x00009c5c                close@@GLIBC_2.4
                0x00009c68                fwrite@@GLIBC_2.4
                0x00009c74                closedir@@GLIBC_2.4
                0x00009c80                strncasecmp@@GLIBC_2.4
                0x00009c8c                SDL_EnableKeyRepeat
                0x00009c98                setvbuf@@GLIBC_2.4
                0x00009ca4                __ctype_b_loc@@GLIBC_2.4
                0x00009cb0                fprintf@@GLIBC_2.4
                0x00009cbc                strdup@@GLIBC_2.4
                0x00009cc8                malloc@@GLIBC_2.4
                0x00009cd4                gethostname@@GLIBC_2.4
                0x00009ce0                chdir@@GLIBC_2.4
                0x00009cec                SDL_WM_GrabInput
                0x00009cf8                SDL_ListModes
                0x00009d04                fputc@@GLIBC_2.4
                0x00009d10                getcwd@@GLIBC_2.4
                0x00009d1c                strcat@@GLIBC_2.4
                0x00009d28                memmove@@GLIBC_2.4
                0x00009d34                puts@@GLIBC_2.4
                0x00009d40                SDL_WM_SetIcon
                0x00009d4c                SDL_Flip
                0x00009d58                SDL_Quit
                0x00009d64                SDL_GetKeyName
                0x00009d70                lseek@@GLIBC_2.4
                0x00009d7c                rand@@GLIBC_2.4
                0x00009d88                __fxstat@@GLIBC_2.4
                0x00009d94                vfprintf@@GLIBC_2.4
                0x00009da0                SDL_JoystickNumHats
                0x00009dac                snprintf@@GLIBC_2.4
                0x00009db8                SDL_JoystickClose
                0x00009dc4                fread@@GLIBC_2.4
                0x00009dd0                SDL_GetError
                0x00009ddc                strncmp@@GLIBC_2.4
                0x00009de8                gethostbyname@@GLIBC_2.4
                0x00009df4                realloc@@GLIBC_2.4
                0x00009e00                recvfrom@@GLIBC_2.4
                0x00009e0c                readdir@@GLIBC_2.4
                0x00009e18                tolower@@GLIBC_2.4
                0x00009e24                strcmp@@GLIBC_2.4
                0x00009e30                exit@@GLIBC_2.4
                0x00009e3c                __errno_location@@GLIBC_2.4
                0x00009e48                sprintf@@GLIBC_2.4
                0x00009e54                fputs@@GLIBC_2.4
                0x00009e60                SDL_EnableUNICODE

.text           0x00009e70   0x1696ac
 *(.text .stub .text.* .gnu.linkonce.t.*)
 .text          0x00009e70       0x38 /srv/preware/cross-compile/toolchain/arm-2007q3/bin/../arm-none-linux-gnueabi/libc/usr/lib/crt1.o
                0x00009e70                _start
 .text          0x00009ea8       0x24 /srv/preware/cross-compile/toolchain/arm-2007q3/bin/../arm-none-linux-gnueabi/libc/usr/lib/crti.o
 .text          0x00009ecc       0x4c /srv/preware/cross-compile/toolchain/arm-2007q3/bin/../lib/gcc/arm-none-linux-gnueabi/4.2.1/crtbegin.o
 .text          0x00009f18    0x40200 obj/game.o
                0x0001682c                showtwoscreens
                0x0004a0b8                UpperLeft
                0x0002eca8                animatesprites
                0x00010eb0                orderweaponnum
                0x00047be0                cameratext
                0x0003cfbc                printstr
                0x0001e59c                LocateTheLocator
                0x00040504                playback
                0x000108b4                myospal
                0x00048be4                spriteglass
                0x0003e214                sendscore
                0x00044c24                dobonus
                0x00017a94                moveclouds
                0x0000b418                adduserquote
                0x0000a39c                setgamepalette
                0x00011070                weaponnum
                0x0003e754                backtomenu
                0x0001594c                tics
                0x0000f704                caches
                0x0003e730                copyprotect
                0x0003f890                opendemoread
                0x00012e54                digitalnumber
                0x00010764                myos
                0x0001043c                badguypic
                0x0003ff58                opendemowrite
                0x0003db28                loadtmb
                0x00013974                displayfragbar
                0x0001ca78                displayrooms
                0x000100c8                badguy
                0x00016b30                gameexit
                0x0003c114                checkcommandline
                0x0000a878                gametextpal
                0x00017184                typemode
                0x00039bdc                nonsharedkeys
                0x0000b500                getpackets
                0x000415ec                fakedomovethings
                0x00015a38                coords
                0x00010a04                invennum
                0x00016d3c                strget
                0x00010008                inventory
                0x0004469c                doorders
                0x0003dbac                Shutdown
                0x00019eb4                drawbackground
                0x0001ae98                SE40_Draw
                0x0004a100                CenterRudder
                0x0000b290                gamenumber
                0x0001f250                wallswitchcheck
                0x00016054                operatefta
                0x0001959c                view
                0x0004a07c                GetTime
                0x00043a4c                domovethings
                0x0003dd4c                Startup
                0x000166a0                FTA
                0x0004a0a0                CenterCenter
                0x000402e0                record
                0x0004a0e8                CenterThrottle
                0x00017e34                displayrest
                0x000130ac                displayinventory
                0x0001225c                weapon_amounts
                0x000493b4                lotsofcolourglass
                0x0000d720                faketimerhandler
                0x0000fb44                check_fta_sounds
                0x0003e264                getnames
                0x0000aeb0                minitext
                0x0003c0e0                comlinehelp
                0x0000f8d8                checksync
                0x0004a0d0                LowerRight
                0x0001174c                weaponnum999
                0x0003cfe4                Logo
                0x00009f6c                patchstatusbar
                0x00013e08                coolgaugetext
                0x0000a58c                gametext
                0x00009f18                setstatusbarscale
                0x0000ab64                gametextpart
                0x0000b2f0                allowtimetocorrecterrorswhenquitting
                0x00048258                lotsofglass
                0x00047f40                vglass
                0x00048f40                ceilingglass
                0x00041150                moveloop
                0x0003e7e8                app_main
                0x0001f3f4                spawn
                0x00049e00                SetupGameButtons
                0x0003e6a8                writestring
                0x0000b098                minitextshade
                0x00036c1c                cheats
                0x0004128c                fakedomovethingscorrect
                0x0001c8a8                se40code
                0x00040420                closedemowrite
                0x0001e6ec                EGS
                0x0003dbd4                compilecons
 .text          0x0004a118    0x4b128 obj/actors.o
                0x0004a32c                dointerpolations
                0x000512d8                movefta
                0x00056f3c                movestandables
                0x0004a488                restoreinterpolations
                0x0004f4b0                ssp
                0x00050894                setsectinterpolate
                0x00069718                moveactors
                0x0004fd30                lotsofpaper
                0x0004ffac                guts
                0x0004a4f4                ceilingspace
                0x0004fab4                lotsofmail
                0x0004a74c                addammo
                0x00050520                gutsdir
                0x00051fbc                ifhitbyweapon
                0x00055f28                movefallers
                0x0004f66c                insertspriteq
                0x00055018                movefx
                0x0004ab84                checkavailweapon
                0x00052ca8                movecyclers
                0x00051e7c                ifhitsectors
                0x0004b2d8                hitradius
                0x000530a4                movedummyplayers
                0x0005fab0                moveweapons
                0x00053ce8                moveplayers
                0x0004a118                updateinterpolations
                0x0004a834                addweapon
                0x00063c60                movetransports
                0x0004a620                floorspace
                0x0004a248                stopinterpolation
                0x0005f134                bounce
                0x00050b44                clearsectinterpolate
                0x0004a184                setinterpolation
                0x0004aee0                ifsquished
                0x00050de4                ms
                0x0004dd8c                movesprite
                0x00075480                moveexplosions
                0x00079e88                moveeffectors
                0x0004aa18                checkavailinven
                0x0004f838                lotsofmoney
 .text          0x00095240    0x15690 obj/gamedef.o
                0x00096950                transword
                0x00095e18                makeitfall
                0x000955b8                getglobalz
                0x0009bd0c                furthestangle
                0x0009b7e0                dodge
                0x000a9f08                execute
                0x00095474                ispecial
                0x00096810                keyword
                0x0009530c                getincangle
                0x00095500                isaltok
                0x000966bc                getlabel
                0x0009b280                copydefaultcons
                0x0009d3e4                move
                0x00096d3c                transnum
                0x00097204                parsecommand
                0x0009b230                passone
                0x0009ff3c                parse
                0x0009c624                alterang
                0x0009feb0                parseifelse
                0x0009b370                loadefs
                0x0009c0d0                furthestcanseepoint
 .text          0x000aa8d0        0x0 obj/global.o
 .text          0x000aa8d0    0x1a728 obj/menues.o
                0x000c4a18                playanm
                0x000af7d8                bar
                0x000b0258                getfilenames
                0x000afd50                dispnames
                0x000ae2e4                probe
                0x000c4858                endanimvol41
                0x000b0d28                menus
                0x000c2134                drawoverheadmap
                0x000c4634                logoanimsounds
                0x000c475c                first4animsounds
                0x000c4828                intro42animsounds
                0x000aaa44                getangplayers
                0x000c4684                intro4animsounds
                0x000c49a0                endanimvol43
                0x000acfcc                saveplayer
                0x000aeb58                menutext
                0x000aadcc                loadpheader
                0x000af1ec                menutextc
                0x000aa8d0                cmenu
                0x000aa9ec                savetemp
                0x000ab0f8                loadplayer
                0x000b0af8                sortfilenames
                0x000b0178                clearfilenames
                0x000c2068                palto
                0x000c48a8                endanimvol42
                0x000c4418                endanimsounds
 .text          0x000c4ff8    0x22d40 obj/player.o
                0x000d2ec8                displayweapon
                0x000c56f0                forceplayerangle
                0x000c4ff8                setpal
                0x000c6400                hitawall
                0x000e1c9c                computergetinput
                0x000d0d48                displayloogie
                0x000d2260                animatetip
                0x000d1454                animateknee
                0x000d1a14                animateknuckles
                0x000d26e4                animateaccess
                0x000c6550                aim
                0x000d6628                getinput
                0x000d10c8                animatefist
                0x000c5ef0                hitasprite
                0x000d8490                checkweapons
                0x000c77f0                shoot
                0x000c5784                tracers
                0x000c5148                incur_damage
                0x000c54f0                quickkill
                0x000d8574                processinput
                0x000d1ecc                displaymasks
                0x000e118c                getspritescore
                0x000c5af8                hits
                0x000d7748                doincrements
 .text          0x000e7d38     0x8e04 obj/premap.o
                0x000ed450                resetpspritevars
                0x000ef3c8                dofrontscreens
                0x000ea674                resetinventory
                0x000e908c                cacheit
                0x000ead10                prelevel
                0x000eee84                clearfrags
                0x000e9434                docacheit
                0x000e9f18                resetplayerstats
                0x000ef030                genspriteremaps
                0x000e889c                cachegoodsprites
                0x000e8fec                precachenecessarysounds
                0x000e9a64                vscrn
                0x000e9d68                pickrandomspot
                0x000ef20c                waitforeverybody
                0x000ed0bc                newgame
                0x000eef80                resettimevars
                0x000e8078                cachespritenum
                0x000ef970                resetmys
                0x000ea4f0                resetweapons
                0x000eab58                setupbackdrop
                0x000ef7c4                clearfifo
                0x000e8da8                getsound
                0x000ea7bc                resetprestat
                0x000efda4                enterlevel
                0x000e96ac                xyzmirror
 .text          0x000f0b3c    0x19c84 obj/sector.o
                0x000f3024                animatecamsprite
                0x000f18f4                isanunderoperator
                0x000f19e4                checkcursectnums
                0x000fc7c0                activatebysector
                0x000f8da4                operateactivators
                0x000f2e3c                getanimationgoal
                0x000ff4d0                checkhitsprite
                0x000f1af8                ldist
                0x000f1d5c                findplayer
                0x000febd0                checkhitceiling
                0x000fe4cc                checkplayerhurt
                0x000f24e0                doanimations
                0x000f1410                check_activator_motion
                0x000f1784                isadoorwall
                0x000f9eac                operateforcefields
                0x000fc9c4                checkhitwall
                0x000f8aac                operaterespawns
                0x00107aa0                checksectors
                0x000f34b0                animatewalls
                0x000f0b3c                callsound
                0x000f2208                findotherplayer
                0x000f3cdc                activatewarpelevators
                0x00105d3c                cheatkeys
                0x000f1bf4                dist
                0x000f196c                isanearoperator
                0x000f9cfc                operatemasterswitches
                0x000f2ec0                setanimation
                0x000fc91c                breakwall
                0x000fa190                checkhitswitch
                0x00105818                allignwarpelevators
                0x000f4258                operatesectors
 .text          0x0010a7c0     0x34ec obj/sounds.o
                0x0010ae68                xyzsound
                0x0010ca24                stopenvsound
                0x0010c80c                spritesound
                0x0010a94c                MusicStartup
                0x0010c984                stopsound
                0x0010a7c0                SoundStartup
                0x0010a9e4                MusicShutdown
                0x0010aa44                MusicUpdate
                0x0010ab8c                playmusic
                0x0010aadc                intomenusounds
                0x0010aa54                USRHOOKS_GetMem
                0x0010a8f0                SoundShutdown
                0x0010aab4                USRHOOKS_FreeMem
                0x0010c350                sound
                0x0010d7e8                testcallback
                0x0010dbd0                clearsoundlocks
                0x0010cb24                pan3dsound
                0x0010ac58                loadsound
 .text          0x0010dcac      0x6dc obj/rts.o
                0x0010e064                RTS_SoundLength
                0x0010e03c                RTS_NumSounds
                0x0010df80                RTS_Init
                0x0010e0dc                RTS_GetSoundName
                0x0010e218                RTS_GetSound
                0x0010e150                RTS_ReadLump
                0x0010dcac                RTS_AddFile
 .text          0x0010e388     0x2c54 obj/config.o
                0x0010e408                CONFIG_FunctionNumToName
                0x0010e458                CONFIG_AnalogNameToNum
                0x0010e520                CONFIG_AnalogNumToName
                0x0010e5b4                CONFIG_SetDefaults
                0x00110228                CONFIG_WriteSetup
                0x0010fa04                CONFIG_ReadSetup
                0x0010ecf0                CONFIG_ReadKeys
                0x0010e388                CONFIG_FunctionNameToNum
                0x0010f82c                readsavenames
                0x0010ef04                CONFIG_SetupMouse
                0x0010f358                CONFIG_SetupJoystick
 .text          0x00110fdc      0x9c8 obj/animlib.o
                0x001115c8                drawframe
                0x00111128                loadpage
                0x00111644                ANIM_LoadAnim
                0x00111474                renderframe
                0x00111864                ANIM_DrawFrame
                0x00111804                ANIM_FreeAnim
                0x00111838                ANIM_NumFrames
                0x00110fdc                CheckAnimStarted
                0x0011123c                CPlayRunSkipDump
                0x00111018                findpage
                0x00111974                ANIM_GetPalette
 .text          0x001119a4       0x24 obj/testcd.o
                0x001119a4                testcd
 .text          0x001119c8      0x768 obj/osdfuncs.o
                0x00111ea0                GAME_clearbackground
                0x00111e18                GAME_onshowosd
                0x00111c8c                GAME_drawosdcursor
                0x00111ad4                GAME_drawosdstr
                0x00111db4                GAME_getcolumnwidth
                0x001119c8                GAME_drawosdchar
                0x00111df0                GAME_getrowheight
 .text          0x00112130     0x16f0 obj/osdcmds.o
                0x00113404                onvideomodechange
                0x001125d8                osdcmd_map
                0x00112958                osdcmd_fileinfo
                0x001121c4                osdcmd_echo
                0x00113600                registerosdcommands
                0x00112810                osdcmd_god
                0x00112260                osdcmd_changelevel
                0x001128b4                osdcmd_noclip
                0x00112130                osdcmd_quit
 .text          0x00113820       0x48 obj/missing.o
                0x00113844                polymost_precache
                0x00113820                md_tilehasmodel
 .text          0x00113868      0x37c obj/util_lib.o
                0x00113a88                SafeRealloc
                0x00113b1c                ParseNum
                0x00113b9c                MotoLong
                0x00113868                RegisterShutdownFunction
                0x00113bc0                IntelLong
                0x00113894                Error
                0x00113a50                SafeFree
                0x00113b4c                MotoShort
                0x0011390c                CheckParm
                0x00113a00                SafeMalloc
                0x00113b74                IntelShort
                0x00113aec                ParseHex
 .text          0x00113be4      0x3ac obj/file_lib.o
                0x00113ec8                SafeRead
                0x00113e34                SafeFileExists
                0x00113e80                SafeFileLength
                0x00113d7c                SafeClose
                0x00113ce8                SafeOpenRead
                0x00113be4                SafeOpen
 .text          0x00113f90     0x2b88 obj/control.o
                0x00114c28                CONTROL_SetAnalogAxisScale
                0x001166b0                CONTROL_WaitRelease
                0x00114e1c                CONTROL_ClearAssignments
                0x00115aa4                CONTROL_AxisFunctionState
                0x001142a4                CONTROL_GetTime
                0x00114768                CONTROL_MapKey
                0x001142dc                CONTROL_CheckRange
                0x00116428                CONTROL_ClearButton
                0x00114638                CONTROL_DefineFlag
                0x001140d8                CONTROL_GetMouseSensitivity
                0x001158b8                CONTROL_PollDevices
                0x001153dc                CONTROL_DigitizeAxis
                0x00114200                CONTROL_SetJoyScale
                0x0011416c                CONTROL_FilterJoyDelta
                0x00114100                CONTROL_SetMouseSensitivity
                0x0011628c                CONTROL_ClearUserInput
                0x00114158                CONTROL_GetJoyAbs
                0x00114cc0                CONTROL_MapDigitalAxis
                0x001147d8                CONTROL_PrintKeyMap
                0x00116acc                CONTROL_Shutdown
                0x001164e4                CONTROL_GetInput
                0x00114180                CONTROL_GetJoyDelta
                0x00114dbc                CONTROL_ClearFlags
                0x00114854                CONTROL_PrintControlFlag
                0x001156e4                CONTROL_ApplyAxis
                0x0011455c                CONTROL_ClearKeyboardFunction
                0x001151c4                CONTROL_GetDeviceButtons
                0x00114704                CONTROL_FlagActive
                0x0011423c                CONTROL_StartJoy
                0x00114130                CONTROL_StartMouse
                0x001155b0                CONTROL_ScaleAxis
                0x001166d8                CONTROL_Startup
                0x00113f90                CONTROL_GetMouseDelta
                0x00115ebc                CONTROL_GetUserInput
                0x00115c98                CONTROL_ButtonFunctionState
                0x00114320                CONTROL_SetFlag
                0x00114a98                CONTROL_MapButton
                0x00114214                CONTROL_CenterJoystick
                0x00114b80                CONTROL_MapAnalogAxis
                0x001166c4                CONTROL_Ack
                0x00114920                CONTROL_PrintAxes
                0x00114278                CONTROL_ShutJoy
                0x00114428                CONTROL_KeyboardFunctionPressed
 .text          0x00116b18      0x2b0 obj/keyboard.o
                0x00116d8c                KB_Startup
                0x00116b48                KB_Addch
                0x00116bb0                KB_ScanCodeToString
                0x00116db4                KB_Shutdown
                0x00116b78                KB_ClearKeysDown
                0x00116b18                KB_KeyWaiting
                0x00116ce0                KB_TurnKeypadOn
                0x00116c48                KB_StringToScanCode
                0x00116b30                KB_Getch
                0x00116d04                KB_TurnKeypadOff
                0x00116b68                KB_FlushKeyboardQueue
                0x00116d28                KB_KeypadActive
 .text          0x00116dc8      0x120 obj/mouse.o
                0x00116ea0                MOUSE_GetPosition
                0x00116e58                MOUSE_ClearButton
                0x00116e08                MOUSE_ShowCursor
                0x00116e30                MOUSE_GetButtons
                0x00116dc8                MOUSE_Init
                0x00116df8                MOUSE_Shutdown
                0x00116ec0                MOUSE_GetDelta
                0x00116e1c                MOUSE_HideCursor
 .text          0x00116ee8      0x1dc obj/mathutil.o
                0x00116ee8                FindDistance2D
                0x00116fb4                FindDistance3D
 .text          0x001170c4     0x2874 obj/scriplib.o
                0x00118108                SCRIPT_Free
                0x001176f0                SCRIPT_AddEntry
                0x00118128                SCRIPT_Parse
                0x00119818                SCRIPT_PutNumber
                0x00117188                SCRIPT_Delete
                0x00118234                SCRIPT_Save
                0x00119690                SCRIPT_PutString
                0x001195e8                SCRIPT_PutEOL
                0x001183ac                SCRIPT_NumberSections
                0x00119608                SCRIPT_PutMultiComment
                0x00117610                SCRIPT_EntryExists
                0x00119508                SCRIPT_GetDouble
                0x001170c4                SCRIPT_New
                0x00119734                SCRIPT_PutDoubleString
                0x00117474                SCRIPT_AddSection
                0x00117354                SCRIPT_SectionExists
                0x00118744                SCRIPT_GetRaw
                0x001178a8                SCRIPT_ParseBuffer
                0x00118b34                SCRIPT_GetDoubleString
                0x001198ec                SCRIPT_PutDouble
                0x00119630                SCRIPT_PutSection
                0x00118478                SCRIPT_Section
                0x00119890                SCRIPT_PutBoolean
                0x00119308                SCRIPT_GetBoolean
                0x00118554                SCRIPT_NumberEntries
                0x001172b4                SCRIPT_FreeSection
                0x001180ac                SCRIPT_Init
                0x00118804                SCRIPT_GetString
                0x00119658                SCRIPT_PutRaw
                0x00118644                SCRIPT_Entry
                0x0011912c                SCRIPT_GetNumber
                0x00118154                SCRIPT_Load
                0x001195c4                SCRIPT_PutComment
 .text          0x00119938        0x0 obj/game_icon.o
 .text          0x00119938      0x3e8 obj/audiolib_musicstub.o
                0x00119c1c                MUSIC_SetSongPosition
                0x00119ac0                MUSIC_SetMidiChannelVolume
                0x00119aa4                MUSIC_SetVolume
                0x00119b10                MUSIC_SetLoopFlag
                0x00119cbc                MUSIC_StopFade
                0x00119a88                MUSIC_SetMaxFMMidiChannel
                0x00119a60                MUSIC_Shutdown
                0x00119bb4                MUSIC_SetContext
                0x00119c40                MUSIC_GetSongPosition
                0x00119cf0                MUSIC_RegisterTimbreBank
                0x00119b70                MUSIC_StopSong
                0x00119c78                MUSIC_FadeVolume
                0x00119c5c                MUSIC_GetSongLength
                0x00119be4                MUSIC_SetSongTick
                0x00119b8c                MUSIC_PlaySong
                0x00119b5c                MUSIC_Pause
                0x00119d0c                MUSIC_Update
                0x00119cd0                MUSIC_RerouteMidiChannel
                0x00119c00                MUSIC_SetSongTime
                0x00119bd0                MUSIC_GetContext
                0x00119938                MUSIC_ErrorString
                0x00119af4                MUSIC_GetVolume
                0x00119a30                MUSIC_Init
                0x00119ae0                MUSIC_ResetMidiChannelVolumes
                0x00119ca0                MUSIC_FadeActive
                0x00119b48                MUSIC_Continue
                0x00119b2c                MUSIC_SongPlaying
 .text          0x00119d20      0x2f0 obj/audiolib_fxstub.o
                0x00119ed0                FX_PlayLoopedVOC
                0x00119f90                FX_Pan3D
                0x00119f60                FX_PlayWAV3D
                0x00119db0                FX_Init
                0x00119e90                FX_SetReverbDelay
                0x00119de0                FX_Shutdown
                0x00119e20                FX_SetVolume
                0x00119f00                FX_PlayLoopedWAV
                0x00119e3c                FX_SetReverseStereo
                0x00119dfc                FX_SetCallBack
                0x00119fe0                FX_StopAllSounds
                0x00119eac                FX_VoiceAvailable
                0x00119f30                FX_PlayVOC3D
                0x00119ffc                AudioUpdate
                0x00119e74                FX_SetReverb
                0x00119e58                FX_GetReverseStereo
                0x00119d20                FX_ErrorString
                0x00119fbc                FX_StopSound
 .text          0x0011a010     0x45e0 eobj/libengine.a(cache1d.o)
                0x0011a1ac                allocache
                0x0011bcf0                kopen4load
                0x0011b464                initgroupfile
                0x0011c9e0                beginsearchgroup
                0x0011d49c                dfread
                0x0011d8d4                dfwrite
                0x0011b958                uninitsinglegroupfile
                0x0011b1a8                openfrompath
                0x0011bbe0                uninitgroupfile
                0x0011c3ec                klseek
                0x0011c12c                kread
                0x0011aff0                addsearchpath
                0x0011dcf8                lzwcompress
                0x0011a0dc                initcache
                0x0011c8d8                kclose
                0x0011b30c                fopenfrompath
                0x0011c61c                kfilelength
                0x0011a928                suckcache
                0x0011acbc                agecache
                0x0011d05c                kdfread
                0x0011ce4c                getsearchgroupnext
                0x0011e240                lzwuncompress
                0x0011c788                ktell
 .text          0x0011e5f0      0xcac eobj/libengine.a(compat.o)
                0x0011ed88                Bstrtoken
                0x0011ef0c                Bwildmatch
                0x0011ea98                Bgetsystemdrives
                0x0011ebbc                Breaddir
                0x0011e5f0                Bgethomedir
                0x0011f0bc                Bstrlwr
                0x0011eb04                Bopendir
                0x0011e648                Bcorrectfilename
                0x0011f140                Bstrupr
                0x0011f1c4                Bgetsysmemsize
                0x0011eab4                Bfilelength
                0x0011ed48                Bclosedir
 .text          0x0011f29c      0x228 eobj/libengine.a(crc32.o)
                0x0011f488                crc32finish
                0x0011f3ac                crc32init
                0x0011f35c                crc32
                0x0011f3e0                crc32block
                0x0011f29c                initcrc32table
 .text          0x0011f4c4     0x1fc0 eobj/libengine.a(defs.o)
                0x00121420                loaddefinitionsfile
 *fill*         0x00121484        0x4 00000000
 .text          0x00121488    0x394e0 eobj/libengine.a(engine.o)
                0x00146324                ksqrt
                0x0015a910                setrollangle
                0x001578f8                draw2dgrid
                0x00159458                printext16
                0x0015a860                screencapture
                0x00145d50                inside
                0x00159658                printext256
                0x0015298c                setviewtotile
                0x001456bc                clipinsidebox
                0x001530b4                preparemirror
                0x001525f8                setpalettefadeclamps
                0x00151260                rotatesprite
                0x0013dd04                drawmasks
                0x00143a28                saveboard
                0x001551ec                loopnumofsector
                0x00155360                setfirstwall
                0x00145214                allocatepermanenttile
                0x0015a92c                invalidatetile
                0x0013ca98                uninitengine
                0x00153e70                getflorzofslope
                0x0014f6f4                getzrange
                0x00157c7c                draw2dscreen
                0x001542f8                getzsofslope
                0x00153690                sectorofwall
                0x00145a8c                clipinsideboxline
                0x00141844                loadboard
                0x00156554                drawline16
                0x00144ecc                loadtile
                0x0014f648                getmousevalues
                0x00157838                clear2dscreen
                0x001574f4                qsetmode640480
                0x00149748                neartag
                0x00151f64                setbrightness
                0x001573e0                qsetmode640350
                0x00145404                copytilepiece
                0x0013eb3c                drawmapview
                0x00154c98                alignflorslope
                0x0015a954                setpolymost2dview
                0x0014a4b4                dragpoint
                0x00144360                nextpage
                0x00152718                clearview
                0x0015a8d0                setrendermode
                0x0014ef64                updatesector
                0x0015474c                alignceilslope
                0x0015286c                plotpixel
                0x0015a8f4                getrendermode
                0x001214f8                hicsetpalettetint
                0x001466cc                changespritesect
                0x00152eac                squarerotatetile
                0x00152c44                setviewback
                0x00151148                setaspect
                0x00121488                kmalloc
                0x00151228                flushperms
                0x00147364                hitscan
                0x0014698c                nextsectorneighborz
                0x0014f1dc                updatesectorz
                0x00121560                hicsetskybox
                0x00143a04                loadmaphack
                0x00152258                setpalettefade
                0x0014f67c                krand
                0x00152900                getpixel
                0x0012158c                hicclearsubst
                0x00144710                loadpics
                0x001215b4                polymost_drawtilescreen
                0x00153448                completemirror
                0x0014682c                changespritestat
                0x00146690                deletesprite
                0x001460b8                getangle
                0x00151df0                setvgapalette
                0x00156cf8                drawcircle16
                0x00151a54                makepalookup
                0x0014664c                insertsprite
                0x0013c814                initengine
                0x00157650                qsetmodeany
                0x00121530                hicsetsubsttex
                0x00146d0c                cansee
                0x001214b0                kfree
                0x0013cbd8                initspritelists
                0x00143fb4                setgamemode
                0x0014aa58                lastwall
                0x0015a108                screencapture_pcx
                0x00155e70                drawline256
                0x00146350                krecip
                0x00146378                setsprite
                0x00159854                screencapture_tga
                0x00150e74                setview
                0x001214d0                getkensmessagecrc
                0x0014e2ec                pushmove
                0x00152808                clearallviews
                0x0013ce84                drawrooms
                0x00153954                getceilzofslope
                0x0014f550                rotatepoint
                0x0014ab88                clipmove
 .text          0x0015a968     0xb1e0 eobj/libengine.a(kplib.o)
                0x00163e64                kzuninit
                0x00165784                kzfilelength
                0x00163424                kprender
                0x001657d0                kzseek
                0x00163ec4                kzaddstack
                0x0016440c                kzopen
                0x001658d0                kztell
                0x00165a04                kpzload
                0x00164a60                kzread
                0x001659c8                kzclose
                0x00164798                kzfindfile
                0x0016591c                kzgetc
                0x00164758                kzfindfilestart
                0x00162e50                kpgetdim
                0x00165968                kzeof
 .text          0x00165b48     0x2518 eobj/libengine.a(mmulti.o)
                0x00165c0c                netinit
                0x0016621c                genericmultifunction
                0x001662a4                sendlogoff
                0x001677bc                getpacket
                0x001665a4                initmultiplayersparms
                0x00167694                sendpacket
                0x00165bdc                netuninit
                0x00165db8                netsend
                0x00165fb4                isvalidipaddress
                0x00166290                sendlogon
                0x001671d8                initmultiplayers
                0x00166244                getoutputcirclesize
                0x00167240                dosendpackets
                0x001661fc                setpackettimeout
                0x00165e80                netread
                0x00166fbc                initmultiplayerscycle
                0x00166260                setsocket
                0x00166464                uninitmultiplayers
                0x0016627c                flushpackets
 .text          0x00168060     0x3a5c eobj/libengine.a(osd.o)
                0x0016a698                OSD_Printf
                0x0016b2c0                OSD_RegisterVariable
                0x00168584                osd_internal_validate_string
                0x00168be4                OSD_SetParameters
                0x00168884                OSD_Cleanup
                0x0016a06c                OSD_ResizeDisplay
                0x0016a890                OSD_DispatchQueued
                0x00168c6c                OSD_CaptureKey
                0x001689a0                OSD_SetLogFile
                0x00168c98                OSD_HandleKey
                0x0016aff4                OSD_RegisterFunction
                0x0016abcc                OSD_Dispatch
                0x00168a3c                OSD_SetFunctions
                0x001688ec                OSD_Init
                0x001685cc                osd_internal_validate_boolean
                0x0016a298                OSD_ShowDisplay
                0x001685a8                osd_internal_validate_integer
                0x0016a338                OSD_Draw
 .text          0x0016babc      0x4bc eobj/libengine.a(pragmas.o)
                0x0016be68                copybufbyte
                0x0016bc44                copybuf
                0x0016bb44                qinterpolatedown16short
                0x0016bccc                swapbuf4
                0x0016bbd4                clearbuf
                0x0016bd74                clearbufbyte
                0x0016babc                qinterpolatedown16
                0x0016bef0                copybufreverse
 .text          0x0016bf78     0x14ec eobj/libengine.a(scriptfile.o)
                0x0016d1dc                scriptfile_getsymbolvalue
                0x0016c034                scriptfile_gettoken
                0x0016c318                scriptfile_getdouble
                0x0016d408                scriptfile_clearsymbols
                0x0016c590                scriptfile_getbraces
                0x0016d024                scriptfile_close
                0x0016c49c                scriptfile_getsymbol
                0x0016cf18                scriptfile_fromstring
                0x0016d2c0                scriptfile_addsymbolvalue
                0x0016cdd0                scriptfile_fromfile
                0x0016c13c                scriptfile_getnumber
                0x0016c830                scriptfile_preparse
                0x0016c0ac                scriptfile_getstring
                0x0016c73c                scriptfile_getlinum
 .text          0x0016d464     0x2f40 eobj/libengine.a(sdlayer.o)
                0x0016e13c                uninitmouse
                0x0016e518                getticks
                0x0016e530                gettimerfreq
                0x0016d9bc                uninitsystem
                0x0016fca8                setgamma
                0x0016d464                wm_msgbox
                0x0016e424                sampletimer
                0x0016e054                setkeypresscallback
                0x0016fb68                setpalette
                0x0016d57c                wm_setapptitle
                0x0016fda4                handleevents
                0x0016e080                setmousepresscallback
                0x0016e334                inittimer
                0x0016f7cc                begindrawing
                0x0016da98                initinput
                0x0016e250                readmousebstatus
                0x0016e0ac                setjoypresscallback
                0x0016e3f0                uninittimer
                0x0016de18                getjoyname
                0x0016e320                releaseallbuttons
                0x0016df44                bgetchar
                0x0016dfe0                bkbhit
                0x0016d9d8                initprintf
                0x0016da54                debugprintf
                0x0016e0d8                initmouse
                0x0016d4bc                wm_ynbox
                0x0016e68c                getvalidmodes
                0x0016f414                setvideomode
                0x0016f798                resetvideomode
                0x0016f9d0                enddrawing
                0x0016e1a4                readmousexy
                0x0016f0bc                checkvideomode
                0x0016d628                initsystem
                0x0016e184                grabmouse
                0x0016fae4                showframe
                0x0016e2b8                setjoydeadzone
                0x0016ddb8                getkeyname
                0x0016dd74                uninitinput
                0x0016e554                installusertimercallback
                0x0016e01c                bflushchars
                0x0016e2e0                getjoydeadzone
                0x0016d5cc                main
 .text          0x001703a4     0x13e4 eobj/libengine.a(a-c.o)
                0x00170944                mvlineasm1
                0x0017081c                setupvlineasm
                0x00170a28                setuptvlineasm
                0x001706b4                slopevlin
                0x00170420                settransreverse
                0x001713b4                tspritevline
                0x00170df4                thline
                0x001715dc                setupdrawslab
                0x001703fc                settransnormal
                0x00170c30                msethlineshift
                0x00170a54                tvlineasm1
                0x00170db4                tsethlineshift
                0x00170504                hlineasm4
                0x0017161c                drawslab
                0x001704c4                setuphlineasm4
                0x00170c70                mhline
                0x00170848                vlineasm1
                0x001703d0                fixtransluscence
                0x001716f0                stretchhline
                0x001711dc                msetupspritevline
                0x00171774                mmxoverlay
                0x00170918                setupmvlineasm
                0x0017134c                tsetupspritevline
                0x001703a4                setvlinebpl
                0x00171080                setupspritevline
                0x00170648                setupslopevlin
                0x00170498                setpalookupaddress
                0x001710e8                spritevline
                0x00171244                mspritevline
                0x00170444                sethlinesizes
 .text          0x00171788      0x1b4 eobj/libengine.a(baselayer.o)
                0x001718dc                baselayer_init
 .text          0x0017193c        0x0 eobj/libengine.a(engineinfo.o)
 .text          0x0017193c      0x208 /srv/preware/cross-compile/toolchain/arm-2007q3/bin/../lib/gcc/arm-none-linux-gnueabi/4.2.1/libgcc.a(_udivsi3.o)
                0x0017193c                __udivsi3
                0x0017193c                __aeabi_uidiv
                0x00171b2c                __aeabi_uidivmod
 .text          0x00171b44      0x238 /srv/preware/cross-compile/toolchain/arm-2007q3/bin/../lib/gcc/arm-none-linux-gnueabi/4.2.1/libgcc.a(_divsi3.o)
                0x00171b44                __divsi3
                0x00171d64                __aeabi_idivmod
                0x00171b44                __aeabi_idiv
 .text          0x00171d7c      0x3b8 /srv/preware/cross-compile/toolchain/arm-2007q3/bin/../lib/gcc/arm-none-linux-gnueabi/4.2.1/libgcc.a(_arm_addsubdf3.o)
                0x001720c0                __floatundidf
                0x00172058                __floatsidf
                0x00172034                __aeabi_ui2d
                0x00172058                __aeabi_i2d
                0x00172034                __floatunsidf
                0x00171d84                __subdf3
                0x001720d4                __floatdidf
                0x00171d88                __adddf3
                0x001720d4                __aeabi_l2d
                0x00172080                __aeabi_f2d
                0x001720c0                __aeabi_ul2d
                0x00171d7c                __aeabi_drsub
                0x00172080                __extendsfdf2
                0x00171d88                __aeabi_dadd
                0x00171d84                __aeabi_dsub
 .text          0x00172134      0x470 /srv/preware/cross-compile/toolchain/arm-2007q3/bin/../lib/gcc/arm-none-linux-gnueabi/4.2.1/libgcc.a(_arm_muldivdf3.o)
                0x00172134                __muldf3
                0x001723a0                __divdf3
                0x00172134                __aeabi_dmul
                0x001723a0                __aeabi_ddiv
 .text          0x001725a4       0x54 /srv/preware/cross-compile/toolchain/arm-2007q3/bin/../lib/gcc/arm-none-linux-gnueabi/4.2.1/libgcc.a(_arm_fixunsdfsi.o)
                0x001725a4                __fixunsdfsi
                0x001725a4                __aeabi_d2uiz
 .text          0x001725f8       0xa0 /srv/preware/cross-compile/toolchain/arm-2007q3/bin/../lib/gcc/arm-none-linux-gnueabi/4.2.1/libgcc.a(_arm_truncdfsf2.o)
                0x001725f8                __aeabi_d2f
                0x001725f8                __truncdfsf2
 .text          0x00172698      0x250 /srv/preware/cross-compile/toolchain/arm-2007q3/bin/../lib/gcc/arm-none-linux-gnueabi/4.2.1/libgcc.a(_arm_addsubsf3.o)
                0x001726a4                __aeabi_fadd
                0x0017286c                __aeabi_l2f
                0x0017285c                __aeabi_ul2f
                0x001726a0                __subsf3
                0x0017283c                __floatsisf
                0x001726a4                __addsf3
                0x00172698                __aeabi_frsub
                0x0017286c                __floatdisf
                0x001726a0                __aeabi_fsub
                0x00172834                __aeabi_ui2f
                0x0017283c                __aeabi_i2f
                0x00172834                __floatunsisf
                0x0017285c                __floatundisf
 .text          0x001728e8       0x1c /srv/preware/cross-compile/toolchain/arm-2007q3/bin/../lib/gcc/arm-none-linux-gnueabi/4.2.1/libgcc.a(_aeabi_ldivmod.o)
                0x001728e8                __aeabi_ldivmod
 .text          0x00172904       0x10 /srv/preware/cross-compile/toolchain/arm-2007q3/bin/../lib/gcc/arm-none-linux-gnueabi/4.2.1/libgcc.a(_dvmd_lnx.o)
                0x00172904                __div0
 .text          0x00172914       0x88 /srv/preware/cross-compile/toolchain/arm-2007q3/bin/../lib/gcc/arm-none-linux-gnueabi/4.2.1/libgcc.a(bpabi.o)
                0x00172958                __gnu_ldivmod_helper
                0x00172914                __gnu_uldivmod_helper
 .text          0x0017299c      0x59c /srv/preware/cross-compile/toolchain/arm-2007q3/bin/../lib/gcc/arm-none-linux-gnueabi/4.2.1/libgcc.a(_divdi3.o)
                0x0017299c                __divdi3
 .text          0x00172f38      0x530 /srv/preware/cross-compile/toolchain/arm-2007q3/bin/../lib/gcc/arm-none-linux-gnueabi/4.2.1/libgcc.a(_udivdi3.o)
                0x00172f38                __udivdi3
 .text          0x00173468        0x0 /srv/preware/cross-compile/toolchain/arm-2007q3/bin/../lib/gcc/arm-none-linux-gnueabi/4.2.1/libgcc.a(_clz.o)
 .text          0x00173468       0x6c /usr/lib/libc_nonshared.a(elf-init.oS)
                0x00173468                __libc_csu_fini
                0x0017346c                __libc_csu_init
 .text          0x001734d4       0x28 /usr/lib/libc_nonshared.a(atexit.oS)
                0x001734d4                atexit
 .text          0x001734fc       0x10 /usr/lib/libc_nonshared.a(stat.oS)
                0x001734fc                __stat
                0x001734fc                stat
 .text          0x0017350c       0x10 /usr/lib/libc_nonshared.a(fstat.oS)
                0x0017350c                __fstat
                0x0017350c                fstat
 .text          0x0017351c        0x0 /srv/preware/cross-compile/toolchain/arm-2007q3/bin/../lib/gcc/arm-none-linux-gnueabi/4.2.1/crtend.o
 .text          0x0017351c        0x0 /srv/preware/cross-compile/toolchain/arm-2007q3/bin/../arm-none-linux-gnueabi/libc/usr/lib/crtn.o
 *(.text.*personality*)
 *(.gnu.warning)
 *(.glue_7t)
 .glue_7t       0x0017351c        0x0 /srv/preware/cross-compile/toolchain/arm-2007q3/bin/../arm-none-linux-gnueabi/libc/usr/lib/crt1.o
 .glue_7t       0x0017351c        0x0 /srv/preware/cross-compile/toolchain/arm-2007q3/bin/../arm-none-linux-gnueabi/libc/usr/lib/crti.o
 .glue_7t       0x0017351c        0x0 /srv/preware/cross-compile/toolchain/arm-2007q3/bin/../lib/gcc/arm-none-linux-gnueabi/4.2.1/crtbegin.o
 .glue_7t       0x0017351c        0x0 obj/game.o
 .glue_7t       0x0017351c        0x0 obj/actors.o
 .glue_7t       0x0017351c        0x0 obj/gamedef.o
 .glue_7t       0x0017351c        0x0 obj/global.o
 .glue_7t       0x0017351c        0x0 obj/menues.o
 .glue_7t       0x0017351c        0x0 obj/player.o
 .glue_7t       0x0017351c        0x0 obj/premap.o
 .glue_7t       0x0017351c        0x0 obj/sector.o
 .glue_7t       0x0017351c        0x0 obj/sounds.o
 .glue_7t       0x0017351c        0x0 obj/rts.o
 .glue_7t       0x0017351c        0x0 obj/config.o
 .glue_7t       0x0017351c        0x0 obj/animlib.o
 .glue_7t       0x0017351c        0x0 obj/testcd.o
 .glue_7t       0x0017351c        0x0 obj/osdfuncs.o
 .glue_7t       0x0017351c        0x0 obj/osdcmds.o
 .glue_7t       0x0017351c        0x0 obj/missing.o
 .glue_7t       0x0017351c        0x0 obj/util_lib.o
 .glue_7t       0x0017351c        0x0 obj/file_lib.o
 .glue_7t       0x0017351c        0x0 obj/control.o
 .glue_7t       0x0017351c        0x0 obj/keyboard.o
 .glue_7t       0x0017351c        0x0 obj/mouse.o
 .glue_7t       0x0017351c        0x0 obj/mathutil.o
 .glue_7t       0x0017351c        0x0 obj/scriplib.o
 .glue_7t       0x0017351c        0x0 obj/game_icon.o
 .glue_7t       0x0017351c        0x0 obj/audiolib_musicstub.o
 .glue_7t       0x0017351c        0x0 obj/audiolib_fxstub.o
 .glue_7t       0x0017351c        0x0 eobj/libengine.a(cache1d.o)
 .glue_7t       0x0017351c        0x0 eobj/libengine.a(compat.o)
 .glue_7t       0x0017351c        0x0 eobj/libengine.a(crc32.o)
 .glue_7t       0x0017351c        0x0 eobj/libengine.a(defs.o)
 .glue_7t       0x0017351c        0x0 eobj/libengine.a(engine.o)
 .glue_7t       0x0017351c        0x0 eobj/libengine.a(kplib.o)
 .glue_7t       0x0017351c        0x0 eobj/libengine.a(mmulti.o)
 .glue_7t       0x0017351c        0x0 eobj/libengine.a(osd.o)
 .glue_7t       0x0017351c        0x0 eobj/libengine.a(pragmas.o)
 .glue_7t       0x0017351c        0x0 eobj/libengine.a(scriptfile.o)
 .glue_7t       0x0017351c        0x0 eobj/libengine.a(sdlayer.o)
 .glue_7t       0x0017351c        0x0 eobj/libengine.a(a-c.o)
 .glue_7t       0x0017351c        0x0 eobj/libengine.a(baselayer.o)
 .glue_7t       0x0017351c        0x0 eobj/libengine.a(engineinfo.o)
 .glue_7t       0x0017351c        0x0 /srv/preware/cross-compile/toolchain/arm-2007q3/arm-none-linux-gnueabi/libc/usr/lib/libm.so
 .glue_7t       0x0017351c        0x0 /usr/local/lib/libSDL.so
 .glue_7t       0x0017351c        0x0 /lib/libpthread.so.0
 .glue_7t       0x0017351c        0x0 /srv/preware/cross-compile/toolchain/arm-2007q3/bin/../lib/gcc/arm-none-linux-gnueabi/4.2.1/libgcc.a(_udivsi3.o)
 .glue_7t       0x0017351c        0x0 /srv/preware/cross-compile/toolchain/arm-2007q3/bin/../lib/gcc/arm-none-linux-gnueabi/4.2.1/libgcc.a(_divsi3.o)
 .glue_7t       0x0017351c        0x0 /srv/preware/cross-compile/toolchain/arm-2007q3/bin/../lib/gcc/arm-none-linux-gnueabi/4.2.1/libgcc.a(_arm_addsubdf3.o)
 .glue_7t       0x0017351c        0x0 /srv/preware/cross-compile/toolchain/arm-2007q3/bin/../lib/gcc/arm-none-linux-gnueabi/4.2.1/libgcc.a(_arm_muldivdf3.o)
 .glue_7t       0x0017351c        0x0 /srv/preware/cross-compile/toolchain/arm-2007q3/bin/../lib/gcc/arm-none-linux-gnueabi/4.2.1/libgcc.a(_arm_fixunsdfsi.o)
 .glue_7t       0x0017351c        0x0 /srv/preware/cross-compile/toolchain/arm-2007q3/bin/../lib/gcc/arm-none-linux-gnueabi/4.2.1/libgcc.a(_arm_truncdfsf2.o)
 .glue_7t       0x0017351c        0x0 /srv/preware/cross-compile/toolchain/arm-2007q3/bin/../lib/gcc/arm-none-linux-gnueabi/4.2.1/libgcc.a(_arm_addsubsf3.o)
 .glue_7t       0x0017351c        0x0 /srv/preware/cross-compile/toolchain/arm-2007q3/bin/../lib/gcc/arm-none-linux-gnueabi/4.2.1/libgcc.a(_aeabi_ldivmod.o)
 .glue_7t       0x0017351c        0x0 /srv/preware/cross-compile/toolchain/arm-2007q3/bin/../lib/gcc/arm-none-linux-gnueabi/4.2.1/libgcc.a(_dvmd_lnx.o)
 .glue_7t       0x0017351c        0x0 /srv/preware/cross-compile/toolchain/arm-2007q3/bin/../lib/gcc/arm-none-linux-gnueabi/4.2.1/libgcc.a(bpabi.o)
 .glue_7t       0x0017351c        0x0 /srv/preware/cross-compile/toolchain/arm-2007q3/bin/../lib/gcc/arm-none-linux-gnueabi/4.2.1/libgcc.a(_divdi3.o)
 .glue_7t       0x0017351c        0x0 /srv/preware/cross-compile/toolchain/arm-2007q3/bin/../lib/gcc/arm-none-linux-gnueabi/4.2.1/libgcc.a(_udivdi3.o)
 .glue_7t       0x0017351c        0x0 /srv/preware/cross-compile/toolchain/arm-2007q3/bin/../lib/gcc/arm-none-linux-gnueabi/4.2.1/libgcc.a(_clz.o)
 .glue_7t       0x0017351c        0x0 /srv/preware/cross-compile/toolchain/arm-2007q3/arm-none-linux-gnueabi/libc/lib/libgcc_s.so
 .glue_7t       0x0017351c        0x0 /lib/libc.so.6
 .glue_7t       0x0017351c        0x0 /usr/lib/libc_nonshared.a(elf-init.oS)
 .glue_7t       0x0017351c        0x0 /usr/lib/libc_nonshared.a(atexit.oS)
 .glue_7t       0x0017351c        0x0 /usr/lib/libc_nonshared.a(stat.oS)
 .glue_7t       0x0017351c        0x0 /usr/lib/libc_nonshared.a(fstat.oS)
 .glue_7t       0x0017351c        0x0 /lib/ld-linux.so.3
 .glue_7t       0x0017351c        0x0 /srv/preware/cross-compile/toolchain/arm-2007q3/arm-none-linux-gnueabi/libc/lib/libgcc_s.so
 .glue_7t       0x0017351c        0x0 /srv/preware/cross-compile/toolchain/arm-2007q3/bin/../lib/gcc/arm-none-linux-gnueabi/4.2.1/crtend.o
 .glue_7t       0x0017351c        0x0 /srv/preware/cross-compile/toolchain/arm-2007q3/bin/../arm-none-linux-gnueabi/libc/usr/lib/crtn.o
 *(.glue_7)
 .glue_7        0x0017351c        0x0 /srv/preware/cross-compile/toolchain/arm-2007q3/bin/../arm-none-linux-gnueabi/libc/usr/lib/crt1.o
 .glue_7        0x0017351c        0x0 /srv/preware/cross-compile/toolchain/arm-2007q3/bin/../arm-none-linux-gnueabi/libc/usr/lib/crti.o
 .glue_7        0x0017351c        0x0 /srv/preware/cross-compile/toolchain/arm-2007q3/bin/../lib/gcc/arm-none-linux-gnueabi/4.2.1/crtbegin.o
 .glue_7        0x0017351c        0x0 obj/game.o
 .glue_7        0x0017351c        0x0 obj/actors.o
 .glue_7        0x0017351c        0x0 obj/gamedef.o
 .glue_7        0x0017351c        0x0 obj/global.o
 .glue_7        0x0017351c        0x0 obj/menues.o
 .glue_7        0x0017351c        0x0 obj/player.o
 .glue_7        0x0017351c        0x0 obj/premap.o
 .glue_7        0x0017351c        0x0 obj/sector.o
 .glue_7        0x0017351c        0x0 obj/sounds.o
 .glue_7        0x0017351c        0x0 obj/rts.o
 .glue_7        0x0017351c        0x0 obj/config.o
 .glue_7        0x0017351c        0x0 obj/animlib.o
 .glue_7        0x0017351c        0x0 obj/testcd.o
 .glue_7        0x0017351c        0x0 obj/osdfuncs.o
 .glue_7        0x0017351c        0x0 obj/osdcmds.o
 .glue_7        0x0017351c        0x0 obj/missing.o
 .glue_7        0x0017351c        0x0 obj/util_lib.o
 .glue_7        0x0017351c        0x0 obj/file_lib.o
 .glue_7        0x0017351c        0x0 obj/control.o
 .glue_7        0x0017351c        0x0 obj/keyboard.o
 .glue_7        0x0017351c        0x0 obj/mouse.o
 .glue_7        0x0017351c        0x0 obj/mathutil.o
 .glue_7        0x0017351c        0x0 obj/scriplib.o
 .glue_7        0x0017351c        0x0 obj/game_icon.o
 .glue_7        0x0017351c        0x0 obj/audiolib_musicstub.o
 .glue_7        0x0017351c        0x0 obj/audiolib_fxstub.o
 .glue_7        0x0017351c        0x0 eobj/libengine.a(cache1d.o)
 .glue_7        0x0017351c        0x0 eobj/libengine.a(compat.o)
 .glue_7        0x0017351c        0x0 eobj/libengine.a(crc32.o)
 .glue_7        0x0017351c        0x0 eobj/libengine.a(defs.o)
 .glue_7        0x0017351c        0x0 eobj/libengine.a(engine.o)
 .glue_7        0x0017351c        0x0 eobj/libengine.a(kplib.o)
 .glue_7        0x0017351c        0x0 eobj/libengine.a(mmulti.o)
 .glue_7        0x0017351c        0x0 eobj/libengine.a(osd.o)
 .glue_7        0x0017351c        0x0 eobj/libengine.a(pragmas.o)
 .glue_7        0x0017351c        0x0 eobj/libengine.a(scriptfile.o)
 .glue_7        0x0017351c        0x0 eobj/libengine.a(sdlayer.o)
 .glue_7        0x0017351c        0x0 eobj/libengine.a(a-c.o)
 .glue_7        0x0017351c        0x0 eobj/libengine.a(baselayer.o)
 .glue_7        0x0017351c        0x0 eobj/libengine.a(engineinfo.o)
 .glue_7        0x0017351c        0x0 /srv/preware/cross-compile/toolchain/arm-2007q3/arm-none-linux-gnueabi/libc/usr/lib/libm.so
 .glue_7        0x0017351c        0x0 /usr/local/lib/libSDL.so
 .glue_7        0x0017351c        0x0 /lib/libpthread.so.0
 .glue_7        0x0017351c        0x0 /srv/preware/cross-compile/toolchain/arm-2007q3/bin/../lib/gcc/arm-none-linux-gnueabi/4.2.1/libgcc.a(_udivsi3.o)
 .glue_7        0x0017351c        0x0 /srv/preware/cross-compile/toolchain/arm-2007q3/bin/../lib/gcc/arm-none-linux-gnueabi/4.2.1/libgcc.a(_divsi3.o)
 .glue_7        0x0017351c        0x0 /srv/preware/cross-compile/toolchain/arm-2007q3/bin/../lib/gcc/arm-none-linux-gnueabi/4.2.1/libgcc.a(_arm_addsubdf3.o)
 .glue_7        0x0017351c        0x0 /srv/preware/cross-compile/toolchain/arm-2007q3/bin/../lib/gcc/arm-none-linux-gnueabi/4.2.1/libgcc.a(_arm_muldivdf3.o)
 .glue_7        0x0017351c        0x0 /srv/preware/cross-compile/toolchain/arm-2007q3/bin/../lib/gcc/arm-none-linux-gnueabi/4.2.1/libgcc.a(_arm_fixunsdfsi.o)
 .glue_7        0x0017351c        0x0 /srv/preware/cross-compile/toolchain/arm-2007q3/bin/../lib/gcc/arm-none-linux-gnueabi/4.2.1/libgcc.a(_arm_truncdfsf2.o)
 .glue_7        0x0017351c        0x0 /srv/preware/cross-compile/toolchain/arm-2007q3/bin/../lib/gcc/arm-none-linux-gnueabi/4.2.1/libgcc.a(_arm_addsubsf3.o)
 .glue_7        0x0017351c        0x0 /srv/preware/cross-compile/toolchain/arm-2007q3/bin/../lib/gcc/arm-none-linux-gnueabi/4.2.1/libgcc.a(_aeabi_ldivmod.o)
 .glue_7        0x0017351c        0x0 /srv/preware/cross-compile/toolchain/arm-2007q3/bin/../lib/gcc/arm-none-linux-gnueabi/4.2.1/libgcc.a(_dvmd_lnx.o)
 .glue_7        0x0017351c        0x0 /srv/preware/cross-compile/toolchain/arm-2007q3/bin/../lib/gcc/arm-none-linux-gnueabi/4.2.1/libgcc.a(bpabi.o)
 .glue_7        0x0017351c        0x0 /srv/preware/cross-compile/toolchain/arm-2007q3/bin/../lib/gcc/arm-none-linux-gnueabi/4.2.1/libgcc.a(_divdi3.o)
 .glue_7        0x0017351c        0x0 /srv/preware/cross-compile/toolchain/arm-2007q3/bin/../lib/gcc/arm-none-linux-gnueabi/4.2.1/libgcc.a(_udivdi3.o)
 .glue_7        0x0017351c        0x0 /srv/preware/cross-compile/toolchain/arm-2007q3/bin/../lib/gcc/arm-none-linux-gnueabi/4.2.1/libgcc.a(_clz.o)
 .glue_7        0x0017351c        0x0 /srv/preware/cross-compile/toolchain/arm-2007q3/arm-none-linux-gnueabi/libc/lib/libgcc_s.so
 .glue_7        0x0017351c        0x0 /lib/libc.so.6
 .glue_7        0x0017351c        0x0 /usr/lib/libc_nonshared.a(elf-init.oS)
 .glue_7        0x0017351c        0x0 /usr/lib/libc_nonshared.a(atexit.oS)
 .glue_7        0x0017351c        0x0 /usr/lib/libc_nonshared.a(stat.oS)
 .glue_7        0x0017351c        0x0 /usr/lib/libc_nonshared.a(fstat.oS)
 .glue_7        0x0017351c        0x0 /lib/ld-linux.so.3
 .glue_7        0x0017351c        0x0 /srv/preware/cross-compile/toolchain/arm-2007q3/arm-none-linux-gnueabi/libc/lib/libgcc_s.so
 .glue_7        0x0017351c        0x0 /srv/preware/cross-compile/toolchain/arm-2007q3/bin/../lib/gcc/arm-none-linux-gnueabi/4.2.1/crtend.o
 .glue_7        0x0017351c        0x0 /srv/preware/cross-compile/toolchain/arm-2007q3/bin/../arm-none-linux-gnueabi/libc/usr/lib/crtn.o
 *(.vfp11_veneer)
 .vfp11_veneer  0x0017351c        0x0 /srv/preware/cross-compile/toolchain/arm-2007q3/bin/../arm-none-linux-gnueabi/libc/usr/lib/crt1.o
 .vfp11_veneer  0x0017351c        0x0 /srv/preware/cross-compile/toolchain/arm-2007q3/bin/../arm-none-linux-gnueabi/libc/usr/lib/crti.o
 .vfp11_veneer  0x0017351c        0x0 /srv/preware/cross-compile/toolchain/arm-2007q3/bin/../lib/gcc/arm-none-linux-gnueabi/4.2.1/crtbegin.o
 .vfp11_veneer  0x0017351c        0x0 obj/game.o
 .vfp11_veneer  0x0017351c        0x0 obj/actors.o
 .vfp11_veneer  0x0017351c        0x0 obj/gamedef.o
 .vfp11_veneer  0x0017351c        0x0 obj/global.o
 .vfp11_veneer  0x0017351c        0x0 obj/menues.o
 .vfp11_veneer  0x0017351c        0x0 obj/player.o
 .vfp11_veneer  0x0017351c        0x0 obj/premap.o
 .vfp11_veneer  0x0017351c        0x0 obj/sector.o
 .vfp11_veneer  0x0017351c        0x0 obj/sounds.o
 .vfp11_veneer  0x0017351c        0x0 obj/rts.o
 .vfp11_veneer  0x0017351c        0x0 obj/config.o
 .vfp11_veneer  0x0017351c        0x0 obj/animlib.o
 .vfp11_veneer  0x0017351c        0x0 obj/testcd.o
 .vfp11_veneer  0x0017351c        0x0 obj/osdfuncs.o
 .vfp11_veneer  0x0017351c        0x0 obj/osdcmds.o
 .vfp11_veneer  0x0017351c        0x0 obj/missing.o
 .vfp11_veneer  0x0017351c        0x0 obj/util_lib.o
 .vfp11_veneer  0x0017351c        0x0 obj/file_lib.o
 .vfp11_veneer  0x0017351c        0x0 obj/control.o
 .vfp11_veneer  0x0017351c        0x0 obj/keyboard.o
 .vfp11_veneer  0x0017351c        0x0 obj/mouse.o
 .vfp11_veneer  0x0017351c        0x0 obj/mathutil.o
 .vfp11_veneer  0x0017351c        0x0 obj/scriplib.o
 .vfp11_veneer  0x0017351c        0x0 obj/game_icon.o
 .vfp11_veneer  0x0017351c        0x0 obj/audiolib_musicstub.o
 .vfp11_veneer  0x0017351c        0x0 obj/audiolib_fxstub.o
 .vfp11_veneer  0x0017351c        0x0 eobj/libengine.a(cache1d.o)
 .vfp11_veneer  0x0017351c        0x0 eobj/libengine.a(compat.o)
 .vfp11_veneer  0x0017351c        0x0 eobj/libengine.a(crc32.o)
 .vfp11_veneer  0x0017351c        0x0 eobj/libengine.a(defs.o)
 .vfp11_veneer  0x0017351c        0x0 eobj/libengine.a(engine.o)
 .vfp11_veneer  0x0017351c        0x0 eobj/libengine.a(kplib.o)
 .vfp11_veneer  0x0017351c        0x0 eobj/libengine.a(mmulti.o)
 .vfp11_veneer  0x0017351c        0x0 eobj/libengine.a(osd.o)
 .vfp11_veneer  0x0017351c        0x0 eobj/libengine.a(pragmas.o)
 .vfp11_veneer  0x0017351c        0x0 eobj/libengine.a(scriptfile.o)
 .vfp11_veneer  0x0017351c        0x0 eobj/libengine.a(sdlayer.o)
 .vfp11_veneer  0x0017351c        0x0 eobj/libengine.a(a-c.o)
 .vfp11_veneer  0x0017351c        0x0 eobj/libengine.a(baselayer.o)
 .vfp11_veneer  0x0017351c        0x0 eobj/libengine.a(engineinfo.o)
 .vfp11_veneer  0x0017351c        0x0 /srv/preware/cross-compile/toolchain/arm-2007q3/arm-none-linux-gnueabi/libc/usr/lib/libm.so
 .vfp11_veneer  0x0017351c        0x0 /usr/local/lib/libSDL.so
 .vfp11_veneer  0x0017351c        0x0 /lib/libpthread.so.0
 .vfp11_veneer  0x0017351c        0x0 /srv/preware/cross-compile/toolchain/arm-2007q3/bin/../lib/gcc/arm-none-linux-gnueabi/4.2.1/libgcc.a(_udivsi3.o)
 .vfp11_veneer  0x0017351c        0x0 /srv/preware/cross-compile/toolchain/arm-2007q3/bin/../lib/gcc/arm-none-linux-gnueabi/4.2.1/libgcc.a(_divsi3.o)
 .vfp11_veneer  0x0017351c        0x0 /srv/preware/cross-compile/toolchain/arm-2007q3/bin/../lib/gcc/arm-none-linux-gnueabi/4.2.1/libgcc.a(_arm_addsubdf3.o)
 .vfp11_veneer  0x0017351c        0x0 /srv/preware/cross-compile/toolchain/arm-2007q3/bin/../lib/gcc/arm-none-linux-gnueabi/4.2.1/libgcc.a(_arm_muldivdf3.o)
 .vfp11_veneer  0x0017351c        0x0 /srv/preware/cross-compile/toolchain/arm-2007q3/bin/../lib/gcc/arm-none-linux-gnueabi/4.2.1/libgcc.a(_arm_fixunsdfsi.o)
 .vfp11_veneer  0x0017351c        0x0 /srv/preware/cross-compile/toolchain/arm-2007q3/bin/../lib/gcc/arm-none-linux-gnueabi/4.2.1/libgcc.a(_arm_truncdfsf2.o)
 .vfp11_veneer  0x0017351c        0x0 /srv/preware/cross-compile/toolchain/arm-2007q3/bin/../lib/gcc/arm-none-linux-gnueabi/4.2.1/libgcc.a(_arm_addsubsf3.o)
 .vfp11_veneer  0x0017351c        0x0 /srv/preware/cross-compile/toolchain/arm-2007q3/bin/../lib/gcc/arm-none-linux-gnueabi/4.2.1/libgcc.a(_aeabi_ldivmod.o)
 .vfp11_veneer  0x0017351c        0x0 /srv/preware/cross-compile/toolchain/arm-2007q3/bin/../lib/gcc/arm-none-linux-gnueabi/4.2.1/libgcc.a(_dvmd_lnx.o)
 .vfp11_veneer  0x0017351c        0x0 /srv/preware/cross-compile/toolchain/arm-2007q3/bin/../lib/gcc/arm-none-linux-gnueabi/4.2.1/libgcc.a(bpabi.o)
 .vfp11_veneer  0x0017351c        0x0 /srv/preware/cross-compile/toolchain/arm-2007q3/bin/../lib/gcc/arm-none-linux-gnueabi/4.2.1/libgcc.a(_divdi3.o)
 .vfp11_veneer  0x0017351c        0x0 /srv/preware/cross-compile/toolchain/arm-2007q3/bin/../lib/gcc/arm-none-linux-gnueabi/4.2.1/libgcc.a(_udivdi3.o)
 .vfp11_veneer  0x0017351c        0x0 /srv/preware/cross-compile/toolchain/arm-2007q3/bin/../lib/gcc/arm-none-linux-gnueabi/4.2.1/libgcc.a(_clz.o)
 .vfp11_veneer  0x0017351c        0x0 /srv/preware/cross-compile/toolchain/arm-2007q3/arm-none-linux-gnueabi/libc/lib/libgcc_s.so
 .vfp11_veneer  0x0017351c        0x0 /lib/libc.so.6
 .vfp11_veneer  0x0017351c        0x0 /usr/lib/libc_nonshared.a(elf-init.oS)
 .vfp11_veneer  0x0017351c        0x0 /usr/lib/libc_nonshared.a(atexit.oS)
 .vfp11_veneer  0x0017351c        0x0 /usr/lib/libc_nonshared.a(stat.oS)
 .vfp11_veneer  0x0017351c        0x0 /usr/lib/libc_nonshared.a(fstat.oS)
 .vfp11_veneer  0x0017351c        0x0 /lib/ld-linux.so.3
 .vfp11_veneer  0x0017351c        0x0 /srv/preware/cross-compile/toolchain/arm-2007q3/arm-none-linux-gnueabi/libc/lib/libgcc_s.so
 .vfp11_veneer  0x0017351c        0x0 /srv/preware/cross-compile/toolchain/arm-2007q3/bin/../lib/gcc/arm-none-linux-gnueabi/4.2.1/crtend.o
 .vfp11_veneer  0x0017351c        0x0 /srv/preware/cross-compile/toolchain/arm-2007q3/bin/../arm-none-linux-gnueabi/libc/usr/lib/crtn.o

.fini           0x0017351c        0x8
 *(.fini)
 .fini          0x0017351c        0x4 /srv/preware/cross-compile/toolchain/arm-2007q3/bin/../arm-none-linux-gnueabi/libc/usr/lib/crti.o
                0x0017351c                _fini
 .fini          0x00173520        0x4 /srv/preware/cross-compile/toolchain/arm-2007q3/bin/../arm-none-linux-gnueabi/libc/usr/lib/crtn.o
                0x00173524                PROVIDE (__etext, .)
                0x00173524                PROVIDE (_etext, .)
                0x00173524                PROVIDE (etext, .)

.rodata         0x00173524     0x764c
 *(.rodata .rodata.* .gnu.linkonce.r.*)
 .rodata.cst4   0x00173524        0x4 /srv/preware/cross-compile/toolchain/arm-2007q3/bin/../arm-none-linux-gnueabi/libc/usr/lib/crt1.o
                0x00173524                _IO_stdin_used
 .rodata        0x00173528     0x1420 obj/game.o
 .rodata        0x00174948       0x5c obj/actors.o
 .rodata        0x001749a4     0x1210 obj/gamedef.o
 .rodata        0x00175bb4     0x163c obj/menues.o
 .rodata        0x001771f0      0x11c obj/player.o
 .rodata        0x0017730c      0x17c obj/premap.o
 .rodata        0x00177488       0x14 obj/sector.o
 .rodata        0x0017749c       0xb8 obj/sounds.o
 .rodata        0x00177554      0x130 obj/rts.o
 .rodata        0x00177684      0x910 obj/config.o
 .rodata        0x00177f94       0x80 obj/animlib.o
 .rodata        0x00178014      0x5b0 obj/osdcmds.o
 .rodata        0x001785c4       0x6c obj/util_lib.o
 .rodata        0x00178630       0xd0 obj/file_lib.o
 .rodata        0x00178700      0x100 obj/control.o
 .rodata        0x00178800      0x23c obj/keyboard.o
 .rodata        0x00178a3c      0x120 obj/scriplib.o
 .rodata        0x00178b5c      0x110 obj/audiolib_musicstub.o
 .rodata        0x00178c6c       0x90 obj/audiolib_fxstub.o
 .rodata        0x00178cfc      0x214 eobj/libengine.a(cache1d.o)
 .rodata        0x00178f10      0x124 eobj/libengine.a(compat.o)
 .rodata        0x00179034      0x884 eobj/libengine.a(defs.o)
 .rodata        0x001798b8      0x164 eobj/libengine.a(engine.o)
 .rodata        0x00179a1c       0x84 eobj/libengine.a(kplib.o)
 .rodata        0x00179aa0       0xf4 eobj/libengine.a(mmulti.o)
 .rodata        0x00179b94      0x604 eobj/libengine.a(osd.o)
 .rodata        0x0017a198       0x20 eobj/libengine.a(pragmas.o)
 .rodata        0x0017a1b8       0xe0 eobj/libengine.a(scriptfile.o)
 .rodata        0x0017a298      0x4b0 eobj/libengine.a(sdlayer.o)
 .rodata        0x0017a748      0x14c eobj/libengine.a(baselayer.o)
 .rodata        0x0017a894      0x1dc eobj/libengine.a(engineinfo.o)
                0x0017a894                _engine_cflags
                0x0017aa34                _engine_compiler
                0x0017a9d4                _engine_uname
                0x0017a994                _engine_libs
                0x0017aa58                _engine_date
 .rodata        0x0017aa70      0x100 /srv/preware/cross-compile/toolchain/arm-2007q3/bin/../lib/gcc/arm-none-linux-gnueabi/4.2.1/libgcc.a(_clz.o)
                0x0017aa70                __clz_tab

.rodata1
 *(.rodata1)

.ARM.extab      0x0017ab70        0x0
 *(.ARM.extab* .gnu.linkonce.armextab.*)
 .ARM.extab     0x0017ab70        0x0 /srv/preware/cross-compile/toolchain/arm-2007q3/bin/../arm-none-linux-gnueabi/libc/usr/lib/crt1.o
 .ARM.extab     0x0017ab70        0x0 /srv/preware/cross-compile/toolchain/arm-2007q3/bin/../lib/gcc/arm-none-linux-gnueabi/4.2.1/libgcc.a(_divdi3.o)
 .ARM.extab     0x0017ab70        0x0 /srv/preware/cross-compile/toolchain/arm-2007q3/bin/../lib/gcc/arm-none-linux-gnueabi/4.2.1/libgcc.a(_udivdi3.o)
                0x0017ab70                __exidx_start = .

.ARM.exidx      0x0017ab70       0x18
 *(.ARM.exidx* .gnu.linkonce.armexidx.*)
 .ARM.exidx     0x0017ab70        0x8 /srv/preware/cross-compile/toolchain/arm-2007q3/bin/../arm-none-linux-gnueabi/libc/usr/lib/crt1.o
 .ARM.exidx     0x0017ab78        0x8 /srv/preware/cross-compile/toolchain/arm-2007q3/bin/../lib/gcc/arm-none-linux-gnueabi/4.2.1/libgcc.a(_divdi3.o)
 .ARM.exidx     0x0017ab80        0x8 /srv/preware/cross-compile/toolchain/arm-2007q3/bin/../lib/gcc/arm-none-linux-gnueabi/4.2.1/libgcc.a(_udivdi3.o)
                0x0017ab88                __exidx_end = .

.eh_frame_hdr
 *(.eh_frame_hdr)

.eh_frame       0x0017ab88        0x4
 *(.eh_frame)
 .eh_frame      0x0017ab88        0x4 /srv/preware/cross-compile/toolchain/arm-2007q3/bin/../lib/gcc/arm-none-linux-gnueabi/4.2.1/crtend.o

.gcc_except_table
 *(.gcc_except_table .gcc_except_table.*)
                0x0017ab8c                . = (ALIGN (0x8000) - ((0x8000 - .) & 0x7fff))
                0x00183000                . = (0x8000 DATA_SEGMENT_ALIGN 0x1000)

.eh_frame
 *(.eh_frame)

.gcc_except_table
 *(.gcc_except_table .gcc_except_table.*)

.tdata
 *(.tdata .tdata.* .gnu.linkonce.td.*)

.tbss
 *(.tbss .tbss.* .gnu.linkonce.tb.*)
 *(.tcommon)

.preinit_array  0x00183000        0x0
                0x00183000                PROVIDE (__preinit_array_start, .)
 *(.preinit_array)
                0x00183000                PROVIDE (__preinit_array_end, .)

.init_array     0x00183000        0x4
                0x00183000                PROVIDE (__init_array_start, .)
 *(SORT(.init_array.*))
 *(.init_array)
 .init_array    0x00183000        0x4 /srv/preware/cross-compile/toolchain/arm-2007q3/bin/../lib/gcc/arm-none-linux-gnueabi/4.2.1/crtbegin.o
                0x00183004                PROVIDE (__init_array_end, .)

.fini_array     0x00183004        0x4
                0x00183004                PROVIDE (__fini_array_start, .)
 *(.fini_array)
 .fini_array    0x00183004        0x4 /srv/preware/cross-compile/toolchain/arm-2007q3/bin/../lib/gcc/arm-none-linux-gnueabi/4.2.1/crtbegin.o
 *(SORT(.fini_array.*))
                0x00183008                PROVIDE (__fini_array_end, .)

.ctors
 *crtbegin.o(.ctors)
 *crtbegin?.o(.ctors)
 *(EXCLUDE_FILE(*crtend?.o *crtend.o) .ctors)
 *(SORT(.ctors.*))
 *(.ctors)

.dtors
 *crtbegin.o(.dtors)
 *crtbegin?.o(.dtors)
 *(EXCLUDE_FILE(*crtend?.o *crtend.o) .dtors)
 *(SORT(.dtors.*))
 *(.dtors)

.jcr            0x00183008        0x4
 *(.jcr)
 .jcr           0x00183008        0x0 /srv/preware/cross-compile/toolchain/arm-2007q3/bin/../lib/gcc/arm-none-linux-gnueabi/4.2.1/crtbegin.o
 .jcr           0x00183008        0x4 /srv/preware/cross-compile/toolchain/arm-2007q3/bin/../lib/gcc/arm-none-linux-gnueabi/4.2.1/crtend.o

.data.rel.ro
 *(.data.rel.ro.local* .gnu.linkonce.d.rel.ro.local.*)
 *(.data.rel.ro* .gnu.linkonce.d.rel.ro.*)

.dynamic        0x0018300c      0x110
 *(.dynamic)
 .dynamic       0x0018300c      0x110 /srv/preware/cross-compile/toolchain/arm-2007q3/bin/../arm-none-linux-gnueabi/libc/usr/lib/crti.o
                0x0018300c                _DYNAMIC
                0x0018311c                . = (. DATA_SEGMENT_RELRO_END 0x0)

.got            0x0018311c      0x1f0
 *(.got.plt)
 .got.plt       0x0018311c      0x1e4 /srv/preware/cross-compile/toolchain/arm-2007q3/bin/../arm-none-linux-gnueabi/libc/usr/lib/crti.o
                0x0018311c                _GLOBAL_OFFSET_TABLE_
 *(.got)
 .got           0x00183300        0xc /srv/preware/cross-compile/toolchain/arm-2007q3/bin/../arm-none-linux-gnueabi/libc/usr/lib/crti.o

.data           0x00183310     0x5970
                0x00183310                __data_start = .
 *(.data .data.* .gnu.linkonce.d.*)
 .data          0x00183310        0x4 /srv/preware/cross-compile/toolchain/arm-2007q3/bin/../arm-none-linux-gnueabi/libc/usr/lib/crt1.o
                0x00183310                data_start
 .data          0x00183314        0x0 /srv/preware/cross-compile/toolchain/arm-2007q3/bin/../arm-none-linux-gnueabi/libc/usr/lib/crti.o
 .data          0x00183314        0x4 /srv/preware/cross-compile/toolchain/arm-2007q3/bin/../lib/gcc/arm-none-linux-gnueabi/4.2.1/crtbegin.o
                0x00183314                __dso_handle
 .data          0x00183318      0x204 obj/game.o
                0x00183398                sendmessagecommand
                0x00183318                confilename
                0x00183518                which_demo
                0x001833a8                cheatquotes
                0x00183514                startwin_labeltext
 .data          0x0018351c        0x0 obj/actors.o
 .data          0x0018351c      0x2e8 obj/gamedef.o
                0x001837f8                defaultcons
                0x0018351c                conversion
 .data          0x00183804      0x168 obj/global.o
                0x00183968                bufferjitter
                0x0018395c                dukefriction
                0x0018380a                volume_names
                0x0018388e                skill_names
                0x00183938                respawnitemtime
                0x00183960                networkmode
                0x00183964                numfreezebounces
                0x00183961                movesperpacket
                0x00183808                spriteqamount
                0x0018393c                weaponsandammosprites
                0x00183934                respawnactortime
                0x00183804                gc
 .data          0x0018396c       0x80 obj/menues.o
                0x0018396c                globalskillsound
                0x001839c8                lastsavedpos
 .data          0x001839ec      0x258 obj/player.o
                0x001839ec                weapon_sprites
 .data          0x00183c44        0x4 obj/premap.o
                0x00183c46                useprecache
 .data          0x00183c48        0x0 obj/sector.o
 .data          0x00183c48        0x0 obj/sounds.o
 .data          0x00183c48        0x0 obj/rts.o
 .data          0x00183c48      0x63c obj/config.o
                0x00184178                ScreenHeight
                0x00183c48                gamefunctions
                0x0018417c                ScreenBPP
                0x00184174                ScreenWidth
                0x00184170                ScreenMode
 .data          0x00184284        0x0 obj/animlib.o
 .data          0x00184284        0x0 obj/testcd.o
 .data          0x00184284        0x0 obj/osdfuncs.o
 .data          0x00184284        0x0 obj/osdcmds.o
 .data          0x00184284        0x0 obj/missing.o
 .data          0x00184284        0x0 obj/util_lib.o
 .data          0x00184284        0x0 obj/file_lib.o
 .data          0x00184284       0x28 obj/control.o
 .data          0x001842ac      0x338 obj/keyboard.o
 .data          0x001845e4        0x0 obj/mouse.o
 .data          0x001845e4        0x0 obj/mathutil.o
 .data          0x001845e4        0x0 obj/scriplib.o
 .data          0x001845e4     0x27f0 obj/game_icon.o
                0x00186dbc                sdlappicon
 .data          0x00186dd4        0x0 obj/audiolib_musicstub.o
 .data          0x00186dd4        0x0 obj/audiolib_fxstub.o
 .data          0x00186dd4      0x21c eobj/libengine.a(cache1d.o)
 .data          0x00186ff0        0x0 eobj/libengine.a(compat.o)
 .data          0x00186ff0        0x0 eobj/libengine.a(crc32.o)
 .data          0x00186ff0      0x308 eobj/libengine.a(defs.o)
 .data          0x001872f8     0x15e0 eobj/libengine.a(engine.o)
                0x001888cc                clipmoveboxtracenum
                0x001888d0                drawlinepat
                0x001883b8                hitscangoaly
                0x001873a0                textfont
                0x00187318                pow2char
                0x001872fc                dommxoverlay
                0x001883a0                engineerrstr
                0x00187320                pow2long
                0x001883bc                vgapal16
                0x00187314                mapversion
                0x001887c0                msens
                0x001887bc                searchx
                0x00187ba0                smalltextfont
                0x001883a8                xdimen
                0x00187300                beforedrawrooms
                0x001887cc                apptitle
                0x001883b4                hitscangoalx
 .data          0x001888d8      0x190 eobj/libengine.a(kplib.o)
 .data          0x00188a68        0xc eobj/libengine.a(mmulti.o)
 .data          0x00188a74       0x44 eobj/libengine.a(osd.o)
 .data          0x00188ab8        0x0 eobj/libengine.a(pragmas.o)
 .data          0x00188ab8        0x0 eobj/libengine.a(scriptfile.o)
 .data          0x00188ab8      0x1c4 eobj/libengine.a(sdlayer.o)
                0x00188abc                appactive
                0x00188ac4                yres
                0x00188ac0                xres
                0x00188ab8                _buildargc
                0x00188ac8                modechange
 .data          0x00188c7c        0x0 eobj/libengine.a(a-c.o)
 .data          0x00188c7c        0x4 eobj/libengine.a(baselayer.o)
                0x00188c7c                baselayer_onvideomodechange
 .data          0x00188c80        0x0 eobj/libengine.a(engineinfo.o)
 .data          0x00188c80        0x0 /srv/preware/cross-compile/toolchain/arm-2007q3/bin/../lib/gcc/arm-none-linux-gnueabi/4.2.1/libgcc.a(_udivsi3.o)
 .data          0x00188c80        0x0 /srv/preware/cross-compile/toolchain/arm-2007q3/bin/../lib/gcc/arm-none-linux-gnueabi/4.2.1/libgcc.a(_divsi3.o)