Archive member included because of file (symbol)

eobj/libengine.a(cache1d.o)   obj/game.o (cacnum)
eobj/libengine.a(compat.o)    obj/game.o (Bgethomedir)
eobj/libengine.a(crc32.o)     obj/osdcmds.o (crc32init)
eobj/libengine.a(defs.o)      obj/game.o (loaddefinitionsfile)
eobj/libengine.a(engine.o)    eobj/libengine.a(cache1d.o) (kmalloc)
eobj/libengine.a(kplib.o)     eobj/libengine.a(cache1d.o) (kzaddstack)
eobj/libengine.a(mmulti.o)    obj/game.o (myconnectindex)
eobj/libengine.a(osd.o)       obj/osdcmds.o (osd_internal_validate_boolean)
eobj/libengine.a(pragmas.o)   eobj/libengine.a(engine.o) (qinterpolatedown16)
eobj/libengine.a(scriptfile.o)
                              eobj/libengine.a(defs.o) (scriptfile_gettoken)
eobj/libengine.a(sdlayer.o)   obj/game.o (_buildargc)
eobj/libengine.a(a-c.o)       eobj/libengine.a(engine.o) (setvlinebpl)
eobj/libengine.a(baselayer.o)
                              eobj/libengine.a(sdlayer.o) (baselayer_init)
eobj/libengine.a(engineinfo.o)
                              eobj/libengine.a(baselayer.o) (_engine_cflags)
/srv/preware/cross-compile/toolchain/arm-2007q3/bin/../lib/gcc/arm-none-linux-gnueabi/4.2.1/libgcc.a(_udivsi3.o)
                              eobj/libengine.a(sdlayer.o) (__aeabi_uidiv)
/srv/preware/cross-compile/toolchain/arm-2007q3/bin/../lib/gcc/arm-none-linux-gnueabi/4.2.1/libgcc.a(_divsi3.o)
                              obj/game.o (__aeabi_idiv)
/srv/preware/cross-compile/toolchain/arm-2007q3/bin/../lib/gcc/arm-none-linux-gnueabi/4.2.1/libgcc.a(_arm_addsubdf3.o)
                              eobj/libengine.a(engine.o) (__aeabi_dadd)
/srv/preware/cross-compile/toolchain/arm-2007q3/bin/../lib/gcc/arm-none-linux-gnueabi/4.2.1/libgcc.a(_arm_muldivdf3.o)
                              eobj/libengine.a(engine.o) (__aeabi_dmul)
/srv/preware/cross-compile/toolchain/arm-2007q3/bin/../lib/gcc/arm-none-linux-gnueabi/4.2.1/libgcc.a(_arm_fixunsdfsi.o)
                              eobj/libengine.a(engine.o) (__aeabi_d2uiz)
/srv/preware/cross-compile/toolchain/arm-2007q3/bin/../lib/gcc/arm-none-linux-gnueabi/4.2.1/libgcc.a(_arm_truncdfsf2.o)
                              eobj/libengine.a(defs.o) (__aeabi_d2f)
/srv/preware/cross-compile/toolchain/arm-2007q3/bin/../lib/gcc/arm-none-linux-gnueabi/4.2.1/libgcc.a(_arm_addsubsf3.o)
                              obj/menues.o (__aeabi_i2f)
/srv/preware/cross-compile/toolchain/arm-2007q3/bin/../lib/gcc/arm-none-linux-gnueabi/4.2.1/libgcc.a(_aeabi_ldivmod.o)
                              obj/game.o (__aeabi_ldivmod)
/srv/preware/cross-compile/toolchain/arm-2007q3/bin/../lib/gcc/arm-none-linux-gnueabi/4.2.1/libgcc.a(_dvmd_lnx.o)
                              /srv/preware/cross-compile/toolchain/arm-2007q3/bin/../lib/gcc/arm-none-linux-gnueabi/4.2.1/libgcc.a(_udivsi3.o) (__div0)
/srv/preware/cross-compile/toolchain/arm-2007q3/bin/../lib/gcc/arm-none-linux-gnueabi/4.2.1/libgcc.a(bpabi.o)
                              /srv/preware/cross-compile/toolchain/arm-2007q3/bin/../lib/gcc/arm-none-linux-gnueabi/4.2.1/libgcc.a(_aeabi_ldivmod.o) (__gnu_ldivmod_helper)
/srv/preware/cross-compile/toolchain/arm-2007q3/bin/../lib/gcc/arm-none-linux-gnueabi/4.2.1/libgcc.a(_divdi3.o)
                              /srv/preware/cross-compile/toolchain/arm-2007q3/bin/../lib/gcc/arm-none-linux-gnueabi/4.2.1/libgcc.a(bpabi.o) (__divdi3)
/srv/preware/cross-compile/toolchain/arm-2007q3/bin/../lib/gcc/arm-none-linux-gnueabi/4.2.1/libgcc.a(_udivdi3.o)
                              /srv/preware/cross-compile/toolchain/arm-2007q3/bin/../lib/gcc/arm-none-linux-gnueabi/4.2.1/libgcc.a(bpabi.o) (__udivdi3)
/srv/preware/cross-compile/toolchain/arm-2007q3/bin/../lib/gcc/arm-none-linux-gnueabi/4.2.1/libgcc.a(_clz.o)
                              /srv/preware/cross-compile/toolchain/arm-2007q3/bin/../lib/gcc/arm-none-linux-gnueabi/4.2.1/libgcc.a(_divdi3.o) (__clz_tab)
/usr/lib/libc_nonshared.a(elf-init.oS)
                              /srv/preware/cross-compile/toolchain/arm-2007q3/bin/../arm-none-linux-gnueabi/libc/usr/lib/crt1.o (__libc_csu_fini)
/usr/lib/libc_nonshared.a(atexit.oS)
                              eobj/libengine.a(osd.o) (atexit)
/usr/lib/libc_nonshared.a(stat.oS)
                              eobj/libengine.a(cache1d.o) (stat)
/usr/lib/libc_nonshared.a(fstat.oS)
                              eobj/libengine.a(compat.o) (fstat)

Allocating common symbols
Common symbol       size              file

AutoAim             0x4               obj/config.o
MouseFunctions      0x30              obj/config.o
globalbufplc        0x4               eobj/libengine.a(engine.o)
waloff              0x9000            eobj/libengine.a(engine.o)
xdimenscale         0x4               eobj/libengine.a(engine.o)
singlobalang        0x4               eobj/libengine.a(engine.o)
playerquitflag      0x10              obj/global.o
quotebotgoal        0x4               obj/game.o
curipos             0x2000            obj/global.o
[...]
Memory Configuration

Name             Origin             Length             Attributes
*default*        0x00000000         0xffffffff

Linker script and memory map

LOAD /srv/preware/cross-compile/toolchain/arm-2007q3/bin/../arm-none-linux-gnueabi/libc/usr/lib/crt1.o
LOAD /srv/preware/cross-compile/toolchain/arm-2007q3/bin/../arm-none-linux-gnueabi/libc/usr/lib/crti.o
LOAD /srv/preware/cross-compile/toolchain/arm-2007q3/bin/../lib/gcc/arm-none-linux-gnueabi/4.2.1/crtbegin.o
LOAD obj/game.o
LOAD obj/actors.o
LOAD obj/gamedef.o
LOAD obj/global.o
LOAD obj/menues.o
LOAD obj/player.o
LOAD obj/premap.o
LOAD obj/sector.o
LOAD obj/sounds.o
LOAD obj/rts.o
LOAD obj/config.o
LOAD obj/animlib.o
LOAD obj/testcd.o
LOAD obj/osdfuncs.o
LOAD obj/osdcmds.o
LOAD obj/missing.o
LOAD obj/util_lib.o
LOAD obj/file_lib.o
LOAD obj/control.o
LOAD obj/keyboard.o
LOAD obj/mouse.o
LOAD obj/mathutil.o
LOAD obj/scriplib.o
LOAD obj/game_icon.o
LOAD obj/audiolib_musicstub.o
LOAD obj/audiolib_fxstub.o
LOAD eobj/libengine.a
LOAD /srv/preware/cross-compile/toolchain/arm-2007q3/arm-none-linux-gnueabi/libc/usr/lib/libm.so
LOAD /usr/local/lib/libSDL.so
LOAD /srv/preware/cross-compile/toolchain/arm-2007q3/arm-none-linux-gnueabi/libc/usr/lib/libpthread.so
START GROUP
LOAD /lib/libpthread.so.0
LOAD /usr/lib/libpthread_nonshared.a
END GROUP
LOAD /srv/preware/cross-compile/toolchain/arm-2007q3/bin/../lib/gcc/arm-none-linux-gnueabi/4.2.1/libgcc.a
LOAD /srv/preware/cross-compile/toolchain/arm-2007q3/arm-none-linux-gnueabi/libc/lib/libgcc_s.so
LOAD /srv/preware/cross-compile/toolchain/arm-2007q3/arm-none-linux-gnueabi/libc/usr/lib/libc.so
START GROUP
LOAD /lib/libc.so.6
LOAD /usr/lib/libc_nonshared.a
LOAD /lib/ld-linux.so.3
END GROUP
LOAD /srv/preware/cross-compile/toolchain/arm-2007q3/bin/../lib/gcc/arm-none-linux-gnueabi/4.2.1/libgcc.a
LOAD /srv/preware/cross-compile/toolchain/arm-2007q3/arm-none-linux-gnueabi/libc/lib/libgcc_s.so
LOAD /srv/preware/cross-compile/toolchain/arm-2007q3/bin/../lib/gcc/arm-none-linux-gnueabi/4.2.1/crtend.o
LOAD /srv/preware/cross-compile/toolchain/arm-2007q3/bin/../arm-none-linux-gnueabi/libc/usr/lib/crtn.o
                0x00008000                PROVIDE (__executable_start, 0x8000)
                0x00008134                . = (0x8000 + SIZEOF_HEADERS)

.interp         0x00008134       0x13
 *(.interp)
 .interp        0x00008134       0x13 /srv/preware/cross-compile/toolchain/arm-2007q3/bin/../arm-none-linux-gnueabi/libc/usr/lib/crti.o

.note.ABI-tag   0x00008148       0x20
 .note.ABI-tag  0x00008148       0x20 /srv/preware/cross-compile/toolchain/arm-2007q3/bin/../arm-none-linux-gnueabi/libc/usr/lib/crt1.o

.note.gnu.build-id
 *(.note.gnu.build-id)

.hash           0x00008168      0x430
 *(.hash)
 .hash          0x00008168      0x430 /srv/preware/cross-compile/toolchain/arm-2007q3/bin/../arm-none-linux-gnueabi/libc/usr/lib/crti.o

.gnu.hash
 *(.gnu.hash)

.dynsym         0x00008598      0x870
 *(.dynsym)
 .dynsym        0x00008598      0x870 /srv/preware/cross-compile/toolchain/arm-2007q3/bin/../arm-none-linux-gnueabi/libc/usr/lib/crti.o

.dynstr         0x00008e08      0x592
 *(.dynstr)
 .dynstr        0x00008e08      0x592 /srv/preware/cross-compile/toolchain/arm-2007q3/bin/../arm-none-linux-gnueabi/libc/usr/lib/crti.o

.gnu.version    0x0000939a      0x10e
 *(.gnu.version)
 .gnu.version   0x0000939a      0x10e /srv/preware/cross-compile/toolchain/arm-2007q3/bin/../arm-none-linux-gnueabi/libc/usr/lib/crti.o

.gnu.version_d  0x000094a8        0x0
 *(.gnu.version_d)
 .gnu.version_d
                0x00000000        0x0 /srv/preware/cross-compile/toolchain/arm-2007q3/bin/../arm-none-linux-gnueabi/libc/usr/lib/crti.o

.gnu.version_r  0x000094a8       0x80
 *(.gnu.version_r)
 .gnu.version_r
                0x000094a8       0x80 /srv/preware/cross-compile/toolchain/arm-2007q3/bin/../arm-none-linux-gnueabi/libc/usr/lib/crti.o

.rel.dyn        0x00009528       0x10
 *(.rel.init)
 *(.rel.text .rel.text.* .rel.gnu.linkonce.t.*)
 *(.rel.fini)
 *(.rel.rodata .rel.rodata.* .rel.gnu.linkonce.r.*)
 *(.rel.data.rel.ro* .rel.gnu.linkonce.d.rel.ro.*)
 *(.rel.data .rel.data.* .rel.gnu.linkonce.d.*)
 *(.rel.tdata .rel.tdata.* .rel.gnu.linkonce.td.*)
 *(.rel.tbss .rel.tbss.* .rel.gnu.linkonce.tb.*)
 *(.rel.ctors)
 *(.rel.dtors)
 *(.rel.got)
 .rel.got       0x00009528        0x8 /srv/preware/cross-compile/toolchain/arm-2007q3/bin/../arm-none-linux-gnueabi/libc/usr/lib/crti.o
 *(.rel.bss .rel.bss.* .rel.gnu.linkonce.b.*)
 .rel.bss       0x00009530        0x8 /srv/preware/cross-compile/toolchain/arm-2007q3/bin/../arm-none-linux-gnueabi/libc/usr/lib/crti.o

.rela.dyn
 *(.rela.init)
 *(.rela.text .rela.text.* .rela.gnu.linkonce.t.*)
 *(.rela.fini)
 *(.rela.rodata .rela.rodata.* .rela.gnu.linkonce.r.*)
 *(.rela.data .rela.data.* .rela.gnu.linkonce.d.*)
 *(.rela.tdata .rela.tdata.* .rela.gnu.linkonce.td.*)
 *(.rela.tbss .rela.tbss.* .rela.gnu.linkonce.tb.*)
 *(.rela.ctors)
 *(.rela.dtors)
 *(.rela.got)
 *(.rela.bss .rela.bss.* .rela.gnu.linkonce.b.*)

.rel.plt        0x00009538      0x3b8
 *(.rel.plt)
 .rel.plt       0x00009538      0x3b8 /srv/preware/cross-compile/toolchain/arm-2007q3/bin/../arm-none-linux-gnueabi/libc/usr/lib/crti.o

.rela.plt
 *(.rela.plt)

.init           0x000098f0        0xc
 *(.init)
 .init          0x000098f0        0x8 /srv/preware/cross-compile/toolchain/arm-2007q3/bin/../arm-none-linux-gnueabi/libc/usr/lib/crti.o
                0x000098f0                _init
 .init          0x000098f8        0x4 /srv/preware/cross-compile/toolchain/arm-2007q3/bin/../arm-none-linux-gnueabi/libc/usr/lib/crtn.o

.plt            0x000098fc      0x5a8
 *(.plt)
 .plt           0x000098fc      0x5a8 /srv/preware/cross-compile/toolchain/arm-2007q3/bin/../arm-none-linux-gnueabi/libc/usr/lib/crti.o
                0x00009910                SDL_FreeSurface
                0x0000991c                open@@GLIBC_2.4
                0x00009928                SDL_JoystickOpen
                0x00009934                qsort@@GLIBC_2.4
                0x00009940                strerror@@GLIBC_2.4
                0x0000994c                fileno@@GLIBC_2.4
                0x00009958                mkdir@@GLIBC_2.4
                0x00009964                abort@@GLIBC_2.4
                0x00009970                vprintf@@GLIBC_2.4
                0x0000997c                localtime@@GLIBC_2.4
                0x00009988                opendir@@GLIBC_2.4
                0x00009994                sysconf@@GLIBC_2.4
                0x000099a0                getchar@@GLIBC_2.4
                0x000099ac                __xstat@@GLIBC_2.4
                0x000099b8                __libc_start_main@@GLIBC_2.4
                0x000099c4                inet_ntoa@@GLIBC_2.4
                0x000099d0                SDL_JoystickName
                0x000099dc                SDL_WM_SetCaption
                0x000099f4                vsnprintf@@GLIBC_2.4
                0x00009a00                inet_addr@@GLIBC_2.4
                0x00009a0c                vsprintf@@GLIBC_2.4
                0x00009a18                pow@@GLIBC_2.4
                0x00009a24                SDL_ShowCursor
                0x00009a30                strncpy@@GLIBC_2.4
                0x00009a3c                fclose@@GLIBC_2.4
                0x00009a48                getenv@@GLIBC_2.4
                0x00009a54                strtod@@GLIBC_2.4
                0x00009a60                strchr@@GLIBC_2.4
                0x00009a6c                strcasecmp@@GLIBC_2.4
                0x00009a78                __cxa_atexit@@GLIBC_2.4
                0x00009a84                toupper@@GLIBC_2.4
                0x00009a90                calloc@@GLIBC_2.4
                0x00009a9c                sendto@@GLIBC_2.4
                0x00009aa8                SDL_GetTicks
                0x00009ab4                htons@@GLIBC_2.4
                0x00009ac0                fopen@@GLIBC_2.4
                0x00009acc                SDL_UnlockSurface
                0x00009ad8                SDL_SetColors
                0x00009ae4                memset@@GLIBC_2.4
                0x00009af0                SDL_PollEvent
                0x00009afc                SDL_JoystickNumAxes
                0x00009b08                SDL_InitSubSystem
                0x00009b14                SDL_LockSurface
                0x00009b20                strrchr@@GLIBC_2.4
                0x00009b2c                SDL_VideoDriverName
                0x00009b38                SDL_JoystickEventState
                0x00009b44                SDL_CreateRGBSurfaceFrom
                0x00009b50                SDL_SetVideoMode
                0x00009b5c                SDL_NumJoysticks
                0x00009b68                SDL_Linked_Version
                0x00009b74                free@@GLIBC_2.4
                0x00009b80                read@@GLIBC_2.4
                0x00009b8c                write@@GLIBC_2.4
                0x00009b98                access@@GLIBC_2.4
                0x00009ba4                SDL_JoystickNumButtons
                0x00009bb0                gettimeofday@@GLIBC_2.4
                0x00009bbc                fseek@@GLIBC_2.4
                0x00009bc8                SDL_GetVideoInfo
                0x00009bd4                socket@@GLIBC_2.4
                0x00009be0                SDL_Init
                0x00009bec                ioctl@@GLIBC_2.4
                0x00009bf8                ntohs@@GLIBC_2.4
                0x00009c04                strlen@@GLIBC_2.4
                0x00009c10                strtoul@@GLIBC_2.4
                0x00009c1c                SDL_SetPalette
                0x00009c28                memcpy@@GLIBC_2.4
                0x00009c34                ftell@@GLIBC_2.4
                0x00009c40                strtol@@GLIBC_2.4
                0x00009c4c                strcpy@@GLIBC_2.4
                0x00009c58                atol@@GLIBC_2.4
                0x00009c64                printf@@GLIBC_2.4
                0x00009c70                raise@@GLIBC_2.4
                0x00009c7c                SDL_GetModState
                0x00009c88                bind@@GLIBC_2.4
                0x00009c94                close@@GLIBC_2.4
                0x00009ca0                fwrite@@GLIBC_2.4
                0x00009cac                closedir@@GLIBC_2.4
                0x00009cb8                strncasecmp@@GLIBC_2.4
                0x00009cc4                SDL_EnableKeyRepeat
                0x00009cd0                setvbuf@@GLIBC_2.4
                0x00009cdc                __ctype_b_loc@@GLIBC_2.4
                0x00009ce8                fprintf@@GLIBC_2.4
                0x00009cf4                strdup@@GLIBC_2.4
                0x00009d00                malloc@@GLIBC_2.4
                0x00009d0c                gethostname@@GLIBC_2.4
                0x00009d18                chdir@@GLIBC_2.4
                0x00009d24                SDL_WM_GrabInput
                0x00009d30                SDL_ListModes
                0x00009d3c                fputc@@GLIBC_2.4
                0x00009d48                getcwd@@GLIBC_2.4
                0x00009d54                strcat@@GLIBC_2.4
                0x00009d60                memmove@@GLIBC_2.4
                0x00009d6c                puts@@GLIBC_2.4
                0x00009d78                SDL_WM_SetIcon
                0x00009d84                SDL_Flip
                0x00009d90                SDL_Quit
                0x00009d9c                SDL_GetKeyName
                0x00009da8                lseek@@GLIBC_2.4
                0x00009db4                rand@@GLIBC_2.4
                0x00009dc0                __fxstat@@GLIBC_2.4
                0x00009dcc                vfprintf@@GLIBC_2.4
                0x00009dd8                SDL_JoystickNumHats
                0x00009de4                snprintf@@GLIBC_2.4
                0x00009df0                SDL_JoystickClose
                0x00009dfc                fread@@GLIBC_2.4
                0x00009e08                SDL_GetError
                0x00009e14                strncmp@@GLIBC_2.4
                0x00009e20                gethostbyname@@GLIBC_2.4
                0x00009e2c                realloc@@GLIBC_2.4
                0x00009e38                recvfrom@@GLIBC_2.4
                0x00009e44                readdir@@GLIBC_2.4
                0x00009e50                tolower@@GLIBC_2.4
                0x00009e5c                strcmp@@GLIBC_2.4
                0x00009e68                exit@@GLIBC_2.4
                0x00009e74                __errno_location@@GLIBC_2.4
                0x00009e80                sprintf@@GLIBC_2.4
                0x00009e8c                fputs@@GLIBC_2.4
                0x00009e98                SDL_EnableUNICODE

.text           0x00009ea8   0x16a5f4
 *(.text .stub .text.* .gnu.linkonce.t.*)
 .text          0x00009ea8       0x38 /srv/preware/cross-compile/toolchain/arm-2007q3/bin/../arm-none-linux-gnueabi/libc/usr/lib/crt1.o
                0x00009ea8                _start
 .text          0x00009ee0       0x24 /srv/preware/cross-compile/toolchain/arm-2007q3/bin/../arm-none-linux-gnueabi/libc/usr/lib/crti.o
 .text          0x00009f04       0x4c /srv/preware/cross-compile/toolchain/arm-2007q3/bin/../lib/gcc/arm-none-linux-gnueabi/4.2.1/crtbegin.o
 .text          0x00009f50    0x40200 obj/game.o
                0x00016864                showtwoscreens
                0x0004a0f0                UpperLeft
                0x0002ece0                animatesprites
                0x00010ee8                orderweaponnum
                0x00047c18                cameratext
                0x0003cff4                printstr
                0x0001e5d4                LocateTheLocator
                0x0004053c                playback
                0x000108ec                myospal
                0x00048c1c                spriteglass
                0x0003e24c                sendscore
                0x00044c5c                dobonus
                0x00017acc                moveclouds
                0x0000b450                adduserquote
                0x0000a3d4                setgamepalette
                0x000110a8                weaponnum
                0x0003e78c                backtomenu
                0x00015984                tics
                0x0000f73c                caches
                0x0003e768                copyprotect
                0x0003f8c8                opendemoread
                0x00012e8c                digitalnumber
                0x0001079c                myos
                0x00010474                badguypic
                0x0003ff90                opendemowrite
                0x0003db60                loadtmb
                0x000139ac                displayfragbar
                0x0001cab0                displayrooms
                0x00010100                badguy
                0x00016b68                gameexit
                0x0003c14c                checkcommandline
                0x0000a8b0                gametextpal
                0x000171bc                typemode
                0x00039c14                nonsharedkeys
                0x0000b538                getpackets
                0x00041624                fakedomovethings
                0x00015a70                coords
                0x00010a3c                invennum
                0x00016d74                strget
                0x00010040                inventory
                0x000446d4                doorders
                0x0003dbe4                Shutdown
                0x00019eec                drawbackground
                0x0001aed0                SE40_Draw
                0x0004a138                CenterRudder
                0x0000b2c8                gamenumber
                0x0001f288                wallswitchcheck
                0x0001608c                operatefta
                0x000195d4                view
                0x0004a0b4                GetTime
                0x00043a84                domovethings
                0x0003dd84                Startup
                0x000166d8                FTA
                0x0004a0d8                CenterCenter
                0x00040318                record
                0x0004a120                CenterThrottle
                0x00017e6c                displayrest
                0x000130e4                displayinventory
                0x00012294                weapon_amounts
                0x000493ec                lotsofcolourglass
                0x0000d758                faketimerhandler
                0x0000fb7c                check_fta_sounds
                0x0003e29c                getnames
                0x0000aee8                minitext
                0x0003c118                comlinehelp
                0x0000f910                checksync
                0x0004a108                LowerRight
                0x00011784                weaponnum999
                0x0003d01c                Logo
                0x00009fa4                patchstatusbar
                0x00013e40                coolgaugetext
                0x0000a5c4                gametext
                0x00009f50                setstatusbarscale
                0x0000ab9c                gametextpart
                0x0000b328                allowtimetocorrecterrorswhenquitting
                0x00048290                lotsofglass
                0x00047f78                vglass
                0x00048f78                ceilingglass
                0x00041188                moveloop
                0x0003e820                app_main
                0x0001f42c                spawn
                0x00049e38                SetupGameButtons
                0x0003e6e0                writestring
                0x0000b0d0                minitextshade
                0x00036c54                cheats
                0x000412c4                fakedomovethingscorrect
                0x0001c8e0                se40code
                0x00040458                closedemowrite
                0x0001e724                EGS
                0x0003dc0c                compilecons
 .text          0x0004a150    0x4b128 obj/actors.o
                0x0004a364                dointerpolations
                0x00051310                movefta
                0x00056f74                movestandables
                0x0004a4c0                restoreinterpolations
                0x0004f4e8                ssp
                0x000508cc                setsectinterpolate
                0x00069750                moveactors
                0x0004fd68                lotsofpaper
                0x0004ffe4                guts
                0x0004a52c                ceilingspace
                0x0004faec                lotsofmail
                0x0004a784                addammo
                0x00050558                gutsdir
                0x00051ff4                ifhitbyweapon
                0x00055f60                movefallers
                0x0004f6a4                insertspriteq
                0x00055050                movefx
                0x0004abbc                checkavailweapon
                0x00052ce0                movecyclers
                0x00051eb4                ifhitsectors
                0x0004b310                hitradius
                0x000530dc                movedummyplayers
                0x0005fae8                moveweapons
                0x00053d20                moveplayers
                0x0004a150                updateinterpolations
                0x0004a86c                addweapon
                0x00063c98                movetransports
                0x0004a658                floorspace
                0x0004a280                stopinterpolation
                0x0005f16c                bounce
                0x00050b7c                clearsectinterpolate
                0x0004a1bc                setinterpolation
                0x0004af18                ifsquished
                0x00050e1c                ms
                0x0004ddc4                movesprite
                0x000754b8                moveexplosions
                0x00079ec0                moveeffectors
                0x0004aa50                checkavailinven
                0x0004f870                lotsofmoney
 .text          0x00095278    0x15690 obj/gamedef.o
                0x00096988                transword
                0x00095e50                makeitfall
                0x000955f0                getglobalz
                0x0009bd44                furthestangle
                0x0009b818                dodge
                0x000a9f40                execute
                0x000954ac                ispecial
                0x00096848                keyword
                0x00095344                getincangle
                0x00095538                isaltok
                0x000966f4                getlabel
                0x0009b2b8                copydefaultcons
                0x0009d41c                move
                0x00096d74                transnum
                0x0009723c                parsecommand
                0x0009b268                passone
                0x0009ff74                parse
                0x0009c65c                alterang
                0x0009fee8                parseifelse
                0x0009b3a8                loadefs
                0x0009c108                furthestcanseepoint
 .text          0x000aa908        0x0 obj/global.o
 .text          0x000aa908    0x1a728 obj/menues.o
                0x000c4a50                playanm
                0x000af810                bar
                0x000b0290                getfilenames
                0x000afd88                dispnames
                0x000ae31c                probe
                0x000c4890                endanimvol41
                0x000b0d60                menus
                0x000c216c                drawoverheadmap
                0x000c466c                logoanimsounds
                0x000c4794                first4animsounds
                0x000c4860                intro42animsounds
                0x000aaa7c                getangplayers
                0x000c46bc                intro4animsounds
                0x000c49d8                endanimvol43
                0x000ad004                saveplayer
                0x000aeb90                menutext
                0x000aae04                loadpheader
                0x000af224                menutextc
                0x000aa908                cmenu
                0x000aaa24                savetemp
                0x000ab130                loadplayer
                0x000b0b30                sortfilenames
                0x000b01b0                clearfilenames
                0x000c20a0                palto
                0x000c48e0                endanimvol42
                0x000c4450                endanimsounds
 .text          0x000c5030    0x22d40 obj/player.o
                0x000d2f00                displayweapon
                0x000c5728                forceplayerangle
                0x000c5030                setpal
                0x000c6438                hitawall
                0x000e1cd4                computergetinput
                0x000d0d80                displayloogie
                0x000d2298                animatetip
                0x000d148c                animateknee
                0x000d1a4c                animateknuckles
                0x000d271c                animateaccess
                0x000c6588                aim
                0x000d6660                getinput
                0x000d1100                animatefist
                0x000c5f28                hitasprite
                0x000d84c8                checkweapons
                0x000c7828                shoot
                0x000c57bc                tracers
                0x000c5180                incur_damage
                0x000c5528                quickkill
                0x000d85ac                processinput
                0x000d1f04                displaymasks
                0x000e11c4                getspritescore
                0x000c5b30                hits
                0x000d7780                doincrements
 .text          0x000e7d70     0x8e04 obj/premap.o
                0x000ed488                resetpspritevars
                0x000ef400                dofrontscreens
                0x000ea6ac                resetinventory
                0x000e90c4                cacheit
                0x000ead48                prelevel
                0x000eeebc                clearfrags
                0x000e946c                docacheit
                0x000e9f50                resetplayerstats
                0x000ef068                genspriteremaps
                0x000e88d4                cachegoodsprites
                0x000e9024                precachenecessarysounds
                0x000e9a9c                vscrn
                0x000e9da0                pickrandomspot
                0x000ef244                waitforeverybody
                0x000ed0f4                newgame
                0x000eefb8                resettimevars
                0x000e80b0                cachespritenum
                0x000ef9a8                resetmys
                0x000ea528                resetweapons
                0x000eab90                setupbackdrop
                0x000ef7fc                clearfifo
                0x000e8de0                getsound
                0x000ea7f4                resetprestat
                0x000efddc                enterlevel
                0x000e96e4                xyzmirror
 .text          0x000f0b74    0x19c84 obj/sector.o
                0x000f305c                animatecamsprite
                0x000f192c                isanunderoperator
                0x000f1a1c                checkcursectnums
                0x000fc7f8                activatebysector
                0x000f8ddc                operateactivators
                0x000f2e74                getanimationgoal
                0x000ff508                checkhitsprite
                0x000f1b30                ldist
                0x000f1d94                findplayer
                0x000fec08                checkhitceiling
                0x000fe504                checkplayerhurt
                0x000f2518                doanimations
                0x000f1448                check_activator_motion
                0x000f17bc                isadoorwall
                0x000f9ee4                operateforcefields
                0x000fc9fc                checkhitwall
                0x000f8ae4                operaterespawns
                0x00107ad8                checksectors
                0x000f34e8                animatewalls
                0x000f0b74                callsound
                0x000f2240                findotherplayer
                0x000f3d14                activatewarpelevators
                0x00105d74                cheatkeys
                0x000f1c2c                dist
                0x000f19a4                isanearoperator
                0x000f9d34                operatemasterswitches
                0x000f2ef8                setanimation
                0x000fc954                breakwall
                0x000fa1c8                checkhitswitch
                0x00105850                allignwarpelevators
                0x000f4290                operatesectors
 .text          0x0010a7f8     0x34ec obj/sounds.o
                0x0010aea0                xyzsound
                0x0010ca5c                stopenvsound
                0x0010c844                spritesound
                0x0010a984                MusicStartup
                0x0010c9bc                stopsound
                0x0010a7f8                SoundStartup
                0x0010aa1c                MusicShutdown
                0x0010aa7c                MusicUpdate
                0x0010abc4                playmusic
                0x0010ab14                intomenusounds
                0x0010aa8c                USRHOOKS_GetMem
                0x0010a928                SoundShutdown
                0x0010aaec                USRHOOKS_FreeMem
                0x0010c388                sound
                0x0010d820                testcallback
                0x0010dc08                clearsoundlocks
                0x0010cb5c                pan3dsound
                0x0010ac90                loadsound
 .text          0x0010dce4      0x6dc obj/rts.o
                0x0010e09c                RTS_SoundLength
                0x0010e074                RTS_NumSounds
                0x0010dfb8                RTS_Init
                0x0010e114                RTS_GetSoundName
                0x0010e250                RTS_GetSound
                0x0010e188                RTS_ReadLump
                0x0010dce4                RTS_AddFile
 .text          0x0010e3c0     0x2d90 obj/config.o
                0x0010e440                CONFIG_FunctionNumToName
                0x0010e490                CONFIG_AnalogNameToNum
                0x0010e558                CONFIG_AnalogNumToName
                0x0010e5ec                CONFIG_SetDefaults
                0x0011039c                CONFIG_WriteSetup
                0x0010fb68                CONFIG_ReadSetup
                0x0010ee54                CONFIG_ReadKeys
                0x0010e3c0                CONFIG_FunctionNameToNum
                0x0010f990                readsavenames
                0x0010f068                CONFIG_SetupMouse
                0x0010f4bc                CONFIG_SetupJoystick
 .text          0x00111150      0x9c8 obj/animlib.o
                0x0011173c                drawframe
                0x0011129c                loadpage
                0x001117b8                ANIM_LoadAnim
                0x001115e8                renderframe
                0x001119d8                ANIM_DrawFrame
                0x00111978                ANIM_FreeAnim
                0x001119ac                ANIM_NumFrames
                0x00111150                CheckAnimStarted
                0x001113b0                CPlayRunSkipDump
                0x0011118c                findpage
                0x00111ae8                ANIM_GetPalette
 .text          0x00111b18       0x24 obj/testcd.o
                0x00111b18                testcd
 .text          0x00111b3c      0x768 obj/osdfuncs.o
                0x00112014                GAME_clearbackground
                0x00111f8c                GAME_onshowosd
                0x00111e00                GAME_drawosdcursor
                0x00111c48                GAME_drawosdstr
                0x00111f28                GAME_getcolumnwidth
                0x00111b3c                GAME_drawosdchar
                0x00111f64                GAME_getrowheight
 .text          0x001122a4     0x16f0 obj/osdcmds.o
                0x00113578                onvideomodechange
                0x0011274c                osdcmd_map
                0x00112acc                osdcmd_fileinfo
                0x00112338                osdcmd_echo
                0x00113774                registerosdcommands
                0x00112984                osdcmd_god
                0x001123d4                osdcmd_changelevel
                0x00112a28                osdcmd_noclip
                0x001122a4                osdcmd_quit
 .text          0x00113994       0x48 obj/missing.o
                0x001139b8                polymost_precache
                0x00113994                md_tilehasmodel
 .text          0x001139dc      0x37c obj/util_lib.o
                0x00113bfc                SafeRealloc
                0x00113c90                ParseNum
                0x00113d10                MotoLong
                0x001139dc                RegisterShutdownFunction
                0x00113d34                IntelLong
                0x00113a08                Error
                0x00113bc4                SafeFree
                0x00113cc0                MotoShort
                0x00113a80                CheckParm
                0x00113b74                SafeMalloc
                0x00113ce8                IntelShort
                0x00113c60                ParseHex
 .text          0x00113d58      0x3ac obj/file_lib.o
                0x0011403c                SafeRead
                0x00113fa8                SafeFileExists
                0x00113ff4                SafeFileLength
                0x00113ef0                SafeClose
                0x00113e5c                SafeOpenRead
                0x00113d58                SafeOpen
 .text          0x00114104     0x2b88 obj/control.o
                0x00114d9c                CONTROL_SetAnalogAxisScale
                0x00116824                CONTROL_WaitRelease
                0x00114f90                CONTROL_ClearAssignments
                0x00115c18                CONTROL_AxisFunctionState
                0x00114418                CONTROL_GetTime
                0x001148dc                CONTROL_MapKey
                0x00114450                CONTROL_CheckRange
                0x0011659c                CONTROL_ClearButton
                0x001147ac                CONTROL_DefineFlag
                0x0011424c                CONTROL_GetMouseSensitivity
                0x00115a2c                CONTROL_PollDevices
                0x00115550                CONTROL_DigitizeAxis
                0x00114374                CONTROL_SetJoyScale
                0x001142e0                CONTROL_FilterJoyDelta
                0x00114274                CONTROL_SetMouseSensitivity
                0x00116400                CONTROL_ClearUserInput
                0x001142cc                CONTROL_GetJoyAbs
                0x00114e34                CONTROL_MapDigitalAxis
                0x0011494c                CONTROL_PrintKeyMap
                0x00116c40                CONTROL_Shutdown
                0x00116658                CONTROL_GetInput
                0x001142f4                CONTROL_GetJoyDelta
                0x00114f30                CONTROL_ClearFlags
                0x001149c8                CONTROL_PrintControlFlag
                0x00115858                CONTROL_ApplyAxis
                0x001146d0                CONTROL_ClearKeyboardFunction
                0x00115338                CONTROL_GetDeviceButtons
                0x00114878                CONTROL_FlagActive
                0x001143b0                CONTROL_StartJoy
                0x001142a4                CONTROL_StartMouse
                0x00115724                CONTROL_ScaleAxis
                0x0011684c                CONTROL_Startup
                0x00114104                CONTROL_GetMouseDelta
                0x00116030                CONTROL_GetUserInput
                0x00115e0c                CONTROL_ButtonFunctionState
                0x00114494                CONTROL_SetFlag
                0x00114c0c                CONTROL_MapButton
                0x00114388                CONTROL_CenterJoystick
                0x00114cf4                CONTROL_MapAnalogAxis
                0x00116838                CONTROL_Ack
                0x00114a94                CONTROL_PrintAxes
                0x001143ec                CONTROL_ShutJoy
                0x0011459c                CONTROL_KeyboardFunctionPressed
 .text          0x00116c8c      0x2b0 obj/keyboard.o
                0x00116f00                KB_Startup
                0x00116cbc                KB_Addch
                0x00116d24                KB_ScanCodeToString
                0x00116f28                KB_Shutdown
                0x00116cec                KB_ClearKeysDown
                0x00116c8c                KB_KeyWaiting
                0x00116e54                KB_TurnKeypadOn
                0x00116dbc                KB_StringToScanCode
                0x00116ca4                KB_Getch
                0x00116e78                KB_TurnKeypadOff
                0x00116cdc                KB_FlushKeyboardQueue
                0x00116e9c                KB_KeypadActive
 .text          0x00116f3c      0x120 obj/mouse.o
                0x00117014                MOUSE_GetPosition
                0x00116fcc                MOUSE_ClearButton
                0x00116f7c                MOUSE_ShowCursor
                0x00116fa4                MOUSE_GetButtons
                0x00116f3c                MOUSE_Init
                0x00116f6c                MOUSE_Shutdown
                0x00117034                MOUSE_GetDelta
                0x00116f90                MOUSE_HideCursor
 .text          0x0011705c      0x1dc obj/mathutil.o
                0x0011705c                FindDistance2D
                0x00117128                FindDistance3D
 .text          0x00117238     0x2874 obj/scriplib.o
                0x0011827c                SCRIPT_Free
                0x00117864                SCRIPT_AddEntry
                0x0011829c                SCRIPT_Parse
                0x0011998c                SCRIPT_PutNumber
                0x001172fc                SCRIPT_Delete
                0x001183a8                SCRIPT_Save
                0x00119804                SCRIPT_PutString
                0x0011975c                SCRIPT_PutEOL
                0x00118520                SCRIPT_NumberSections
                0x0011977c                SCRIPT_PutMultiComment
                0x00117784                SCRIPT_EntryExists
                0x0011967c                SCRIPT_GetDouble
                0x00117238                SCRIPT_New
                0x001198a8                SCRIPT_PutDoubleString
                0x001175e8                SCRIPT_AddSection
                0x001174c8                SCRIPT_SectionExists
                0x001188b8                SCRIPT_GetRaw
                0x00117a1c                SCRIPT_ParseBuffer
                0x00118ca8                SCRIPT_GetDoubleString
                0x00119a60                SCRIPT_PutDouble
                0x001197a4                SCRIPT_PutSection
                0x001185ec                SCRIPT_Section
                0x00119a04                SCRIPT_PutBoolean
                0x0011947c                SCRIPT_GetBoolean
                0x001186c8                SCRIPT_NumberEntries
                0x00117428                SCRIPT_FreeSection
                0x00118220                SCRIPT_Init
                0x00118978                SCRIPT_GetString
                0x001197cc                SCRIPT_PutRaw
                0x001187b8                SCRIPT_Entry
                0x001192a0                SCRIPT_GetNumber
                0x001182c8                SCRIPT_Load
                0x00119738                SCRIPT_PutComment
 .text          0x00119aac        0x0 obj/game_icon.o
 .text          0x00119aac      0x3e8 obj/audiolib_musicstub.o
                0x00119d90                MUSIC_SetSongPosition
                0x00119c34                MUSIC_SetMidiChannelVolume
                0x00119c18                MUSIC_SetVolume
                0x00119c84                MUSIC_SetLoopFlag
                0x00119e30                MUSIC_StopFade
                0x00119bfc                MUSIC_SetMaxFMMidiChannel
                0x00119bd4                MUSIC_Shutdown
                0x00119d28                MUSIC_SetContext
                0x00119db4                MUSIC_GetSongPosition
                0x00119e64                MUSIC_RegisterTimbreBank
                0x00119ce4                MUSIC_StopSong
                0x00119dec                MUSIC_FadeVolume
                0x00119dd0                MUSIC_GetSongLength
                0x00119d58                MUSIC_SetSongTick
                0x00119d00                MUSIC_PlaySong
                0x00119cd0                MUSIC_Pause
                0x00119e80                MUSIC_Update
                0x00119e44                MUSIC_RerouteMidiChannel
                0x00119d74                MUSIC_SetSongTime
                0x00119d44                MUSIC_GetContext
                0x00119aac                MUSIC_ErrorString
                0x00119c68                MUSIC_GetVolume
                0x00119ba4                MUSIC_Init
                0x00119c54                MUSIC_ResetMidiChannelVolumes
                0x00119e14                MUSIC_FadeActive
                0x00119cbc                MUSIC_Continue
                0x00119ca0                MUSIC_SongPlaying
 .text          0x00119e94      0x2f0 obj/audiolib_fxstub.o
                0x0011a044                FX_PlayLoopedVOC
                0x0011a104                FX_Pan3D
                0x0011a0d4                FX_PlayWAV3D
                0x00119f24                FX_Init
                0x0011a004                FX_SetReverbDelay
                0x00119f54                FX_Shutdown
                0x00119f94                FX_SetVolume
                0x0011a074                FX_PlayLoopedWAV
                0x00119fb0                FX_SetReverseStereo
                0x00119f70                FX_SetCallBack
                0x0011a154                FX_StopAllSounds
                0x0011a020                FX_VoiceAvailable
                0x0011a0a4                FX_PlayVOC3D
                0x0011a170                AudioUpdate
                0x00119fe8                FX_SetReverb
                0x00119fcc                FX_GetReverseStereo
                0x00119e94                FX_ErrorString
                0x0011a130                FX_StopSound
 .text          0x0011a184     0x45e0 eobj/libengine.a(cache1d.o)
                0x0011a320                allocache
                0x0011be64                kopen4load
                0x0011b5d8                initgroupfile
                0x0011cb54                beginsearchgroup
                0x0011d610                dfread
                0x0011da48                dfwrite
                0x0011bacc                uninitsinglegroupfile
                0x0011b31c                openfrompath
                0x0011bd54                uninitgroupfile
                0x0011c560                klseek
                0x0011c2a0                kread
                0x0011b164                addsearchpath
                0x0011de6c                lzwcompress
                0x0011a250                initcache
                0x0011ca4c                kclose
                0x0011b480                fopenfrompath
                0x0011c790                kfilelength
                0x0011aa9c                suckcache
                0x0011ae30                agecache
                0x0011d1d0                kdfread
                0x0011cfc0                getsearchgroupnext
                0x0011e3b4                lzwuncompress
                0x0011c8fc                ktell
 .text          0x0011e764      0xcac eobj/libengine.a(compat.o)
                0x0011eefc                Bstrtoken
                0x0011f080                Bwildmatch
                0x0011ec0c                Bgetsystemdrives
                0x0011ed30                Breaddir
                0x0011e764                Bgethomedir
                0x0011f230                Bstrlwr
                0x0011ec78                Bopendir
                0x0011e7bc                Bcorrectfilename
                0x0011f2b4                Bstrupr
                0x0011f338                Bgetsysmemsize
                0x0011ec28                Bfilelength
                0x0011eebc                Bclosedir
 .text          0x0011f410      0x228 eobj/libengine.a(crc32.o)
                0x0011f5fc                crc32finish
                0x0011f520                crc32init
                0x0011f4d0                crc32
                0x0011f554                crc32block
                0x0011f410                initcrc32table
 .text          0x0011f638     0x1fc0 eobj/libengine.a(defs.o)
                0x00121594                loaddefinitionsfile
 .text          0x001215f8    0x394e0 eobj/libengine.a(engine.o)
                0x00146494                ksqrt
                0x0015aa80                setrollangle
                0x00157a68                draw2dgrid
                0x001595c8                printext16
                0x0015a9d0                screencapture
                0x00145ec0                inside
                0x001597c8                printext256
                0x00152afc                setviewtotile
                0x0014582c                clipinsidebox
                0x00153224                preparemirror
                0x00152768                setpalettefadeclamps
                0x001513d0                rotatesprite
                0x0013de74                drawmasks
                0x00143b98                saveboard
                0x0015535c                loopnumofsector
                0x001554d0                setfirstwall
                0x00145384                allocatepermanenttile
                0x0015aa9c                invalidatetile
                0x0013cc08                uninitengine
                0x00153fe0                getflorzofslope
                0x0014f864                getzrange
                0x00157dec                draw2dscreen
                0x00154468                getzsofslope
                0x00153800                sectorofwall
                0x00145bfc                clipinsideboxline
                0x001419b4                loadboard
                0x001566c4                drawline16
                0x0014503c                loadtile
                0x0014f7b8                getmousevalues
                0x001579a8                clear2dscreen
                0x00157664                qsetmode640480
                0x001498b8                neartag
                0x001520d4                setbrightness
                0x00157550                qsetmode640350
                0x00145574                copytilepiece
                0x0013ecac                drawmapview
                0x00154e08                alignflorslope
                0x0015aac4                setpolymost2dview
                0x0014a624                dragpoint
                0x001444d0                nextpage
                0x00152888                clearview
                0x0015aa40                setrendermode
                0x0014f0d4                updatesector
                0x001548bc                alignceilslope
                0x001529dc                plotpixel
                0x0015aa64                getrendermode
                0x00121668                hicsetpalettetint
                0x0014683c                changespritesect
                0x0015301c                squarerotatetile
                0x00152db4                setviewback
                0x001512b8                setaspect
                0x001215f8                kmalloc
                0x00151398                flushperms
                0x001474d4                hitscan
                0x00146afc                nextsectorneighborz
                0x0014f34c                updatesectorz
                0x001216d0                hicsetskybox
                0x00143b74                loadmaphack
                0x001523c8                setpalettefade
                0x0014f7ec                krand
                0x00152a70                getpixel
                0x001216fc                hicclearsubst
                0x00144880                loadpics
                0x00121724                polymost_drawtilescreen
                0x001535b8                completemirror
                0x0014699c                changespritestat
                0x00146800                deletesprite
                0x00146228                getangle
                0x00151f60                setvgapalette
                0x00156e68                drawcircle16
                0x00151bc4                makepalookup
                0x001467bc                insertsprite
                0x0013c984                initengine
                0x001577c0                qsetmodeany
                0x001216a0                hicsetsubsttex
                0x00146e7c                cansee
                0x00121620                kfree
                0x0013cd48                initspritelists
                0x00144124                setgamemode
                0x0014abc8                lastwall
                0x0015a278                screencapture_pcx
                0x00155fe0                drawline256
                0x001464c0                krecip
                0x001464e8                setsprite
                0x001599c4                screencapture_tga
                0x00150fe4                setview
                0x00121640                getkensmessagecrc
                0x0014e45c                pushmove
                0x00152978                clearallviews
                0x0013cff4                drawrooms
                0x00153ac4                getceilzofslope
                0x0014f6c0                rotatepoint
                0x0014acf8                clipmove
 .text          0x0015aad8     0xb1e0 eobj/libengine.a(kplib.o)
                0x00163fd4                kzuninit
                0x001658f4                kzfilelength
                0x00163594                kprender
                0x00165940                kzseek
                0x00164034                kzaddstack
                0x0016457c                kzopen
                0x00165a40                kztell
                0x00165b74                kpzload
                0x00164bd0                kzread
                0x00165b38                kzclose
                0x00164908                kzfindfile
                0x00165a8c                kzgetc
                0x001648c8                kzfindfilestart
                0x00162fc0                kpgetdim
                0x00165ad8                kzeof
 .text          0x00165cb8     0x2518 eobj/libengine.a(mmulti.o)
                0x00165d7c                netinit
                0x0016638c                genericmultifunction
                0x00166414                sendlogoff
                0x0016792c                getpacket
                0x00166714                initmultiplayersparms
                0x00167804                sendpacket
                0x00165d4c                netuninit
                0x00165f28                netsend
                0x00166124                isvalidipaddress
                0x00166400                sendlogon
                0x00167348                initmultiplayers
                0x001663b4                getoutputcirclesize
                0x001673b0                dosendpackets
                0x0016636c                setpackettimeout
                0x00165ff0                netread
                0x0016712c                initmultiplayerscycle
                0x001663d0                setsocket
                0x001665d4                uninitmultiplayers
                0x001663ec                flushpackets
 .text          0x001681d0     0x3a5c eobj/libengine.a(osd.o)
                0x0016a808                OSD_Printf
                0x0016b430                OSD_RegisterVariable
                0x001686f4                osd_internal_validate_string
                0x00168d54                OSD_SetParameters
                0x001689f4                OSD_Cleanup
                0x0016a1dc                OSD_ResizeDisplay
                0x0016aa00                OSD_DispatchQueued
                0x00168ddc                OSD_CaptureKey
                0x00168b10                OSD_SetLogFile
                0x00168e08                OSD_HandleKey
                0x0016b164                OSD_RegisterFunction
                0x0016ad3c                OSD_Dispatch
                0x00168bac                OSD_SetFunctions
                0x00168a5c                OSD_Init
                0x0016873c                osd_internal_validate_boolean
                0x0016a408                OSD_ShowDisplay
                0x00168718                osd_internal_validate_integer
                0x0016a4a8                OSD_Draw
 .text          0x0016bc2c      0x4bc eobj/libengine.a(pragmas.o)
                0x0016bfd8                copybufbyte
                0x0016bdb4                copybuf
                0x0016bcb4                qinterpolatedown16short
                0x0016be3c                swapbuf4
                0x0016bd44                clearbuf
                0x0016bee4                clearbufbyte
                0x0016bc2c                qinterpolatedown16
                0x0016c060                copybufreverse
 .text          0x0016c0e8     0x14ec eobj/libengine.a(scriptfile.o)
                0x0016d34c                scriptfile_getsymbolvalue
                0x0016c1a4                scriptfile_gettoken
                0x0016c488                scriptfile_getdouble
                0x0016d578                scriptfile_clearsymbols
                0x0016c700                scriptfile_getbraces
                0x0016d194                scriptfile_close
                0x0016c60c                scriptfile_getsymbol
                0x0016d088                scriptfile_fromstring
                0x0016d430                scriptfile_addsymbolvalue
                0x0016cf40                scriptfile_fromfile
                0x0016c2ac                scriptfile_getnumber
                0x0016c9a0                scriptfile_preparse
                0x0016c21c                scriptfile_getstring
                0x0016c8ac                scriptfile_getlinum
 .text          0x0016d5d4     0x3d50 eobj/libengine.a(sdlayer.o)
                0x0016ee54                uninitmouse
                0x0016f230                getticks
                0x0016f248                gettimerfreq
                0x0016e6e4                uninitsystem
                0x001709c0                setgamma
                0x0016d5d4                wm_msgbox
                0x0016f13c                sampletimer
                0x0016ed6c                setkeypresscallback
                0x00170880                setpalette
                0x0016d6ec                wm_setapptitle
                0x00170abc                handleevents
                0x0016ed98                setmousepresscallback
                0x0016f04c                inittimer
                0x001704e4                begindrawing
                0x0016e7c0                initinput
                0x0016ef68                readmousebstatus
                0x0016edc4                setjoypresscallback
                0x0016f108                uninittimer
                0x0016eb40                getjoyname
                0x0016f038                releaseallbuttons
                0x0016ec6c                bgetchar
                0x0016ecf8                bkbhit
                0x0016e700                initprintf
                0x0016e77c                debugprintf
                0x0016edf0                initmouse
                0x0016d62c                wm_ynbox
                0x0016f3a4                getvalidmodes
                0x0017012c                setvideomode
                0x001704b0                resetvideomode
                0x001706e8                enddrawing
                0x0016eebc                readmousexy
                0x0016fdd4                checkvideomode
                0x0016e350                initsystem
                0x0016ee9c                grabmouse
                0x001707fc                showframe
                0x0016efd0                setjoydeadzone
                0x0016eae0                getkeyname
                0x0016ea9c                uninitinput
                0x0016f26c                installusertimercallback
                0x0016ed34                bflushchars
                0x0016eff8                getjoydeadzone
                0x0016e2f4                main
 .text          0x00171324     0x13e4 eobj/libengine.a(a-c.o)
                0x001718c4                mvlineasm1
                0x0017179c                setupvlineasm
                0x001719a8                setuptvlineasm
                0x00171634                slopevlin
                0x001713a0                settransreverse
                0x00172334                tspritevline
                0x00171d74                thline
                0x0017255c                setupdrawslab
                0x0017137c                settransnormal
                0x00171bb0                msethlineshift
                0x001719d4                tvlineasm1
                0x00171d34                tsethlineshift
                0x00171484                hlineasm4
                0x0017259c                drawslab
                0x00171444                setuphlineasm4
                0x00171bf0                mhline
                0x001717c8                vlineasm1
                0x00171350                fixtransluscence
                0x00172670                stretchhline
                0x0017215c                msetupspritevline
                0x001726f4                mmxoverlay
                0x00171898                setupmvlineasm
                0x001722cc                tsetupspritevline
                0x00171324                setvlinebpl
                0x00172000                setupspritevline
                0x001715c8                setupslopevlin
                0x00171418                setpalookupaddress
                0x00172068                spritevline
                0x001721c4                mspritevline
                0x001713c4                sethlinesizes
 .text          0x00172708      0x1b4 eobj/libengine.a(baselayer.o)
                0x0017285c                baselayer_init
 .text          0x001728bc        0x0 eobj/libengine.a(engineinfo.o)
 .text          0x001728bc      0x208 /srv/preware/cross-compile/toolchain/arm-2007q3/bin/../lib/gcc/arm-none-linux-gnueabi/4.2.1/libgcc.a(_udivsi3.o)
                0x001728bc                __udivsi3
                0x001728bc                __aeabi_uidiv
                0x00172aac                __aeabi_uidivmod
 .text          0x00172ac4      0x238 /srv/preware/cross-compile/toolchain/arm-2007q3/bin/../lib/gcc/arm-none-linux-gnueabi/4.2.1/libgcc.a(_divsi3.o)
                0x00172ac4                __divsi3
                0x00172ce4                __aeabi_idivmod
                0x00172ac4                __aeabi_idiv
 .text          0x00172cfc      0x3b8 /srv/preware/cross-compile/toolchain/arm-2007q3/bin/../lib/gcc/arm-none-linux-gnueabi/4.2.1/libgcc.a(_arm_addsubdf3.o)
                0x00173040                __floatundidf
                0x00172fd8                __floatsidf
                0x00172fb4                __aeabi_ui2d
                0x00172fd8                __aeabi_i2d
                0x00172fb4                __floatunsidf
                0x00172d04                __subdf3
                0x00173054                __floatdidf
                0x00172d08                __adddf3
                0x00173054                __aeabi_l2d
                0x00173000                __aeabi_f2d
                0x00173040                __aeabi_ul2d
                0x00172cfc                __aeabi_drsub
                0x00173000                __extendsfdf2
                0x00172d08                __aeabi_dadd
                0x00172d04                __aeabi_dsub
 .text          0x001730b4      0x470 /srv/preware/cross-compile/toolchain/arm-2007q3/bin/../lib/gcc/arm-none-linux-gnueabi/4.2.1/libgcc.a(_arm_muldivdf3.o)
                0x001730b4                __muldf3
                0x00173320                __divdf3
                0x001730b4                __aeabi_dmul
                0x00173320                __aeabi_ddiv
 .text          0x00173524       0x54 /srv/preware/cross-compile/toolchain/arm-2007q3/bin/../lib/gcc/arm-none-linux-gnueabi/4.2.1/libgcc.a(_arm_fixunsdfsi.o)
                0x00173524                __fixunsdfsi
                0x00173524                __aeabi_d2uiz
 .text          0x00173578       0xa0 /srv/preware/cross-compile/toolchain/arm-2007q3/bin/../lib/gcc/arm-none-linux-gnueabi/4.2.1/libgcc.a(_arm_truncdfsf2.o)
                0x00173578                __aeabi_d2f
                0x00173578                __truncdfsf2
 .text          0x00173618      0x250 /srv/preware/cross-compile/toolchain/arm-2007q3/bin/../lib/gcc/arm-none-linux-gnueabi/4.2.1/libgcc.a(_arm_addsubsf3.o)
                0x00173624                __aeabi_fadd
                0x001737ec                __aeabi_l2f
                0x001737dc                __aeabi_ul2f
                0x00173620                __subsf3
                0x001737bc                __floatsisf
                0x00173624                __addsf3
                0x00173618                __aeabi_frsub
                0x001737ec                __floatdisf
                0x00173620                __aeabi_fsub
                0x001737b4                __aeabi_ui2f
                0x001737bc                __aeabi_i2f
                0x001737b4                __floatunsisf
                0x001737dc                __floatundisf
 .text          0x00173868       0x1c /srv/preware/cross-compile/toolchain/arm-2007q3/bin/../lib/gcc/arm-none-linux-gnueabi/4.2.1/libgcc.a(_aeabi_ldivmod.o)
                0x00173868                __aeabi_ldivmod
 .text          0x00173884       0x10 /srv/preware/cross-compile/toolchain/arm-2007q3/bin/../lib/gcc/arm-none-linux-gnueabi/4.2.1/libgcc.a(_dvmd_lnx.o)
                0x00173884                __div0
 .text          0x00173894       0x88 /srv/preware/cross-compile/toolchain/arm-2007q3/bin/../lib/gcc/arm-none-linux-gnueabi/4.2.1/libgcc.a(bpabi.o)
                0x001738d8                __gnu_ldivmod_helper
                0x00173894                __gnu_uldivmod_helper
 .text          0x0017391c      0x59c /srv/preware/cross-compile/toolchain/arm-2007q3/bin/../lib/gcc/arm-none-linux-gnueabi/4.2.1/libgcc.a(_divdi3.o)
                0x0017391c                __divdi3
 .text          0x00173eb8      0x530 /srv/preware/cross-compile/toolchain/arm-2007q3/bin/../lib/gcc/arm-none-linux-gnueabi/4.2.1/libgcc.a(_udivdi3.o)
                0x00173eb8                __udivdi3
 .text          0x001743e8        0x0 /srv/preware/cross-compile/toolchain/arm-2007q3/bin/../lib/gcc/arm-none-linux-gnueabi/4.2.1/libgcc.a(_clz.o)
 .text          0x001743e8       0x6c /usr/lib/libc_nonshared.a(elf-init.oS)
                0x001743e8                __libc_csu_fini
                0x001743ec                __libc_csu_init
 .text          0x00174454       0x28 /usr/lib/libc_nonshared.a(atexit.oS)
                0x00174454                atexit
 .text          0x0017447c       0x10 /usr/lib/libc_nonshared.a(stat.oS)
                0x0017447c                __stat
                0x0017447c                stat
 .text          0x0017448c       0x10 /usr/lib/libc_nonshared.a(fstat.oS)
                0x0017448c                __fstat
                0x0017448c                fstat
 .text          0x0017449c        0x0 /srv/preware/cross-compile/toolchain/arm-2007q3/bin/../lib/gcc/arm-none-linux-gnueabi/4.2.1/crtend.o
 .text          0x0017449c        0x0 /srv/preware/cross-compile/toolchain/arm-2007q3/bin/../arm-none-linux-gnueabi/libc/usr/lib/crtn.o
 *(.text.*personality*)
 *(.gnu.warning)
 *(.glue_7t)
 .glue_7t       0x0017449c        0x0 /srv/preware/cross-compile/toolchain/arm-2007q3/bin/../arm-none-linux-gnueabi/libc/usr/lib/crt1.o
 .glue_7t       0x0017449c        0x0 /srv/preware/cross-compile/toolchain/arm-2007q3/bin/../arm-none-linux-gnueabi/libc/usr/lib/crti.o
 .glue_7t       0x0017449c        0x0 /srv/preware/cross-compile/toolchain/arm-2007q3/bin/../lib/gcc/arm-none-linux-gnueabi/4.2.1/crtbegin.o
 .glue_7t       0x0017449c        0x0 obj/game.o
 .glue_7t       0x0017449c        0x0 obj/actors.o
 .glue_7t       0x0017449c        0x0 obj/gamedef.o
 .glue_7t       0x0017449c        0x0 obj/global.o
 .glue_7t       0x0017449c        0x0 obj/menues.o
 .glue_7t       0x0017449c        0x0 obj/player.o
 .glue_7t       0x0017449c        0x0 obj/premap.o
 .glue_7t       0x0017449c        0x0 obj/sector.o
 .glue_7t       0x0017449c        0x0 obj/sounds.o
 .glue_7t       0x0017449c        0x0 obj/rts.o
 .glue_7t       0x0017449c        0x0 obj/config.o
 .glue_7t       0x0017449c        0x0 obj/animlib.o
 .glue_7t       0x0017449c        0x0 obj/testcd.o
 .glue_7t       0x0017449c        0x0 obj/osdfuncs.o
 .glue_7t       0x0017449c        0x0 obj/osdcmds.o
 .glue_7t       0x0017449c        0x0 obj/missing.o
 .glue_7t       0x0017449c        0x0 obj/util_lib.o
 .glue_7t       0x0017449c        0x0 obj/file_lib.o
 .glue_7t       0x0017449c        0x0 obj/control.o
 .glue_7t       0x0017449c        0x0 obj/keyboard.o
 .glue_7t       0x0017449c        0x0 obj/mouse.o
 .glue_7t       0x0017449c        0x0 obj/mathutil.o
 .glue_7t       0x0017449c        0x0 obj/scriplib.o
 .glue_7t       0x0017449c        0x0 obj/game_icon.o
 .glue_7t       0x0017449c        0x0 obj/audiolib_musicstub.o
 .glue_7t       0x0017449c        0x0 obj/audiolib_fxstub.o
 .glue_7t       0x0017449c        0x0 eobj/libengine.a(cache1d.o)
 .glue_7t       0x0017449c        0x0 eobj/libengine.a(compat.o)
 .glue_7t       0x0017449c        0x0 eobj/libengine.a(crc32.o)
 .glue_7t       0x0017449c        0x0 eobj/libengine.a(defs.o)
 .glue_7t       0x0017449c        0x0 eobj/libengine.a(engine.o)
 .glue_7t       0x0017449c        0x0 eobj/libengine.a(kplib.o)
 .glue_7t       0x0017449c        0x0 eobj/libengine.a(mmulti.o)
 .glue_7t       0x0017449c        0x0 eobj/libengine.a(osd.o)
 .glue_7t       0x0017449c        0x0 eobj/libengine.a(pragmas.o)
 .glue_7t       0x0017449c        0x0 eobj/libengine.a(scriptfile.o)
 .glue_7t       0x0017449c        0x0 eobj/libengine.a(sdlayer.o)
 .glue_7t       0x0017449c        0x0 eobj/libengine.a(a-c.o)
 .glue_7t       0x0017449c        0x0 eobj/libengine.a(baselayer.o)
 .glue_7t       0x0017449c        0x0 eobj/libengine.a(engineinfo.o)
 .glue_7t       0x0017449c        0x0 /srv/preware/cross-compile/toolchain/arm-2007q3/arm-none-linux-gnueabi/libc/usr/lib/libm.so
 .glue_7t       0x0017449c        0x0 /usr/local/lib/libSDL.so
 .glue_7t       0x0017449c        0x0 /lib/libpthread.so.0
 .glue_7t       0x0017449c        0x0 /srv/preware/cross-compile/toolchain/arm-2007q3/bin/../lib/gcc/arm-none-linux-gnueabi/4.2.1/libgcc.a(_udivsi3.o)
 .glue_7t       0x0017449c        0x0 /srv/preware/cross-compile/toolchain/arm-2007q3/bin/../lib/gcc/arm-none-linux-gnueabi/4.2.1/libgcc.a(_divsi3.o)
 .glue_7t       0x0017449c        0x0 /srv/preware/cross-compile/toolchain/arm-2007q3/bin/../lib/gcc/arm-none-linux-gnueabi/4.2.1/libgcc.a(_arm_addsubdf3.o)
 .glue_7t       0x0017449c        0x0 /srv/preware/cross-compile/toolchain/arm-2007q3/bin/../lib/gcc/arm-none-linux-gnueabi/4.2.1/libgcc.a(_arm_muldivdf3.o)
 .glue_7t       0x0017449c        0x0 /srv/preware/cross-compile/toolchain/arm-2007q3/bin/../lib/gcc/arm-none-linux-gnueabi/4.2.1/libgcc.a(_arm_fixunsdfsi.o)
 .glue_7t       0x0017449c        0x0 /srv/preware/cross-compile/toolchain/arm-2007q3/bin/../lib/gcc/arm-none-linux-gnueabi/4.2.1/libgcc.a(_arm_truncdfsf2.o)
 .glue_7t       0x0017449c        0x0 /srv/preware/cross-compile/toolchain/arm-2007q3/bin/../lib/gcc/arm-none-linux-gnueabi/4.2.1/libgcc.a(_arm_addsubsf3.o)
 .glue_7t       0x0017449c        0x0 /srv/preware/cross-compile/toolchain/arm-2007q3/bin/../lib/gcc/arm-none-linux-gnueabi/4.2.1/libgcc.a(_aeabi_ldivmod.o)
 .glue_7t       0x0017449c        0x0 /srv/preware/cross-compile/toolchain/arm-2007q3/bin/../lib/gcc/arm-none-linux-gnueabi/4.2.1/libgcc.a(_dvmd_lnx.o)
 .glue_7t       0x0017449c        0x0 /srv/preware/cross-compile/toolchain/arm-2007q3/bin/../lib/gcc/arm-none-linux-gnueabi/4.2.1/libgcc.a(bpabi.o)
 .glue_7t       0x0017449c        0x0 /srv/preware/cross-compile/toolchain/arm-2007q3/bin/../lib/gcc/arm-none-linux-gnueabi/4.2.1/libgcc.a(_divdi3.o)
 .glue_7t       0x0017449c        0x0 /srv/preware/cross-compile/toolchain/arm-2007q3/bin/../lib/gcc/arm-none-linux-gnueabi/4.2.1/libgcc.a(_udivdi3.o)
 .glue_7t       0x0017449c        0x0 /srv/preware/cross-compile/toolchain/arm-2007q3/bin/../lib/gcc/arm-none-linux-gnueabi/4.2.1/libgcc.a(_clz.o)
 .glue_7t       0x0017449c        0x0 /srv/preware/cross-compile/toolchain/arm-2007q3/arm-none-linux-gnueabi/libc/lib/libgcc_s.so
 .glue_7t       0x0017449c        0x0 /lib/libc.so.6
 .glue_7t       0x0017449c        0x0 /usr/lib/libc_nonshared.a(elf-init.oS)
 .glue_7t       0x0017449c        0x0 /usr/lib/libc_nonshared.a(atexit.oS)
 .glue_7t       0x0017449c        0x0 /usr/lib/libc_nonshared.a(stat.oS)
 .glue_7t       0x0017449c        0x0 /usr/lib/libc_nonshared.a(fstat.oS)
 .glue_7t       0x0017449c        0x0 /lib/ld-linux.so.3
 .glue_7t       0x0017449c        0x0 /srv/preware/cross-compile/toolchain/arm-2007q3/arm-none-linux-gnueabi/libc/lib/libgcc_s.so
 .glue_7t       0x0017449c        0x0 /srv/preware/cross-compile/toolchain/arm-2007q3/bin/../lib/gcc/arm-none-linux-gnueabi/4.2.1/crtend.o
 .glue_7t       0x0017449c        0x0 /srv/preware/cross-compile/toolchain/arm-2007q3/bin/../arm-none-linux-gnueabi/libc/usr/lib/crtn.o
 *(.glue_7)
 .glue_7        0x0017449c        0x0 /srv/preware/cross-compile/toolchain/arm-2007q3/bin/../arm-none-linux-gnueabi/libc/usr/lib/crt1.o
 .glue_7        0x0017449c        0x0 /srv/preware/cross-compile/toolchain/arm-2007q3/bin/../arm-none-linux-gnueabi/libc/usr/lib/crti.o
 .glue_7        0x0017449c        0x0 /srv/preware/cross-compile/toolchain/arm-2007q3/bin/../lib/gcc/arm-none-linux-gnueabi/4.2.1/crtbegin.o
 .glue_7        0x0017449c        0x0 obj/game.o
 .glue_7        0x0017449c        0x0 obj/actors.o
 .glue_7        0x0017449c        0x0 obj/gamedef.o
 .glue_7        0x0017449c        0x0 obj/global.o
 .glue_7        0x0017449c        0x0 obj/menues.o
 .glue_7        0x0017449c        0x0 obj/player.o
 .glue_7        0x0017449c        0x0 obj/premap.o
 .glue_7        0x0017449c        0x0 obj/sector.o
 .glue_7        0x0017449c        0x0 obj/sounds.o
 .glue_7        0x0017449c        0x0 obj/rts.o
 .glue_7        0x0017449c        0x0 obj/config.o
 .glue_7        0x0017449c        0x0 obj/animlib.o
 .glue_7        0x0017449c        0x0 obj/testcd.o
 .glue_7        0x0017449c        0x0 obj/osdfuncs.o
 .glue_7        0x0017449c        0x0 obj/osdcmds.o
 .glue_7        0x0017449c        0x0 obj/missing.o
 .glue_7        0x0017449c        0x0 obj/util_lib.o
 .glue_7        0x0017449c        0x0 obj/file_lib.o
 .glue_7        0x0017449c        0x0 obj/control.o
 .glue_7        0x0017449c        0x0 obj/keyboard.o
 .glue_7        0x0017449c        0x0 obj/mouse.o
 .glue_7        0x0017449c        0x0 obj/mathutil.o
 .glue_7        0x0017449c        0x0 obj/scriplib.o
 .glue_7        0x0017449c        0x0 obj/game_icon.o
 .glue_7        0x0017449c        0x0 obj/audiolib_musicstub.o
 .glue_7        0x0017449c        0x0 obj/audiolib_fxstub.o
 .glue_7        0x0017449c        0x0 eobj/libengine.a(cache1d.o)
 .glue_7        0x0017449c        0x0 eobj/libengine.a(compat.o)
 .glue_7        0x0017449c        0x0 eobj/libengine.a(crc32.o)
 .glue_7        0x0017449c        0x0 eobj/libengine.a(defs.o)
 .glue_7        0x0017449c        0x0 eobj/libengine.a(engine.o)
 .glue_7        0x0017449c        0x0 eobj/libengine.a(kplib.o)
 .glue_7        0x0017449c        0x0 eobj/libengine.a(mmulti.o)
 .glue_7        0x0017449c        0x0 eobj/libengine.a(osd.o)
 .glue_7        0x0017449c        0x0 eobj/libengine.a(pragmas.o)
 .glue_7        0x0017449c        0x0 eobj/libengine.a(scriptfile.o)
 .glue_7        0x0017449c        0x0 eobj/libengine.a(sdlayer.o)
 .glue_7        0x0017449c        0x0 eobj/libengine.a(a-c.o)
 .glue_7        0x0017449c        0x0 eobj/libengine.a(baselayer.o)
 .glue_7        0x0017449c        0x0 eobj/libengine.a(engineinfo.o)
 .glue_7        0x0017449c        0x0 /srv/preware/cross-compile/toolchain/arm-2007q3/arm-none-linux-gnueabi/libc/usr/lib/libm.so
 .glue_7        0x0017449c        0x0 /usr/local/lib/libSDL.so
 .glue_7        0x0017449c        0x0 /lib/libpthread.so.0
 .glue_7        0x0017449c        0x0 /srv/preware/cross-compile/toolchain/arm-2007q3/bin/../lib/gcc/arm-none-linux-gnueabi/4.2.1/libgcc.a(_udivsi3.o)
 .glue_7        0x0017449c        0x0 /srv/preware/cross-compile/toolchain/arm-2007q3/bin/../lib/gcc/arm-none-linux-gnueabi/4.2.1/libgcc.a(_divsi3.o)
 .glue_7        0x0017449c        0x0 /srv/preware/cross-compile/toolchain/arm-2007q3/bin/../lib/gcc/arm-none-linux-gnueabi/4.2.1/libgcc.a(_arm_addsubdf3.o)
 .glue_7        0x0017449c        0x0 /srv/preware/cross-compile/toolchain/arm-2007q3/bin/../lib/gcc/arm-none-linux-gnueabi/4.2.1/libgcc.a(_arm_muldivdf3.o)
 .glue_7        0x0017449c        0x0 /srv/preware/cross-compile/toolchain/arm-2007q3/bin/../lib/gcc/arm-none-linux-gnueabi/4.2.1/libgcc.a(_arm_fixunsdfsi.o)
 .glue_7        0x0017449c        0x0 /srv/preware/cross-compile/toolchain/arm-2007q3/bin/../lib/gcc/arm-none-linux-gnueabi/4.2.1/libgcc.a(_arm_truncdfsf2.o)
 .glue_7        0x0017449c        0x0 /srv/preware/cross-compile/toolchain/arm-2007q3/bin/../lib/gcc/arm-none-linux-gnueabi/4.2.1/libgcc.a(_arm_addsubsf3.o)
 .glue_7        0x0017449c        0x0 /srv/preware/cross-compile/toolchain/arm-2007q3/bin/../lib/gcc/arm-none-linux-gnueabi/4.2.1/libgcc.a(_aeabi_ldivmod.o)
 .glue_7        0x0017449c        0x0 /srv/preware/cross-compile/toolchain/arm-2007q3/bin/../lib/gcc/arm-none-linux-gnueabi/4.2.1/libgcc.a(_dvmd_lnx.o)
 .glue_7        0x0017449c        0x0 /srv/preware/cross-compile/toolchain/arm-2007q3/bin/../lib/gcc/arm-none-linux-gnueabi/4.2.1/libgcc.a(bpabi.o)
 .glue_7        0x0017449c        0x0 /srv/preware/cross-compile/toolchain/arm-2007q3/bin/../lib/gcc/arm-none-linux-gnueabi/4.2.1/libgcc.a(_divdi3.o)
 .glue_7        0x0017449c        0x0 /srv/preware/cross-compile/toolchain/arm-2007q3/bin/../lib/gcc/arm-none-linux-gnueabi/4.2.1/libgcc.a(_udivdi3.o)
 .glue_7        0x0017449c        0x0 /srv/preware/cross-compile/toolchain/arm-2007q3/bin/../lib/gcc/arm-none-linux-gnueabi/4.2.1/libgcc.a(_clz.o)
 .glue_7        0x0017449c        0x0 /srv/preware/cross-compile/toolchain/arm-2007q3/arm-none-linux-gnueabi/libc/lib/libgcc_s.so
 .glue_7        0x0017449c        0x0 /lib/libc.so.6
 .glue_7        0x0017449c        0x0 /usr/lib/libc_nonshared.a(elf-init.oS)
 .glue_7        0x0017449c        0x0 /usr/lib/libc_nonshared.a(atexit.oS)
 .glue_7        0x0017449c        0x0 /usr/lib/libc_nonshared.a(stat.oS)
 .glue_7        0x0017449c        0x0 /usr/lib/libc_nonshared.a(fstat.oS)
 .glue_7        0x0017449c        0x0 /lib/ld-linux.so.3
 .glue_7        0x0017449c        0x0 /srv/preware/cross-compile/toolchain/arm-2007q3/arm-none-linux-gnueabi/libc/lib/libgcc_s.so
 .glue_7        0x0017449c        0x0 /srv/preware/cross-compile/toolchain/arm-2007q3/bin/../lib/gcc/arm-none-linux-gnueabi/4.2.1/crtend.o
 .glue_7        0x0017449c        0x0 /srv/preware/cross-compile/toolchain/arm-2007q3/bin/../arm-none-linux-gnueabi/libc/usr/lib/crtn.o
 *(.vfp11_veneer)
 .vfp11_veneer  0x0017449c        0x0 /srv/preware/cross-compile/toolchain/arm-2007q3/bin/../arm-none-linux-gnueabi/libc/usr/lib/crt1.o
 .vfp11_veneer  0x0017449c        0x0 /srv/preware/cross-compile/toolchain/arm-2007q3/bin/../arm-none-linux-gnueabi/libc/usr/lib/crti.o
 .vfp11_veneer  0x0017449c        0x0 /srv/preware/cross-compile/toolchain/arm-2007q3/bin/../lib/gcc/arm-none-linux-gnueabi/4.2.1/crtbegin.o
 .vfp11_veneer  0x0017449c        0x0 obj/game.o
 .vfp11_veneer  0x0017449c        0x0 obj/actors.o
 .vfp11_veneer  0x0017449c        0x0 obj/gamedef.o
 .vfp11_veneer  0x0017449c        0x0 obj/global.o
 .vfp11_veneer  0x0017449c        0x0 obj/menues.o
 .vfp11_veneer  0x0017449c        0x0 obj/player.o
 .vfp11_veneer  0x0017449c        0x0 obj/premap.o
 .vfp11_veneer  0x0017449c        0x0 obj/sector.o
 .vfp11_veneer  0x0017449c        0x0 obj/sounds.o
 .vfp11_veneer  0x0017449c        0x0 obj/rts.o
 .vfp11_veneer  0x0017449c        0x0 obj/config.o
 .vfp11_veneer  0x0017449c        0x0 obj/animlib.o
 .vfp11_veneer  0x0017449c        0x0 obj/testcd.o
 .vfp11_veneer  0x0017449c        0x0 obj/osdfuncs.o
 .vfp11_veneer  0x0017449c        0x0 obj/osdcmds.o
 .vfp11_veneer  0x0017449c        0x0 obj/missing.o
 .vfp11_veneer  0x0017449c        0x0 obj/util_lib.o
 .vfp11_veneer  0x0017449c        0x0 obj/file_lib.o
 .vfp11_veneer  0x0017449c        0x0 obj/control.o
 .vfp11_veneer  0x0017449c        0x0 obj/keyboard.o
 .vfp11_veneer  0x0017449c        0x0 obj/mouse.o
 .vfp11_veneer  0x0017449c        0x0 obj/mathutil.o
 .vfp11_veneer  0x0017449c        0x0 obj/scriplib.o
 .vfp11_veneer  0x0017449c        0x0 obj/game_icon.o
 .vfp11_veneer  0x0017449c        0x0 obj/audiolib_musicstub.o
 .vfp11_veneer  0x0017449c        0x0 obj/audiolib_fxstub.o
 .vfp11_veneer  0x0017449c        0x0 eobj/libengine.a(cache1d.o)
 .vfp11_veneer  0x0017449c        0x0 eobj/libengine.a(compat.o)
 .vfp11_veneer  0x0017449c        0x0 eobj/libengine.a(crc32.o)
 .vfp11_veneer  0x0017449c        0x0 eobj/libengine.a(defs.o)
 .vfp11_veneer  0x0017449c        0x0 eobj/libengine.a(engine.o)
 .vfp11_veneer  0x0017449c        0x0 eobj/libengine.a(kplib.o)
 .vfp11_veneer  0x0017449c        0x0 eobj/libengine.a(mmulti.o)
 .vfp11_veneer  0x0017449c        0x0 eobj/libengine.a(osd.o)
 .vfp11_veneer  0x0017449c        0x0 eobj/libengine.a(pragmas.o)
 .vfp11_veneer  0x0017449c        0x0 eobj/libengine.a(scriptfile.o)
 .vfp11_veneer  0x0017449c        0x0 eobj/libengine.a(sdlayer.o)
 .vfp11_veneer  0x0017449c        0x0 eobj/libengine.a(a-c.o)
 .vfp11_veneer  0x0017449c        0x0 eobj/libengine.a(baselayer.o)
 .vfp11_veneer  0x0017449c        0x0 eobj/libengine.a(engineinfo.o)
 .vfp11_veneer  0x0017449c        0x0 /srv/preware/cross-compile/toolchain/arm-2007q3/arm-none-linux-gnueabi/libc/usr/lib/libm.so
 .vfp11_veneer  0x0017449c        0x0 /usr/local/lib/libSDL.so
 .vfp11_veneer  0x0017449c        0x0 /lib/libpthread.so.0
 .vfp11_veneer  0x0017449c        0x0 /srv/preware/cross-compile/toolchain/arm-2007q3/bin/../lib/gcc/arm-none-linux-gnueabi/4.2.1/libgcc.a(_udivsi3.o)
 .vfp11_veneer  0x0017449c        0x0 /srv/preware/cross-compile/toolchain/arm-2007q3/bin/../lib/gcc/arm-none-linux-gnueabi/4.2.1/libgcc.a(_divsi3.o)
 .vfp11_veneer  0x0017449c        0x0 /srv/preware/cross-compile/toolchain/arm-2007q3/bin/../lib/gcc/arm-none-linux-gnueabi/4.2.1/libgcc.a(_arm_addsubdf3.o)
 .vfp11_veneer  0x0017449c        0x0 /srv/preware/cross-compile/toolchain/arm-2007q3/bin/../lib/gcc/arm-none-linux-gnueabi/4.2.1/libgcc.a(_arm_muldivdf3.o)
 .vfp11_veneer  0x0017449c        0x0 /srv/preware/cross-compile/toolchain/arm-2007q3/bin/../lib/gcc/arm-none-linux-gnueabi/4.2.1/libgcc.a(_arm_fixunsdfsi.o)
 .vfp11_veneer  0x0017449c        0x0 /srv/preware/cross-compile/toolchain/arm-2007q3/bin/../lib/gcc/arm-none-linux-gnueabi/4.2.1/libgcc.a(_arm_truncdfsf2.o)
 .vfp11_veneer  0x0017449c        0x0 /srv/preware/cross-compile/toolchain/arm-2007q3/bin/../lib/gcc/arm-none-linux-gnueabi/4.2.1/libgcc.a(_arm_addsubsf3.o)
 .vfp11_veneer  0x0017449c        0x0 /srv/preware/cross-compile/toolchain/arm-2007q3/bin/../lib/gcc/arm-none-linux-gnueabi/4.2.1/libgcc.a(_aeabi_ldivmod.o)
 .vfp11_veneer  0x0017449c        0x0 /srv/preware/cross-compile/toolchain/arm-2007q3/bin/../lib/gcc/arm-none-linux-gnueabi/4.2.1/libgcc.a(_dvmd_lnx.o)
 .vfp11_veneer  0x0017449c        0x0 /srv/preware/cross-compile/toolchain/arm-2007q3/bin/../lib/gcc/arm-none-linux-gnueabi/4.2.1/libgcc.a(bpabi.o)
 .vfp11_veneer  0x0017449c        0x0 /srv/preware/cross-compile/toolchain/arm-2007q3/bin/../lib/gcc/arm-none-linux-gnueabi/4.2.1/libgcc.a(_divdi3.o)
 .vfp11_veneer  0x0017449c        0x0 /srv/preware/cross-compile/toolchain/arm-2007q3/bin/../lib/gcc/arm-none-linux-gnueabi/4.2.1/libgcc.a(_udivdi3.o)
 .vfp11_veneer  0x0017449c        0x0 /srv/preware/cross-compile/toolchain/arm-2007q3/bin/../lib/gcc/arm-none-linux-gnueabi/4.2.1/libgcc.a(_clz.o)
 .vfp11_veneer  0x0017449c        0x0 /srv/preware/cross-compile/toolchain/arm-2007q3/arm-none-linux-gnueabi/libc/lib/libgcc_s.so
 .vfp11_veneer  0x0017449c        0x0 /lib/libc.so.6
 .vfp11_veneer  0x0017449c        0x0 /usr/lib/libc_nonshared.a(elf-init.oS)
 .vfp11_veneer  0x0017449c        0x0 /usr/lib/libc_nonshared.a(atexit.oS)
 .vfp11_veneer  0x0017449c        0x0 /usr/lib/libc_nonshared.a(stat.oS)
 .vfp11_veneer  0x0017449c        0x0 /usr/lib/libc_nonshared.a(fstat.oS)
 .vfp11_veneer  0x0017449c        0x0 /lib/ld-linux.so.3
 .vfp11_veneer  0x0017449c        0x0 /srv/preware/cross-compile/toolchain/arm-2007q3/arm-none-linux-gnueabi/libc/lib/libgcc_s.so
 .vfp11_veneer  0x0017449c        0x0 /srv/preware/cross-compile/toolchain/arm-2007q3/bin/../lib/gcc/arm-none-linux-gnueabi/4.2.1/crtend.o
 .vfp11_veneer  0x0017449c        0x0 /srv/preware/cross-compile/toolchain/arm-2007q3/bin/../arm-none-linux-gnueabi/libc/usr/lib/crtn.o

.fini           0x0017449c        0x8
 *(.fini)
 .fini          0x0017449c        0x4 /srv/preware/cross-compile/toolchain/arm-2007q3/bin/../arm-none-linux-gnueabi/libc/usr/lib/crti.o
                0x0017449c                _fini
 .fini          0x001744a0        0x4 /srv/preware/cross-compile/toolchain/arm-2007q3/bin/../arm-none-linux-gnueabi/libc/usr/lib/crtn.o
                0x001744a4                PROVIDE (__etext, .)
                0x001744a4                PROVIDE (_etext, .)
                0x001744a4                PROVIDE (etext, .)

.rodata         0x001744a4     0x7804
 *(.rodata .rodata.* .gnu.linkonce.r.*)
 .rodata.cst4   0x001744a4        0x4 /srv/preware/cross-compile/toolchain/arm-2007q3/bin/../arm-none-linux-gnueabi/libc/usr/lib/crt1.o
                0x001744a4                _IO_stdin_used
 .rodata        0x001744a8     0x1420 obj/game.o
 .rodata        0x001758c8       0x5c obj/actors.o
 .rodata        0x00175924     0x1210 obj/gamedef.o
 .rodata        0x00176b34     0x163c obj/menues.o
 .rodata        0x00178170      0x11c obj/player.o
 .rodata        0x0017828c      0x17c obj/premap.o
 .rodata        0x00178408       0x14 obj/sector.o
 .rodata        0x0017841c       0xb8 obj/sounds.o
 .rodata        0x001784d4      0x130 obj/rts.o
 .rodata        0x00178604      0x91c obj/config.o
 .rodata        0x00178f20       0x80 obj/animlib.o
 .rodata        0x00178fa0      0x5b0 obj/osdcmds.o
 .rodata        0x00179550       0x6c obj/util_lib.o
 .rodata        0x001795bc       0xd0 obj/file_lib.o
 .rodata        0x0017968c      0x100 obj/control.o
 .rodata        0x0017978c      0x23c obj/keyboard.o
 .rodata        0x001799c8      0x120 obj/scriplib.o
 .rodata        0x00179ae8      0x110 obj/audiolib_musicstub.o
 .rodata        0x00179bf8       0x90 obj/audiolib_fxstub.o
 .rodata        0x00179c88      0x214 eobj/libengine.a(cache1d.o)
 .rodata        0x00179e9c      0x124 eobj/libengine.a(compat.o)
 .rodata        0x00179fc0      0x884 eobj/libengine.a(defs.o)
 .rodata        0x0017a844      0x164 eobj/libengine.a(engine.o)
 .rodata        0x0017a9a8       0x84 eobj/libengine.a(kplib.o)
 .rodata        0x0017aa2c       0xf4 eobj/libengine.a(mmulti.o)
 .rodata        0x0017ab20      0x604 eobj/libengine.a(osd.o)
 .rodata        0x0017b124       0x20 eobj/libengine.a(pragmas.o)
 .rodata        0x0017b144       0xe0 eobj/libengine.a(scriptfile.o)
 .rodata        0x0017b224      0x65c eobj/libengine.a(sdlayer.o)
 .rodata        0x0017b880      0x14c eobj/libengine.a(baselayer.o)
 .rodata        0x0017b9cc      0x1dc eobj/libengine.a(engineinfo.o)
                0x0017b9cc                _engine_cflags
                0x0017bb6c                _engine_compiler
                0x0017bb0c                _engine_uname
                0x0017bacc                _engine_libs
                0x0017bb90                _engine_date
 .rodata        0x0017bba8      0x100 /srv/preware/cross-compile/toolchain/arm-2007q3/bin/../lib/gcc/arm-none-linux-gnueabi/4.2.1/libgcc.a(_clz.o)
                0x0017bba8                __clz_tab

.rodata1
 *(.rodata1)

.ARM.extab      0x0017bca8        0x0
 *(.ARM.extab* .gnu.linkonce.armextab.*)
 .ARM.extab     0x0017bca8        0x0 /srv/preware/cross-compile/toolchain/arm-2007q3/bin/../arm-none-linux-gnueabi/libc/usr/lib/crt1.o
 .ARM.extab     0x0017bca8        0x0 /srv/preware/cross-compile/toolchain/arm-2007q3/bin/../lib/gcc/arm-none-linux-gnueabi/4.2.1/libgcc.a(_divdi3.o)
 .ARM.extab     0x0017bca8        0x0 /srv/preware/cross-compile/toolchain/arm-2007q3/bin/../lib/gcc/arm-none-linux-gnueabi/4.2.1/libgcc.a(_udivdi3.o)
                0x0017bca8                __exidx_start = .

.ARM.exidx      0x0017bca8       0x18
 *(.ARM.exidx* .gnu.linkonce.armexidx.*)
 .ARM.exidx     0x0017bca8        0x8 /srv/preware/cross-compile/toolchain/arm-2007q3/bin/../arm-none-linux-gnueabi/libc/usr/lib/crt1.o
 .ARM.exidx     0x0017bcb0        0x8 /srv/preware/cross-compile/toolchain/arm-2007q3/bin/../lib/gcc/arm-none-linux-gnueabi/4.2.1/libgcc.a(_divdi3.o)
 .ARM.exidx     0x0017bcb8        0x8 /srv/preware/cross-compile/toolchain/arm-2007q3/bin/../lib/gcc/arm-none-linux-gnueabi/4.2.1/libgcc.a(_udivdi3.o)
                0x0017bcc0                __exidx_end = .

.eh_frame_hdr
 *(.eh_frame_hdr)

.eh_frame       0x0017bcc0        0x4
 *(.eh_frame)
 .eh_frame      0x0017bcc0        0x4 /srv/preware/cross-compile/toolchain/arm-2007q3/bin/../lib/gcc/arm-none-linux-gnueabi/4.2.1/crtend.o

.gcc_except_table
 *(.gcc_except_table .gcc_except_table.*)
                0x0017bcc4                . = (ALIGN (0x8000) - ((0x8000 - .) & 0x7fff))
                0x00184000                . = (0x8000 DATA_SEGMENT_ALIGN 0x1000)

.eh_frame
 *(.eh_frame)

.gcc_except_table
 *(.gcc_except_table .gcc_except_table.*)

.tdata
 *(.tdata .tdata.* .gnu.linkonce.td.*)

.tbss
 *(.tbss .tbss.* .gnu.linkonce.tb.*)
 *(.tcommon)

.preinit_array  0x00184000        0x0
                0x00184000                PROVIDE (__preinit_array_start, .)
 *(.preinit_array)
                0x00184000                PROVIDE (__preinit_array_end, .)

.init_array     0x00184000        0x4
                0x00184000                PROVIDE (__init_array_start, .)
 *(SORT(.init_array.*))
 *(.init_array)
 .init_array    0x00184000        0x4 /srv/preware/cross-compile/toolchain/arm-2007q3/bin/../lib/gcc/arm-none-linux-gnueabi/4.2.1/crtbegin.o
                0x00184004                PROVIDE (__init_array_end, .)

.fini_array     0x00184004        0x4
                0x00184004                PROVIDE (__fini_array_start, .)
 *(.fini_array)
 .fini_array    0x00184004        0x4 /srv/preware/cross-compile/toolchain/arm-2007q3/bin/../lib/gcc/arm-none-linux-gnueabi/4.2.1/crtbegin.o
 *(SORT(.fini_array.*))
                0x00184008                PROVIDE (__fini_array_end, .)

.ctors
 *crtbegin.o(.ctors)
 *crtbegin?.o(.ctors)
 *(EXCLUDE_FILE(*crtend?.o *crtend.o) .ctors)
 *(SORT(.ctors.*))
 *(.ctors)

.dtors
 *crtbegin.o(.dtors)
 *crtbegin?.o(.dtors)
 *(EXCLUDE_FILE(*crtend?.o *crtend.o) .dtors)
 *(SORT(.dtors.*))
 *(.dtors)

.jcr            0x00184008        0x4
 *(.jcr)
 .jcr           0x00184008        0x0 /srv/preware/cross-compile/toolchain/arm-2007q3/bin/../lib/gcc/arm-none-linux-gnueabi/4.2.1/crtbegin.o
 .jcr           0x00184008        0x4 /srv/preware/cross-compile/toolchain/arm-2007q3/bin/../lib/gcc/arm-none-linux-gnueabi/4.2.1/crtend.o

.data.rel.ro
 *(.data.rel.ro.local* .gnu.linkonce.d.rel.ro.local.*)
 *(.data.rel.ro* .gnu.linkonce.d.rel.ro.*)

.dynamic        0x0018400c      0x110
 *(.dynamic)
 .dynamic       0x0018400c      0x110 /srv/preware/cross-compile/toolchain/arm-2007q3/bin/../arm-none-linux-gnueabi/libc/usr/lib/crti.o
                0x0018400c                _DYNAMIC
                0x0018411c                . = (. DATA_SEGMENT_RELRO_END 0x0)

.got            0x0018411c      0x1f4
 *(.got.plt)
 .got.plt       0x0018411c      0x1e8 /srv/preware/cross-compile/toolchain/arm-2007q3/bin/../arm-none-linux-gnueabi/libc/usr/lib/crti.o
                0x0018411c                _GLOBAL_OFFSET_TABLE_
 *(.got)
 .got           0x00184304        0xc /srv/preware/cross-compile/toolchain/arm-2007q3/bin/../arm-none-linux-gnueabi/libc/usr/lib/crti.o

.data           0x00184310     0x5974
                0x00184310                __data_start = .
 *(.data .data.* .gnu.linkonce.d.*)
 .data          0x00184310        0x4 /srv/preware/cross-compile/toolchain/arm-2007q3/bin/../arm-none-linux-gnueabi/libc/usr/lib/crt1.o
                0x00184310                data_start
 .data          0x00184314        0x0 /srv/preware/cross-compile/toolchain/arm-2007q3/bin/../arm-none-linux-gnueabi/libc/usr/lib/crti.o
 .data          0x00184314        0x4 /srv/preware/cross-compile/toolchain/arm-2007q3/bin/../lib/gcc/arm-none-linux-gnueabi/4.2.1/crtbegin.o
                0x00184314                __dso_handle
 .data          0x00184318      0x204 obj/game.o
                0x00184398                sendmessagecommand
                0x00184318                confilename
                0x00184518                which_demo
                0x001843a8                cheatquotes
                0x00184514                startwin_labeltext
 .data          0x0018451c        0x0 obj/actors.o
 .data          0x0018451c      0x2e8 obj/gamedef.o
                0x001847f8                defaultcons
                0x0018451c                conversion
 .data          0x00184804      0x168 obj/global.o
                0x00184968                bufferjitter
                0x0018495c                dukefriction
                0x0018480a                volume_names
                0x0018488e                skill_names
                0x00184938                respawnitemtime
                0x00184960                networkmode
                0x00184964                numfreezebounces
                0x00184961                movesperpacket
                0x00184808                spriteqamount
                0x0018493c                weaponsandammosprites
                0x00184934                respawnactortime
                0x00184804                gc
 .data          0x0018496c       0x80 obj/menues.o
                0x0018496c                globalskillsound
                0x001849c8                lastsavedpos
 .data          0x001849ec      0x258 obj/player.o
                0x001849ec                weapon_sprites
 .data          0x00184c44        0x4 obj/premap.o
                0x00184c46                useprecache
 .data          0x00184c48        0x0 obj/sector.o
 .data          0x00184c48        0x0 obj/sounds.o
 .data          0x00184c48        0x0 obj/rts.o
 .data          0x00184c48      0x63c obj/config.o
                0x00185178                ScreenHeight
                0x00184c48                gamefunctions
                0x0018517c                ScreenBPP
                0x00185174                ScreenWidth
                0x00185170                ScreenMode
 .data          0x00185284        0x0 obj/animlib.o
 .data          0x00185284        0x0 obj/testcd.o
 .data          0x00185284        0x0 obj/osdfuncs.o
 .data          0x00185284        0x0 obj/osdcmds.o
 .data          0x00185284        0x0 obj/missing.o
 .data          0x00185284        0x0 obj/util_lib.o
 .data          0x00185284        0x0 obj/file_lib.o
 .data          0x00185284       0x28 obj/control.o
 .data          0x001852ac      0x338 obj/keyboard.o
 .data          0x001855e4        0x0 obj/mouse.o
 .data          0x001855e4        0x0 obj/mathutil.o
 .data          0x001855e4        0x0 obj/scriplib.o
 .data          0x001855e4     0x27f0 obj/game_icon.o
                0x00187dbc                sdlappicon
 .data          0x00187dd4        0x0 obj/audiolib_musicstub.o
 .data          0x00187dd4        0x0 obj/audiolib_fxstub.o
 .data          0x00187dd4      0x21c eobj/libengine.a(cache1d.o)
 .data          0x00187ff0        0x0 eobj/libengine.a(compat.o)
 .data          0x00187ff0        0x0 eobj/libengine.a(crc32.o)
 .data          0x00187ff0      0x308 eobj/libengine.a(defs.o)
 .data          0x001882f8     0x15e0 eobj/libengine.a(engine.o)
                0x001898cc                clipmoveboxtracenum
                0x001898d0                drawlinepat
                0x001893b8                hitscangoaly
                0x001883a0                textfont
                0x00188318                pow2char
                0x001882fc                dommxoverlay
                0x001893a0                engineerrstr
                0x00188320                pow2long
                0x001893bc                vgapal16
                0x00188314                mapversion
                0x001897c0                msens
                0x001897bc                searchx
                0x00188ba0                smalltextfont
                0x001893a8                xdimen
                0x00188300                beforedrawrooms
                0x001897cc                apptitle
                0x001893b4                hitscangoalx
 .data          0x001898d8      0x190 eobj/libengine.a(kplib.o)
 .data          0x00189a68        0xc eobj/libengine.a(mmulti.o)
 .data          0x00189a74       0x44 eobj/libengine.a(osd.o)
 .data          0x00189ab8        0x0 eobj/libengine.a(pragmas.o)
 .data          0x00189ab8        0x0 eobj/libengine.a(scriptfile.o)
 .data          0x00189ab8      0x1c8 eobj/libengine.a(sdlayer.o)
                0x00189ac0                appactive
                0x00189ac8                yres
                0x00189ac4                xres
                0x00189abc                _buildargc
                0x00189acc                modechange
                0x00189ab8                drawoverlay
 .data          0x00189c80        0x0 eobj/libengine.a(a-c.o)
 .data          0x00189c80        0x4 eobj/libengine.a(baselayer.o)
                0x00189c80                baselayer_onvideomodechange
 .data          0x00189c84        0x0 eobj/libengine.a(engineinfo.o)
 .data          0x00189c84        0x0 /srv/preware/cross-compile/toolchain/arm-2007q3/bin/../lib/gcc/arm-none-linux-gnueabi/4.2.1/libgcc.a(_udivsi3.o)